Running initial guess perturbation 9
Coil 0: RMS error: 0.000006, Relative: 0.000004
Max point error: 0.000032, Min point error: 0.000000
Coil 1: RMS error: 0.000004, Relative: 0.000003
Max point error: 0.000020, Min point error: 0.000000
Coil 2: RMS error: 0.000004, Relative: 0.000002
Max point error: 0.000022, Min point error: 0.000000
Overall fit errors: [6.1157595064441386e-06, 3.6663234813957947e-06, 4.040595213144372e-06]
Mean fit error: 0.000005

################################################################################
### Perform a Taylor test ######################################################
################################################################################

Iteration 1/2000-----
J=3.7e-01, ⟨Jf⟩=5.2e-02, ⟨B·n⟩=5.6e-02, Len=sum([5.7, 5.3, 5.7])=16.7, ϰ=[13.8, 4.4, 8.1], ∫ϰ²/L>=[9.5, 3.3, 3.8], C-C-Sep=0.04, ║∇J║=1.2e+01
-----On 10/20 Initial Guess Perturbations
Iteration 2/2000-----
J=3.7e-01, ⟨Jf⟩=5.2e-02, ⟨B·n⟩=5.6e-02, Len=sum([5.7, 5.3, 5.7])=16.7, ϰ=[13.7, 12.8, 8.6], ∫ϰ²/L>=[11.1, 6.8, 5.5], C-C-Sep=0.04, ║∇J║=1.3e+01
-----On 10/20 Initial Guess Perturbations
Iteration 3/2000-----
J=3.7e-01, ⟨Jf⟩=5.2e-02, ⟨B·n⟩=5.6e-02, Len=sum([5.7, 5.3, 5.7])=16.7, ϰ=[15.7, 8.9, 7.6], ∫ϰ²/L>=[11.6, 6.1, 5.3], C-C-Sep=0.04, ║∇J║=1.2e+01
-----On 10/20 Initial Guess Perturbations
err -0.17569647856457582
Iteration 4/2000-----
J=3.7e-01, ⟨Jf⟩=5.2e-02, ⟨B·n⟩=5.6e-02, Len=sum([5.7, 5.3, 5.7])=16.7, ϰ=[13.8, 4.4, 8.1], ∫ϰ²/L>=[9.5, 3.3, 3.8], C-C-Sep=0.04, ║∇J║=1.2e+01
-----On 10/20 Initial Guess Perturbations
Iteration 5/2000-----
J=3.7e-01, ⟨Jf⟩=5.2e-02, ⟨B·n⟩=5.6e-02, Len=sum([5.7, 5.3, 5.7])=16.7, ϰ=[13.8, 4.3, 8.0], ∫ϰ²/L>=[9.6, 3.3, 3.8], C-C-Sep=0.04, ║∇J║=1.2e+01
-----On 10/20 Initial Guess Perturbations
err -0.0018521703787870436
slurmstepd: error: *** JOB 65237859 ON cl004 CANCELLED AT 2025-08-20T01:19:01 ***
