Running initial guess perturbation 6
Coil 0: RMS error: 0.000005, Relative: 0.000003
Max point error: 0.000025, Min point error: 0.000000
Coil 1: RMS error: 0.000004, Relative: 0.000002
Max point error: 0.000019, Min point error: 0.000000
Coil 2: RMS error: 0.000005, Relative: 0.000004
Max point error: 0.000030, Min point error: 0.000000
Overall fit errors: [5.228119107869163e-06, 3.7738699134964934e-06, 5.49206334520583e-06]
Mean fit error: 0.000005

################################################################################
### Perform a Taylor test ######################################################
################################################################################

Iteration 1/2000-----
J=4.4e-01, ⟨Jf⟩=5.0e-02, ⟨B·n⟩=5.5e-02, Len=sum([5.9, 5.4, 5.4])=16.8, ϰ=[12.2, 5.7, 20.9], ∫ϰ²/L>=[7.4, 3.4, 12.3], C-C-Sep=0.05, ║∇J║=1.6e+01
-----On 7/20 Initial Guess Perturbations
Iteration 2/2000-----
J=4.4e-01, ⟨Jf⟩=5.0e-02, ⟨B·n⟩=5.5e-02, Len=sum([5.9, 5.5, 5.4])=16.8, ϰ=[13.2, 10.1, 23.9], ∫ϰ²/L>=[9.5, 6.2, 15.4], C-C-Sep=0.05, ║∇J║=1.6e+01
-----On 7/20 Initial Guess Perturbations
Iteration 3/2000-----
J=4.4e-01, ⟨Jf⟩=5.0e-02, ⟨B·n⟩=5.5e-02, Len=sum([5.9, 5.5, 5.4])=16.8, ϰ=[11.5, 7.7, 18.6], ∫ϰ²/L>=[8.4, 5.9, 14.5], C-C-Sep=0.05, ║∇J║=1.6e+01
-----On 7/20 Initial Guess Perturbations
err -0.16979768669066408
Iteration 4/2000-----
J=4.4e-01, ⟨Jf⟩=5.0e-02, ⟨B·n⟩=5.5e-02, Len=sum([5.9, 5.4, 5.4])=16.8, ϰ=[12.3, 5.7, 21.2], ∫ϰ²/L>=[7.5, 3.5, 12.3], C-C-Sep=0.05, ║∇J║=1.6e+01
-----On 7/20 Initial Guess Perturbations
Iteration 5/2000-----
J=4.4e-01, ⟨Jf⟩=5.0e-02, ⟨B·n⟩=5.5e-02, Len=sum([5.9, 5.4, 5.4])=16.8, ϰ=[12.1, 5.6, 20.6], ∫ϰ²/L>=[7.4, 3.5, 12.3], C-C-Sep=0.05, ║∇J║=1.6e+01
-----On 7/20 Initial Guess Perturbations
err -0.0017914461395034387
Iteration 6/2000-----
J=4.4e-01, ⟨Jf⟩=5.0e-02, ⟨B·n⟩=5.5e-02, Len=sum([5.9, 5.4, 5.4])=16.8, ϰ=[12.2, 5.7, 20.9], ∫ϰ²/L>=[7.4, 3.4, 12.3], C-C-Sep=0.05, ║∇J║=1.6e+01
-----On 7/20 Initial Guess Perturbations
slurmstepd: error: *** JOB 65237856 ON cl004 CANCELLED AT 2025-08-20T01:19:01 ***
