Running initial guess perturbation 8
Coil 0: RMS error: 0.000004, Relative: 0.000003
Max point error: 0.000023, Min point error: 0.000000
Coil 1: RMS error: 0.000007, Relative: 0.000004
Max point error: 0.000035, Min point error: 0.000000
Coil 2: RMS error: 0.000005, Relative: 0.000003
Max point error: 0.000025, Min point error: 0.000000
Overall fit errors: [4.134441935420038e-06, 6.6796401994348136e-06, 4.862246367069633e-06]
Mean fit error: 0.000005

################################################################################
### Perform a Taylor test ######################################################
################################################################################

Iteration 1/2000-----
J=5.2e-01, ⟨Jf⟩=4.4e-02, ⟨B·n⟩=5.2e-02, Len=sum([5.8, 6.0, 5.4])=17.1, ϰ=[10.6, 7.1, 7.4], ∫ϰ²/L>=[2.9, 5.4, 5.8], C-C-Sep=0.04, ║∇J║=1.8e+01
-----On 9/20 Initial Guess Perturbations
Iteration 2/2000-----
J=5.3e-01, ⟨Jf⟩=4.4e-02, ⟨B·n⟩=5.1e-02, Len=sum([5.8, 6.0, 5.4])=17.2, ϰ=[11.4, 9.9, 10.1], ∫ϰ²/L>=[5.0, 7.4, 8.0], C-C-Sep=0.04, ║∇J║=1.8e+01
-----On 9/20 Initial Guess Perturbations
Iteration 3/2000-----
J=5.2e-01, ⟨Jf⟩=4.4e-02, ⟨B·n⟩=5.2e-02, Len=sum([5.8, 6.0, 5.4])=17.2, ϰ=[10.3, 7.0, 7.7], ∫ϰ²/L>=[4.7, 6.9, 8.0], C-C-Sep=0.04, ║∇J║=1.8e+01
-----On 9/20 Initial Guess Perturbations
err -0.16925827902221613
Iteration 4/2000-----
J=5.3e-01, ⟨Jf⟩=4.4e-02, ⟨B·n⟩=5.2e-02, Len=sum([5.8, 6.0, 5.4])=17.1, ϰ=[10.6, 7.3, 7.4], ∫ϰ²/L>=[2.9, 5.4, 5.8], C-C-Sep=0.04, ║∇J║=1.8e+01
-----On 9/20 Initial Guess Perturbations
Iteration 5/2000-----
J=5.2e-01, ⟨Jf⟩=4.4e-02, ⟨B·n⟩=5.2e-02, Len=sum([5.8, 6.0, 5.4])=17.1, ϰ=[10.5, 6.9, 7.5], ∫ϰ²/L>=[2.9, 5.4, 5.8], C-C-Sep=0.04, ║∇J║=1.8e+01
-----On 9/20 Initial Guess Perturbations
err -0.0017099735075847278
slurmstepd: error: *** JOB 65237858 ON cl004 CANCELLED AT 2025-08-20T01:19:01 ***
