Running initial guess perturbation 0

################################################################################
### Perform a Taylor test ######################################################
################################################################################

Iteration 1/1-----
J=3.8e-01, Jf=3.5e-01, ⟨B·n⟩=2.6e-01, Len=sum([3.4, 3.1, 3.2, 3.6])=13.4, ϰ=[64.8, 209.9, 51.8, 9.9], ∫ϰ²/L=[48.7, 124.9, 32.6, 9.3], C-C-Sep=0.01, ║∇J║=1.1e+01
-----On 1/20 Initial Guess Perturbations
Iteration 2/1-----
J=3.9e-01, Jf=3.5e-01, ⟨B·n⟩=2.6e-01, Len=sum([3.5, 3.2, 3.2, 3.7])=13.5, ϰ=[53.9, 244.6, 52.3, 30.5], ∫ϰ²/L=[60.6, 173.8, 62.2, 27.3], C-C-Sep=0.01, ║∇J║=1.8e+01
-----On 1/20 Initial Guess Perturbations
Iteration 3/1-----
J=3.9e-01, Jf=3.5e-01, ⟨B·n⟩=2.6e-01, Len=sum([3.5, 3.2, 3.2, 3.7])=13.5, ϰ=[100.0, 215.0, 61.1, 25.7], ∫ϰ²/L=[72.5, 154.5, 57.7, 24.3], C-C-Sep=0.01, ║∇J║=1.4e+01
-----On 1/20 Initial Guess Perturbations
err 0.5646460550506194
Iteration 4/1-----
J=3.8e-01, Jf=3.5e-01, ⟨B·n⟩=2.6e-01, Len=sum([3.4, 3.1, 3.2, 3.6])=13.4, ϰ=[62.7, 213.1, 51.3, 9.8], ∫ϰ²/L=[48.4, 125.8, 32.8, 9.5], C-C-Sep=0.01, ║∇J║=1.2e+01
-----On 1/20 Initial Guess Perturbations
Iteration 5/1-----
J=3.8e-01, Jf=3.5e-01, ⟨B·n⟩=2.6e-01, Len=sum([3.4, 3.1, 3.2, 3.6])=13.4, ϰ=[67.0, 206.8, 52.2, 9.9], ∫ϰ²/L=[49.4, 124.6, 32.8, 9.5], C-C-Sep=0.01, ║∇J║=1.1e+01
-----On 1/20 Initial Guess Perturbations
err 0.006980367446466351
Iteration 6/1-----
J=3.8e-01, Jf=3.5e-01, ⟨B·n⟩=2.6e-01, Len=sum([3.4, 3.1, 3.2, 3.6])=13.4, ϰ=[64.6, 210.2, 51.7, 9.8], ∫ϰ²/L=[48.7, 124.9, 32.6, 9.3], C-C-Sep=0.01, ║∇J║=1.1e+01
-----On 1/20 Initial Guess Perturbations
Iteration 7/1-----
J=3.8e-01, Jf=3.5e-01, ⟨B·n⟩=2.6e-01, Len=sum([3.4, 3.1, 3.2, 3.6])=13.4, ϰ=[65.0, 209.6, 51.8, 9.9], ∫ϰ²/L=[48.8, 124.8, 32.6, 9.3], C-C-Sep=0.01, ║∇J║=1.1e+01
-----On 1/20 Initial Guess Perturbations
err 7.092976696321251e-05
Iteration 8/1-----
J=3.8e-01, Jf=3.5e-01, ⟨B·n⟩=2.6e-01, Len=sum([3.4, 3.1, 3.2, 3.6])=13.4, ϰ=[64.8, 210.0, 51.8, 9.9], ∫ϰ²/L=[48.7, 124.9, 32.6, 9.3], C-C-Sep=0.01, ║∇J║=1.1e+01
-----On 1/20 Initial Guess Perturbations
Iteration 9/1-----
J=3.8e-01, Jf=3.5e-01, ⟨B·n⟩=2.6e-01, Len=sum([3.4, 3.1, 3.2, 3.6])=13.4, ϰ=[64.8, 209.9, 51.8, 9.9], ∫ϰ²/L=[48.7, 124.9, 32.6, 9.3], C-C-Sep=0.01, ║∇J║=1.1e+01
-----On 1/20 Initial Guess Perturbations
err 7.05676531653765e-07
Iteration 10/1-----
J=3.8e-01, Jf=3.5e-01, ⟨B·n⟩=2.6e-01, Len=sum([3.4, 3.1, 3.2, 3.6])=13.4, ϰ=[64.8, 209.9, 51.8, 9.9], ∫ϰ²/L=[48.7, 124.9, 32.6, 9.3], C-C-Sep=0.01, ║∇J║=1.1e+01
-----On 1/20 Initial Guess Perturbations
Iteration 11/1-----
J=3.8e-01, Jf=3.5e-01, ⟨B·n⟩=2.6e-01, Len=sum([3.4, 3.1, 3.2, 3.6])=13.4, ϰ=[64.8, 209.9, 51.8, 9.9], ∫ϰ²/L=[48.7, 124.9, 32.6, 9.3], C-C-Sep=0.01, ║∇J║=1.1e+01
-----On 1/20 Initial Guess Perturbations
err 7.068693408385229e-09

################################################################################
### Run the optimisation #######################################################
################################################################################

Iteration 1/1-----
J=3.8e-01, Jf=3.5e-01, ⟨B·n⟩=2.6e-01, Len=sum([3.4, 3.1, 3.2, 3.6])=13.4, ϰ=[64.8, 209.9, 51.8, 9.9], ∫ϰ²/L=[48.7, 124.9, 32.6, 9.3], C-C-Sep=0.01, ║∇J║=1.1e+01
-----On 1/20 Initial Guess Perturbations
Iteration 2/1-----
J=4.3e+01, Jf=6.5e-01, ⟨B·n⟩=3.0e-01, Len=sum([4.7, 47.7, 5.3, 3.9])=61.7, ϰ=[1060.4, 55.7, 402.5, 26.7], ∫ϰ²/L=[1789.2, 42.9, 436.6, 25.2], C-C-Sep=0.01, ║∇J║=2.3e+03
-----On 1/20 Initial Guess Perturbations
Iteration 3/1-----
J=1.4e+00, Jf=3.1e-01, ⟨B·n⟩=2.5e-01, Len=sum([3.5, 6.7, 3.3, 3.7])=17.1, ϰ=[89.2, 680.5, 65.6, 9.9], ∫ϰ²/L=[75.5, 1001.1, 66.4, 9.5], C-C-Sep=0.01, ║∇J║=3.4e+02
-----On 1/20 Initial Guess Perturbations
Iteration 4/1-----
J=7.6e-01, Jf=3.4e-01, ⟨B·n⟩=2.6e-01, Len=sum([3.4, 3.5, 3.2, 3.6])=13.8, ϰ=[33.0, 1047.1, 32.4, 9.4], ∫ϰ²/L=[42.7, 879.4, 31.0, 9.3], C-C-Sep=0.00, ║∇J║=1.4e+03
-----On 1/20 Initial Guess Perturbations
Iteration 5/1-----
J=3.8e-01, Jf=3.5e-01, ⟨B·n⟩=2.6e-01, Len=sum([3.4, 3.1, 3.2, 3.6])=13.4, ϰ=[62.1, 80.9, 50.4, 9.8], ∫ϰ²/L=[48.1, 74.7, 32.3, 9.3], C-C-Sep=0.01, ║∇J║=3.1e+00
-----On 1/20 Initial Guess Perturbations
-----------------Base current: []
-----------------Base current: [100000.]
-----------------Base current: [100000.]
-----------------Base current: [100000.]
Finished 1/10 Out-of-Sample Evaluations
Finished 2/10 Out-of-Sample Evaluations
Finished 3/10 Out-of-Sample Evaluations
Finished 4/10 Out-of-Sample Evaluations
Finished 5/10 Out-of-Sample Evaluations
Finished 6/10 Out-of-Sample Evaluations
Finished 7/10 Out-of-Sample Evaluations
Finished 8/10 Out-of-Sample Evaluations
Finished 9/10 Out-of-Sample Evaluations
Finished 10/10 Out-of-Sample Evaluations
Flux Objective for exact coils coils      : 3.487e-01
Out-of-sample flux value                  : 3.479e-01
Objective Gradient (||∇J||)              : 3.149e+00
Took 15.686451196670532s
