Running initial guess perturbation 13
Coil 0: RMS error: 0.000006, Relative: 0.000004
Max point error: 0.000031, Min point error: 0.000000
Coil 1: RMS error: 0.000003, Relative: 0.000002
Max point error: 0.000014, Min point error: 0.000000
Coil 2: RMS error: 0.000004, Relative: 0.000002
Max point error: 0.000021, Min point error: 0.000000
Overall fit errors: [6.421612885287083e-06, 2.933452504845866e-06, 3.7837259996214506e-06]
Mean fit error: 0.000004

################################################################################
### Perform a Taylor test ######################################################
################################################################################

Iteration 1/1000-----
J=2.5e-01, Jf=5.5e-02, ⟨B·n⟩=5.8e-02, Len=sum([5.4, 5.6, 5.2])=16.3, ϰ=[35.6, 6.6, 7.5], ∫ϰ²/L=[16.6, 3.8, 2.8], C-C-Sep=0.07, ║∇J║=9.2e+00
-----On 14/20 Initial Guess Perturbations
Iteration 2/1000-----
J=2.5e-01, Jf=5.5e-02, ⟨B·n⟩=5.8e-02, Len=sum([5.4, 5.6, 5.3])=16.3, ϰ=[29.3, 9.5, 11.9], ∫ϰ²/L=[17.0, 6.0, 6.5], C-C-Sep=0.07, ║∇J║=9.2e+00
-----On 14/20 Initial Guess Perturbations
Iteration 3/1000-----
J=2.5e-01, Jf=5.5e-02, ⟨B·n⟩=5.8e-02, Len=sum([5.4, 5.6, 5.3])=16.3, ϰ=[52.3, 7.7, 8.9], ∫ϰ²/L=[22.1, 5.9, 5.5], C-C-Sep=0.07, ║∇J║=9.2e+00
-----On 14/20 Initial Guess Perturbations
err -0.17511309350125076
Iteration 4/1000-----
J=2.5e-01, Jf=5.5e-02, ⟨B·n⟩=5.8e-02, Len=sum([5.4, 5.6, 5.2])=16.3, ϰ=[34.0, 6.5, 7.9], ∫ϰ²/L=[16.4, 3.8, 2.9], C-C-Sep=0.07, ║∇J║=9.2e+00
-----On 14/20 Initial Guess Perturbations
Iteration 5/1000-----
J=2.5e-01, Jf=5.5e-02, ⟨B·n⟩=5.8e-02, Len=sum([5.4, 5.6, 5.2])=16.3, ϰ=[37.2, 6.7, 7.1], ∫ϰ²/L=[16.9, 3.9, 2.8], C-C-Sep=0.07, ║∇J║=9.2e+00
-----On 14/20 Initial Guess Perturbations
err -0.0018990340427244568
Iteration 6/1000-----
J=2.5e-01, Jf=5.5e-02, ⟨B·n⟩=5.8e-02, Len=sum([5.4, 5.6, 5.2])=16.3, ϰ=[35.4, 6.6, 7.5], ∫ϰ²/L=[16.6, 3.8, 2.8], C-C-Sep=0.07, ║∇J║=9.2e+00
-----On 14/20 Initial Guess Perturbations
Iteration 7/1000-----
J=2.5e-01, Jf=5.5e-02, ⟨B·n⟩=5.8e-02, Len=sum([5.4, 5.6, 5.2])=16.3, ϰ=[35.8, 6.6, 7.4], ∫ϰ²/L=[16.7, 3.8, 2.8], C-C-Sep=0.07, ║∇J║=9.2e+00
-----On 14/20 Initial Guess Perturbations
err -1.9019908770845362e-05
Iteration 8/1000-----
J=2.5e-01, Jf=5.5e-02, ⟨B·n⟩=5.8e-02, Len=sum([5.4, 5.6, 5.2])=16.3, ϰ=[35.6, 6.6, 7.5], ∫ϰ²/L=[16.6, 3.8, 2.8], C-C-Sep=0.07, ║∇J║=9.2e+00
-----On 14/20 Initial Guess Perturbations
Iteration 9/1000-----
J=2.5e-01, Jf=5.5e-02, ⟨B·n⟩=5.8e-02, Len=sum([5.4, 5.6, 5.2])=16.3, ϰ=[35.6, 6.6, 7.5], ∫ϰ²/L=[16.6, 3.8, 2.8], C-C-Sep=0.07, ║∇J║=9.2e+00
-----On 14/20 Initial Guess Perturbations
err -1.886291795538675e-07
Iteration 10/1000-----
J=2.5e-01, Jf=5.5e-02, ⟨B·n⟩=5.8e-02, Len=sum([5.4, 5.6, 5.2])=16.3, ϰ=[35.6, 6.6, 7.5], ∫ϰ²/L=[16.6, 3.8, 2.8], C-C-Sep=0.07, ║∇J║=9.2e+00
-----On 14/20 Initial Guess Perturbations
Iteration 11/1000-----
J=2.5e-01, Jf=5.5e-02, ⟨B·n⟩=5.8e-02, Len=sum([5.4, 5.6, 5.2])=16.3, ϰ=[35.6, 6.6, 7.5], ∫ϰ²/L=[16.6, 3.8, 2.8], C-C-Sep=0.07, ║∇J║=9.2e+00
-----On 14/20 Initial Guess Perturbations
err -1.2512885727566925e-09

################################################################################
### Run the optimisation #######################################################
################################################################################

Iteration 1/1000-----
J=2.5e-01, Jf=5.5e-02, ⟨B·n⟩=5.8e-02, Len=sum([5.4, 5.6, 5.2])=16.3, ϰ=[35.6, 6.6, 7.5], ∫ϰ²/L=[16.6, 3.8, 2.8], C-C-Sep=0.07, ║∇J║=9.2e+00
-----On 14/20 Initial Guess Perturbations
Iteration 2/1000-----
J=7.6e+00, Jf=1.9e+00, ⟨B·n⟩=1.1e-01, Len=sum([14.7, 10.6, 5.5])=30.8, ϰ=[2213.5, 62.5, 37.9], ∫ϰ²/L=[558.4, 31.4, 25.1], C-C-Sep=0.02, ║∇J║=4.0e+03
-----On 14/20 Initial Guess Perturbations
Iteration 3/1000-----
J=2.0e-01, Jf=5.5e-02, ⟨B·n⟩=5.8e-02, Len=sum([5.4, 5.6, 5.2])=16.3, ϰ=[36.4, 6.1, 7.6], ∫ϰ²/L=[17.1, 3.7, 2.8], C-C-Sep=0.10, ║∇J║=7.5e+00
-----On 14/20 Initial Guess Perturbations
Iteration 4/1000-----
J=9.2e-02, Jf=5.4e-02, ⟨B·n⟩=5.8e-02, Len=sum([5.4, 5.6, 5.2])=16.3, ϰ=[44.1, 6.9, 8.4], ∫ϰ²/L=[23.3, 4.7, 3.2], C-C-Sep=0.16, ║∇J║=1.3e+00
-----On 14/20 Initial Guess Perturbations
Iteration 5/1000-----
J=8.6e-02, Jf=5.4e-02, ⟨B·n⟩=5.8e-02, Len=sum([5.4, 5.6, 5.3])=16.3, ϰ=[43.6, 7.9, 9.2], ∫ϰ²/L=[24.8, 5.1, 3.4], C-C-Sep=0.18, ║∇J║=8.8e-01
-----On 14/20 Initial Guess Perturbations
Iteration 6/1000-----
J=7.7e-02, Jf=5.3e-02, ⟨B·n⟩=5.8e-02, Len=sum([5.5, 5.6, 5.3])=16.4, ϰ=[38.2, 9.3, 11.4], ∫ϰ²/L=[27.4, 6.5, 4.6], C-C-Sep=0.19, ║∇J║=5.1e-01
-----On 14/20 Initial Guess Perturbations
Iteration 7/1000-----
J=7.2e-02, Jf=5.3e-02, ⟨B·n⟩=5.7e-02, Len=sum([5.6, 5.7, 5.3])=16.5, ϰ=[29.7, 11.7, 12.5], ∫ϰ²/L=[26.4, 10.0, 6.0], C-C-Sep=0.19, ║∇J║=4.7e-01
-----On 14/20 Initial Guess Perturbations
Iteration 8/1000-----
J=7.0e-02, Jf=5.1e-02, ⟨B·n⟩=5.6e-02, Len=sum([5.6, 5.7, 5.3])=16.6, ϰ=[17.1, 15.6, 11.2], ∫ϰ²/L=[30.1, 13.3, 6.7], C-C-Sep=0.19, ║∇J║=6.7e-01
-----On 14/20 Initial Guess Perturbations
Iteration 9/1000-----
J=6.8e-02, Jf=5.1e-02, ⟨B·n⟩=5.6e-02, Len=sum([5.6, 5.7, 5.3])=16.6, ϰ=[19.3, 15.9, 10.6], ∫ϰ²/L=[28.7, 13.5, 6.2], C-C-Sep=0.19, ║∇J║=3.3e-01
-----On 14/20 Initial Guess Perturbations
Iteration 10/1000-----
J=6.6e-02, Jf=5.0e-02, ⟨B·n⟩=5.6e-02, Len=sum([5.6, 5.7, 5.3])=16.6, ϰ=[23.1, 16.1, 9.0], ∫ϰ²/L=[27.1, 14.0, 5.4], C-C-Sep=0.20, ║∇J║=3.0e-01
-----On 14/20 Initial Guess Perturbations
Iteration 11/1000-----
J=6.4e-02, Jf=4.9e-02, ⟨B·n⟩=5.5e-02, Len=sum([5.6, 5.7, 5.3])=16.6, ϰ=[23.9, 16.2, 6.9], ∫ϰ²/L=[23.9, 15.2, 5.2], C-C-Sep=0.19, ║∇J║=3.8e-01
-----On 14/20 Initial Guess Perturbations
Iteration 12/1000-----
J=6.3e-02, Jf=4.6e-02, ⟨B·n⟩=5.3e-02, Len=sum([5.6, 5.8, 5.3])=16.6, ϰ=[21.8, 16.4, 9.5], ∫ϰ²/L=[19.6, 17.8, 7.0], C-C-Sep=0.19, ║∇J║=7.9e-01
-----On 14/20 Initial Guess Perturbations
Iteration 13/1000-----
J=6.0e-02, Jf=4.5e-02, ⟨B·n⟩=5.2e-02, Len=sum([5.6, 5.8, 5.3])=16.6, ϰ=[18.2, 17.0, 9.5], ∫ϰ²/L=[18.6, 18.4, 7.8], C-C-Sep=0.19, ║∇J║=3.3e-01
-----On 14/20 Initial Guess Perturbations
Iteration 14/1000-----
J=5.9e-02, Jf=4.4e-02, ⟨B·n⟩=5.2e-02, Len=sum([5.6, 5.7, 5.3])=16.6, ϰ=[13.5, 17.7, 9.4], ∫ϰ²/L=[18.2, 17.8, 7.6], C-C-Sep=0.20, ║∇J║=2.9e-01
-----On 14/20 Initial Guess Perturbations
Iteration 15/1000-----
J=5.8e-02, Jf=4.2e-02, ⟨B·n⟩=5.1e-02, Len=sum([5.7, 5.7, 5.3])=16.7, ϰ=[11.3, 18.0, 9.5], ∫ϰ²/L=[21.2, 17.0, 7.6], C-C-Sep=0.20, ║∇J║=3.5e-01
-----On 14/20 Initial Guess Perturbations
Iteration 16/1000-----
J=5.6e-02, Jf=4.0e-02, ⟨B·n⟩=4.9e-02, Len=sum([5.7, 5.7, 5.3])=16.7, ϰ=[15.6, 15.1, 7.7], ∫ϰ²/L=[24.5, 13.6, 6.9], C-C-Sep=0.19, ║∇J║=4.5e-01
-----On 14/20 Initial Guess Perturbations
Iteration 17/1000-----
J=5.4e-02, Jf=3.5e-02, ⟨B·n⟩=4.6e-02, Len=sum([5.9, 5.7, 5.3])=16.9, ϰ=[14.6, 16.3, 7.5], ∫ϰ²/L=[29.2, 14.5, 11.1], C-C-Sep=0.18, ║∇J║=8.0e-01
-----On 14/20 Initial Guess Perturbations
Iteration 18/1000-----
J=5.2e-02, Jf=3.6e-02, ⟨B·n⟩=4.6e-02, Len=sum([5.8, 5.7, 5.3])=16.8, ϰ=[12.1, 15.7, 6.4], ∫ϰ²/L=[21.8, 13.6, 9.6], C-C-Sep=0.20, ║∇J║=3.2e-01
-----On 14/20 Initial Guess Perturbations
Iteration 19/1000-----
J=5.0e-02, Jf=3.4e-02, ⟨B·n⟩=4.5e-02, Len=sum([5.9, 5.7, 5.3])=16.9, ϰ=[12.4, 15.3, 7.8], ∫ϰ²/L=[22.8, 14.4, 11.1], C-C-Sep=0.19, ║∇J║=4.3e-01
-----On 14/20 Initial Guess Perturbations
Iteration 20/1000-----
J=4.9e-02, Jf=3.3e-02, ⟨B·n⟩=4.4e-02, Len=sum([5.9, 5.8, 5.3])=17.0, ϰ=[13.4, 14.8, 7.8], ∫ϰ²/L=[23.9, 15.2, 12.6], C-C-Sep=0.19, ║∇J║=3.3e-01
-----On 14/20 Initial Guess Perturbations
Iteration 21/1000-----
J=4.8e-02, Jf=3.1e-02, ⟨B·n⟩=4.3e-02, Len=sum([6.0, 5.8, 5.3])=17.1, ϰ=[14.5, 12.4, 7.6], ∫ϰ²/L=[24.3, 14.8, 13.2], C-C-Sep=0.20, ║∇J║=3.1e-01
-----On 14/20 Initial Guess Perturbations
Iteration 22/1000-----
J=4.6e-02, Jf=2.9e-02, ⟨B·n⟩=4.1e-02, Len=sum([6.1, 5.8, 5.4])=17.3, ϰ=[15.2, 12.0, 8.1], ∫ϰ²/L=[26.1, 15.7, 15.3], C-C-Sep=0.19, ║∇J║=3.8e-01
-----On 14/20 Initial Guess Perturbations
Iteration 23/1000-----
J=4.5e-02, Jf=2.6e-02, ⟨B·n⟩=3.8e-02, Len=sum([6.3, 5.8, 5.4])=17.5, ϰ=[14.7, 10.1, 8.7], ∫ϰ²/L=[26.0, 16.2, 15.4], C-C-Sep=0.20, ║∇J║=6.4e-01
-----On 14/20 Initial Guess Perturbations
Iteration 24/1000-----
J=4.2e-02, Jf=2.5e-02, ⟨B·n⟩=3.8e-02, Len=sum([6.3, 5.8, 5.4])=17.6, ϰ=[13.9, 11.1, 8.1], ∫ϰ²/L=[25.5, 16.8, 14.8], C-C-Sep=0.20, ║∇J║=3.4e-01
-----On 14/20 Initial Guess Perturbations
Iteration 25/1000-----
J=4.1e-02, Jf=2.4e-02, ⟨B·n⟩=3.7e-02, Len=sum([6.4, 5.8, 5.4])=17.6, ϰ=[14.1, 11.0, 7.7], ∫ϰ²/L=[25.3, 17.1, 13.9], C-C-Sep=0.19, ║∇J║=3.1e-01
-----On 14/20 Initial Guess Perturbations
Iteration 26/1000-----
J=4.0e-02, Jf=2.3e-02, ⟨B·n⟩=3.6e-02, Len=sum([6.4, 5.8, 5.4])=17.7, ϰ=[14.4, 11.5, 8.3], ∫ϰ²/L=[26.0, 18.1, 13.9], C-C-Sep=0.19, ║∇J║=3.5e-01
-----On 14/20 Initial Guess Perturbations
Iteration 27/1000-----
J=3.8e-02, Jf=2.1e-02, ⟨B·n⟩=3.4e-02, Len=sum([6.7, 5.9, 5.5])=18.1, ϰ=[13.3, 14.1, 12.0], ∫ϰ²/L=[29.8, 22.4, 17.8], C-C-Sep=0.19, ║∇J║=4.9e-01
-----On 14/20 Initial Guess Perturbations
Iteration 28/1000-----
J=3.7e-02, Jf=2.0e-02, ⟨B·n⟩=3.3e-02, Len=sum([6.8, 5.9, 5.5])=18.2, ϰ=[12.1, 15.3, 11.9], ∫ϰ²/L=[30.7, 22.6, 19.5], C-C-Sep=0.19, ║∇J║=2.9e-01
-----On 14/20 Initial Guess Perturbations
Iteration 29/1000-----
J=3.6e-02, Jf=1.9e-02, ⟨B·n⟩=3.3e-02, Len=sum([6.8, 5.9, 5.5])=18.3, ϰ=[12.4, 14.4, 11.9], ∫ϰ²/L=[29.9, 21.2, 19.2], C-C-Sep=0.19, ║∇J║=2.5e-01
-----On 14/20 Initial Guess Perturbations
Iteration 30/1000-----
J=3.5e-02, Jf=1.8e-02, ⟨B·n⟩=3.2e-02, Len=sum([7.0, 5.9, 5.5])=18.5, ϰ=[12.8, 12.1, 12.2], ∫ϰ²/L=[30.5, 19.3, 19.4], C-C-Sep=0.19, ║∇J║=2.8e-01
-----On 14/20 Initial Guess Perturbations
Iteration 31/1000-----
J=3.4e-02, Jf=1.7e-02, ⟨B·n⟩=3.1e-02, Len=sum([7.2, 6.0, 5.6])=18.8, ϰ=[11.6, 11.0, 12.4], ∫ϰ²/L=[31.4, 18.8, 19.8], C-C-Sep=0.19, ║∇J║=3.6e-01
-----On 14/20 Initial Guess Perturbations
Iteration 32/1000-----
J=3.3e-02, Jf=1.7e-02, ⟨B·n⟩=3.1e-02, Len=sum([7.2, 6.0, 5.6])=18.8, ϰ=[10.8, 10.9, 11.5], ∫ϰ²/L=[30.8, 18.0, 18.6], C-C-Sep=0.20, ║∇J║=2.0e-01
-----On 14/20 Initial Guess Perturbations
Iteration 33/1000-----
J=3.3e-02, Jf=1.6e-02, ⟨B·n⟩=3.0e-02, Len=sum([7.3, 6.0, 5.6])=19.0, ϰ=[10.9, 11.3, 10.5], ∫ϰ²/L=[30.5, 18.3, 18.0], C-C-Sep=0.20, ║∇J║=1.9e-01
-----On 14/20 Initial Guess Perturbations
Iteration 34/1000-----
J=3.2e-02, Jf=1.6e-02, ⟨B·n⟩=3.0e-02, Len=sum([7.3, 6.0, 5.6])=18.9, ϰ=[11.1, 11.2, 10.2], ∫ϰ²/L=[29.9, 17.3, 16.0], C-C-Sep=0.19, ║∇J║=2.0e-01
-----On 14/20 Initial Guess Perturbations
Iteration 35/1000-----
J=3.2e-02, Jf=1.5e-02, ⟨B·n⟩=3.0e-02, Len=sum([7.4, 6.0, 5.6])=19.1, ϰ=[11.4, 11.7, 10.3], ∫ϰ²/L=[28.9, 17.1, 14.5], C-C-Sep=0.19, ║∇J║=2.4e-01
-----On 14/20 Initial Guess Perturbations
Iteration 36/1000-----
J=3.1e-02, Jf=1.5e-02, ⟨B·n⟩=2.9e-02, Len=sum([7.4, 6.0, 5.6])=19.0, ϰ=[10.9, 11.1, 9.5], ∫ϰ²/L=[27.9, 16.4, 13.3], C-C-Sep=0.20, ║∇J║=1.7e-01
-----On 14/20 Initial Guess Perturbations
Iteration 37/1000-----
J=3.1e-02, Jf=1.5e-02, ⟨B·n⟩=2.9e-02, Len=sum([7.4, 6.0, 5.6])=19.1, ϰ=[11.1, 10.4, 9.1], ∫ϰ²/L=[27.5, 16.1, 13.1], C-C-Sep=0.20, ║∇J║=1.4e-01
-----On 14/20 Initial Guess Perturbations
Iteration 38/1000-----
J=3.1e-02, Jf=1.5e-02, ⟨B·n⟩=2.9e-02, Len=sum([7.4, 6.0, 5.6])=19.1, ϰ=[11.0, 10.2, 8.5], ∫ϰ²/L=[26.9, 15.7, 12.6], C-C-Sep=0.20, ║∇J║=1.4e-01
-----On 14/20 Initial Guess Perturbations
Iteration 39/1000-----
J=3.0e-02, Jf=1.4e-02, ⟨B·n⟩=2.8e-02, Len=sum([7.5, 6.1, 5.6])=19.2, ϰ=[10.4, 12.0, 8.4], ∫ϰ²/L=[26.4, 15.7, 12.4], C-C-Sep=0.19, ║∇J║=2.7e-01
-----On 14/20 Initial Guess Perturbations
Iteration 40/1000-----
J=3.0e-02, Jf=1.4e-02, ⟨B·n⟩=2.7e-02, Len=sum([7.5, 6.0, 5.6])=19.2, ϰ=[10.1, 11.9, 8.3], ∫ϰ²/L=[26.4, 15.4, 12.2], C-C-Sep=0.19, ║∇J║=1.7e-01
-----On 14/20 Initial Guess Perturbations
Iteration 41/1000-----
J=2.9e-02, Jf=1.4e-02, ⟨B·n⟩=2.7e-02, Len=sum([7.4, 6.0, 5.6])=19.1, ϰ=[10.4, 11.2, 7.7], ∫ϰ²/L=[26.2, 14.4, 11.3], C-C-Sep=0.19, ║∇J║=1.4e-01
-----On 14/20 Initial Guess Perturbations
Iteration 42/1000-----
J=2.9e-02, Jf=1.3e-02, ⟨B·n⟩=2.6e-02, Len=sum([7.5, 6.1, 5.7])=19.2, ϰ=[10.2, 10.3, 7.1], ∫ϰ²/L=[26.8, 14.3, 12.2], C-C-Sep=0.19, ║∇J║=2.2e-01
-----On 14/20 Initial Guess Perturbations
Iteration 43/1000-----
J=2.9e-02, Jf=1.2e-02, ⟨B·n⟩=2.6e-02, Len=sum([7.5, 6.0, 5.7])=19.2, ϰ=[10.5, 11.7, 6.9], ∫ϰ²/L=[26.5, 13.8, 12.8], C-C-Sep=0.19, ║∇J║=2.2e-01
-----On 14/20 Initial Guess Perturbations
Iteration 44/1000-----
J=2.8e-02, Jf=1.2e-02, ⟨B·n⟩=2.5e-02, Len=sum([7.5, 6.0, 5.7])=19.2, ϰ=[10.0, 11.5, 7.1], ∫ϰ²/L=[25.2, 13.2, 12.2], C-C-Sep=0.19, ║∇J║=1.4e-01
-----On 14/20 Initial Guess Perturbations
Iteration 45/1000-----
J=2.8e-02, Jf=1.2e-02, ⟨B·n⟩=2.5e-02, Len=sum([7.5, 6.1, 5.7])=19.3, ϰ=[9.9, 11.0, 7.0], ∫ϰ²/L=[24.3, 13.2, 12.8], C-C-Sep=0.19, ║∇J║=1.7e-01
-----On 14/20 Initial Guess Perturbations
Iteration 46/1000-----
J=2.8e-02, Jf=1.1e-02, ⟨B·n⟩=2.5e-02, Len=sum([7.5, 6.1, 5.7])=19.4, ϰ=[10.4, 11.0, 7.3], ∫ϰ²/L=[23.1, 13.2, 13.3], C-C-Sep=0.20, ║∇J║=1.7e-01
-----On 14/20 Initial Guess Perturbations
Iteration 47/1000-----
J=2.7e-02, Jf=1.1e-02, ⟨B·n⟩=2.4e-02, Len=sum([7.6, 6.1, 5.8])=19.5, ϰ=[9.6, 11.3, 8.1], ∫ϰ²/L=[22.9, 14.1, 16.0], C-C-Sep=0.19, ║∇J║=2.2e-01
-----On 14/20 Initial Guess Perturbations
Iteration 48/1000-----
J=2.7e-02, Jf=1.0e-02, ⟨B·n⟩=2.3e-02, Len=sum([7.5, 6.1, 5.8])=19.4, ϰ=[9.1, 11.0, 8.1], ∫ϰ²/L=[22.6, 14.1, 16.4], C-C-Sep=0.19, ║∇J║=1.4e-01
-----On 14/20 Initial Guess Perturbations
Iteration 49/1000-----
J=2.6e-02, Jf=9.9e-03, ⟨B·n⟩=2.3e-02, Len=sum([7.6, 6.1, 5.8])=19.5, ϰ=[9.2, 11.2, 8.3], ∫ϰ²/L=[22.7, 14.9, 17.3], C-C-Sep=0.19, ║∇J║=2.3e-01
-----On 14/20 Initial Guess Perturbations
Iteration 50/1000-----
J=2.6e-02, Jf=1.0e-02, ⟨B·n⟩=2.3e-02, Len=sum([7.5, 6.1, 5.8])=19.5, ϰ=[8.9, 10.7, 7.5], ∫ϰ²/L=[22.0, 13.5, 14.5], C-C-Sep=0.20, ║∇J║=2.2e-01
-----On 14/20 Initial Guess Perturbations
Iteration 51/1000-----
J=2.6e-02, Jf=9.8e-03, ⟨B·n⟩=2.2e-02, Len=sum([7.5, 6.1, 5.8])=19.5, ϰ=[8.6, 10.1, 7.6], ∫ϰ²/L=[21.6, 13.4, 14.4], C-C-Sep=0.20, ║∇J║=1.5e-01
-----On 14/20 Initial Guess Perturbations
Iteration 52/1000-----
J=2.6e-02, Jf=9.5e-03, ⟨B·n⟩=2.2e-02, Len=sum([7.6, 6.1, 5.8])=19.5, ϰ=[8.6, 9.9, 7.9], ∫ϰ²/L=[21.5, 13.6, 14.6], C-C-Sep=0.19, ║∇J║=1.3e-01
-----On 14/20 Initial Guess Perturbations
Iteration 53/1000-----
J=2.5e-02, Jf=9.2e-03, ⟨B·n⟩=2.2e-02, Len=sum([7.6, 6.1, 5.9])=19.5, ϰ=[8.4, 10.3, 8.1], ∫ϰ²/L=[20.9, 13.2, 14.3], C-C-Sep=0.19, ║∇J║=1.6e-01
-----On 14/20 Initial Guess Perturbations
Iteration 54/1000-----
J=2.5e-02, Jf=8.6e-03, ⟨B·n⟩=2.1e-02, Len=sum([7.6, 6.2, 5.9])=19.7, ϰ=[8.9, 10.3, 8.1], ∫ϰ²/L=[21.0, 13.8, 14.6], C-C-Sep=0.19, ║∇J║=2.4e-01
-----On 14/20 Initial Guess Perturbations
Iteration 55/1000-----
J=2.5e-02, Jf=8.2e-03, ⟨B·n⟩=2.0e-02, Len=sum([7.6, 6.2, 5.9])=19.7, ϰ=[10.1, 9.6, 8.2], ∫ϰ²/L=[21.5, 14.5, 15.4], C-C-Sep=0.19, ║∇J║=2.3e-01
-----On 14/20 Initial Guess Perturbations
Iteration 56/1000-----
J=2.4e-02, Jf=8.1e-03, ⟨B·n⟩=2.0e-02, Len=sum([7.6, 6.2, 5.9])=19.7, ϰ=[9.5, 9.1, 8.0], ∫ϰ²/L=[21.2, 14.0, 15.0], C-C-Sep=0.19, ║∇J║=1.5e-01
-----On 14/20 Initial Guess Perturbations
Iteration 57/1000-----
J=2.4e-02, Jf=8.0e-03, ⟨B·n⟩=2.0e-02, Len=sum([7.6, 6.2, 5.9])=19.7, ϰ=[9.0, 9.2, 8.1], ∫ϰ²/L=[20.6, 13.6, 14.6], C-C-Sep=0.20, ║∇J║=1.1e-01
-----On 14/20 Initial Guess Perturbations
Iteration 58/1000-----
J=2.4e-02, Jf=7.5e-03, ⟨B·n⟩=2.0e-02, Len=sum([7.7, 6.2, 6.0])=19.9, ϰ=[8.8, 8.9, 8.7], ∫ϰ²/L=[20.5, 14.0, 15.1], C-C-Sep=0.19, ║∇J║=1.8e-01
-----On 14/20 Initial Guess Perturbations
Iteration 59/1000-----
J=2.4e-02, Jf=7.3e-03, ⟨B·n⟩=1.9e-02, Len=sum([7.6, 6.2, 6.0])=19.8, ϰ=[8.6, 9.1, 10.3], ∫ϰ²/L=[20.0, 14.0, 15.2], C-C-Sep=0.19, ║∇J║=2.1e-01
-----On 14/20 Initial Guess Perturbations
Iteration 60/1000-----
J=2.4e-02, Jf=7.0e-03, ⟨B·n⟩=1.9e-02, Len=sum([7.7, 6.2, 6.0])=19.9, ϰ=[8.6, 8.9, 10.1], ∫ϰ²/L=[19.9, 14.2, 15.4], C-C-Sep=0.20, ║∇J║=1.5e-01
-----On 14/20 Initial Guess Perturbations
Iteration 61/1000-----
J=2.3e-02, Jf=6.9e-03, ⟨B·n⟩=1.9e-02, Len=sum([7.7, 6.2, 6.0])=19.9, ϰ=[8.5, 8.9, 9.6], ∫ϰ²/L=[19.8, 14.0, 15.2], C-C-Sep=0.20, ║∇J║=1.1e-01
-----On 14/20 Initial Guess Perturbations
Iteration 62/1000-----
J=2.3e-02, Jf=6.7e-03, ⟨B·n⟩=1.9e-02, Len=sum([7.7, 6.2, 6.0])=19.9, ϰ=[8.7, 9.1, 9.0], ∫ϰ²/L=[19.5, 13.7, 15.0], C-C-Sep=0.20, ║∇J║=1.2e-01
-----On 14/20 Initial Guess Perturbations
Iteration 63/1000-----
J=2.3e-02, Jf=6.3e-03, ⟨B·n⟩=1.9e-02, Len=sum([7.7, 6.2, 6.1])=20.0, ϰ=[9.6, 8.8, 9.1], ∫ϰ²/L=[19.5, 13.6, 15.2], C-C-Sep=0.19, ║∇J║=1.7e-01
-----On 14/20 Initial Guess Perturbations
Iteration 64/1000-----
J=2.3e-02, Jf=6.1e-03, ⟨B·n⟩=1.8e-02, Len=sum([7.6, 6.2, 6.1])=19.9, ϰ=[10.2, 8.6, 8.8], ∫ϰ²/L=[19.2, 12.9, 14.7], C-C-Sep=0.20, ║∇J║=1.5e-01
-----On 14/20 Initial Guess Perturbations
Iteration 65/1000-----
J=2.2e-02, Jf=5.9e-03, ⟨B·n⟩=1.8e-02, Len=sum([7.6, 6.2, 6.1])=20.0, ϰ=[10.1, 8.8, 8.5], ∫ϰ²/L=[19.1, 13.1, 14.3], C-C-Sep=0.20, ║∇J║=1.3e-01
-----On 14/20 Initial Guess Perturbations
Iteration 66/1000-----
J=2.2e-02, Jf=5.8e-03, ⟨B·n⟩=1.8e-02, Len=sum([7.6, 6.2, 6.1])=20.0, ϰ=[9.6, 8.8, 8.4], ∫ϰ²/L=[18.3, 12.7, 13.6], C-C-Sep=0.20, ║∇J║=1.0e-01
-----On 14/20 Initial Guess Perturbations
Iteration 67/1000-----
J=2.2e-02, Jf=5.5e-03, ⟨B·n⟩=1.8e-02, Len=sum([7.6, 6.3, 6.2])=20.1, ϰ=[9.3, 9.1, 8.0], ∫ϰ²/L=[18.3, 12.9, 13.6], C-C-Sep=0.19, ║∇J║=1.5e-01
-----On 14/20 Initial Guess Perturbations
Iteration 68/1000-----
J=2.2e-02, Jf=5.4e-03, ⟨B·n⟩=1.8e-02, Len=sum([7.6, 6.3, 6.2])=20.0, ϰ=[9.2, 9.4, 7.1], ∫ϰ²/L=[17.2, 12.2, 12.9], C-C-Sep=0.20, ║∇J║=1.4e-01
-----On 14/20 Initial Guess Perturbations
Iteration 69/1000-----
J=2.2e-02, Jf=5.3e-03, ⟨B·n⟩=1.7e-02, Len=sum([7.6, 6.2, 6.1])=19.9, ϰ=[9.0, 9.4, 6.6], ∫ϰ²/L=[16.5, 11.9, 12.4], C-C-Sep=0.19, ║∇J║=1.3e-01
-----On 14/20 Initial Guess Perturbations
Iteration 70/1000-----
J=2.1e-02, Jf=5.3e-03, ⟨B·n⟩=1.7e-02, Len=sum([7.5, 6.2, 6.1])=19.9, ϰ=[8.7, 9.4, 6.7], ∫ϰ²/L=[16.0, 11.7, 12.0], C-C-Sep=0.20, ║∇J║=9.8e-02
-----On 14/20 Initial Guess Perturbations
Iteration 71/1000-----
J=2.1e-02, Jf=5.0e-03, ⟨B·n⟩=1.7e-02, Len=sum([7.5, 6.2, 6.1])=19.8, ϰ=[8.7, 9.8, 7.0], ∫ϰ²/L=[16.1, 12.4, 12.5], C-C-Sep=0.19, ║∇J║=2.0e-01
-----On 14/20 Initial Guess Perturbations
Iteration 72/1000-----
J=2.1e-02, Jf=5.0e-03, ⟨B·n⟩=1.7e-02, Len=sum([7.4, 6.2, 6.1])=19.7, ϰ=[8.5, 9.4, 7.2], ∫ϰ²/L=[15.3, 11.9, 12.0], C-C-Sep=0.19, ║∇J║=1.7e-01
-----On 14/20 Initial Guess Perturbations
Iteration 73/1000-----
J=2.1e-02, Jf=5.0e-03, ⟨B·n⟩=1.7e-02, Len=sum([7.4, 6.2, 6.1])=19.7, ϰ=[8.5, 9.6, 6.6], ∫ϰ²/L=[15.2, 11.7, 11.7], C-C-Sep=0.20, ║∇J║=1.1e-01
-----On 14/20 Initial Guess Perturbations
Iteration 74/1000-----
J=2.1e-02, Jf=4.8e-03, ⟨B·n⟩=1.6e-02, Len=sum([7.4, 6.2, 6.1])=19.7, ϰ=[8.3, 9.8, 6.6], ∫ϰ²/L=[15.0, 12.0, 12.0], C-C-Sep=0.19, ║∇J║=9.2e-02
-----On 14/20 Initial Guess Perturbations
Iteration 75/1000-----
J=2.1e-02, Jf=4.3e-03, ⟨B·n⟩=1.6e-02, Len=sum([7.4, 6.3, 6.2])=19.8, ϰ=[8.1, 10.2, 7.3], ∫ϰ²/L=[15.1, 13.3, 13.5], C-C-Sep=0.19, ║∇J║=1.4e-01
-----On 14/20 Initial Guess Perturbations
Iteration 76/1000-----
J=2.0e-02, Jf=4.2e-03, ⟨B·n⟩=1.5e-02, Len=sum([7.4, 6.3, 6.2])=19.8, ϰ=[7.8, 10.2, 7.5], ∫ϰ²/L=[15.1, 13.7, 14.0], C-C-Sep=0.19, ║∇J║=1.4e-01
-----On 14/20 Initial Guess Perturbations
Iteration 77/1000-----
J=2.0e-02, Jf=4.1e-03, ⟨B·n⟩=1.5e-02, Len=sum([7.3, 6.2, 6.2])=19.8, ϰ=[7.5, 10.2, 8.1], ∫ϰ²/L=[14.6, 13.3, 13.5], C-C-Sep=0.20, ║∇J║=1.1e-01
-----On 14/20 Initial Guess Perturbations
Iteration 78/1000-----
J=2.0e-02, Jf=3.7e-03, ⟨B·n⟩=1.5e-02, Len=sum([7.3, 6.3, 6.2])=19.7, ϰ=[7.0, 10.5, 9.5], ∫ϰ²/L=[15.2, 14.4, 14.8], C-C-Sep=0.20, ║∇J║=1.5e-01
-----On 14/20 Initial Guess Perturbations
Iteration 79/1000-----
J=2.0e-02, Jf=3.6e-03, ⟨B·n⟩=1.4e-02, Len=sum([7.3, 6.2, 6.2])=19.7, ϰ=[7.0, 10.1, 9.1], ∫ϰ²/L=[14.9, 14.1, 14.4], C-C-Sep=0.20, ║∇J║=1.1e-01
-----On 14/20 Initial Guess Perturbations
Iteration 80/1000-----
J=2.0e-02, Jf=3.5e-03, ⟨B·n⟩=1.4e-02, Len=sum([7.2, 6.2, 6.2])=19.6, ϰ=[7.0, 10.2, 8.7], ∫ϰ²/L=[14.5, 13.8, 14.2], C-C-Sep=0.20, ║∇J║=9.7e-02
-----On 14/20 Initial Guess Perturbations
Iteration 81/1000-----
J=1.9e-02, Jf=3.3e-03, ⟨B·n⟩=1.4e-02, Len=sum([7.2, 6.2, 6.2])=19.6, ϰ=[7.2, 10.1, 9.4], ∫ϰ²/L=[14.7, 14.0, 14.7], C-C-Sep=0.19, ║∇J║=1.3e-01
-----On 14/20 Initial Guess Perturbations
Iteration 82/1000-----
J=1.9e-02, Jf=3.3e-03, ⟨B·n⟩=1.4e-02, Len=sum([7.1, 6.2, 6.2])=19.5, ϰ=[7.2, 10.1, 9.7], ∫ϰ²/L=[14.3, 13.4, 14.5], C-C-Sep=0.19, ║∇J║=9.5e-02
-----On 14/20 Initial Guess Perturbations
Iteration 83/1000-----
J=1.9e-02, Jf=3.1e-03, ⟨B·n⟩=1.3e-02, Len=sum([7.1, 6.2, 6.2])=19.5, ϰ=[7.3, 9.9, 9.7], ∫ϰ²/L=[15.0, 13.5, 15.1], C-C-Sep=0.19, ║∇J║=1.2e-01
-----On 14/20 Initial Guess Perturbations
Iteration 84/1000-----
J=1.9e-02, Jf=3.0e-03, ⟨B·n⟩=1.3e-02, Len=sum([7.1, 6.2, 6.2])=19.4, ϰ=[7.3, 10.1, 9.1], ∫ϰ²/L=[13.7, 11.8, 14.1], C-C-Sep=0.20, ║∇J║=1.8e-01
-----On 14/20 Initial Guess Perturbations
Iteration 85/1000-----
J=1.9e-02, Jf=3.0e-03, ⟨B·n⟩=1.3e-02, Len=sum([7.1, 6.2, 6.2])=19.4, ϰ=[7.5, 9.9, 8.9], ∫ϰ²/L=[14.0, 12.0, 14.2], C-C-Sep=0.20, ║∇J║=1.2e-01
-----On 14/20 Initial Guess Perturbations
Iteration 86/1000-----
J=1.9e-02, Jf=3.0e-03, ⟨B·n⟩=1.3e-02, Len=sum([7.1, 6.2, 6.2])=19.4, ϰ=[7.4, 9.9, 8.5], ∫ϰ²/L=[14.0, 12.2, 14.2], C-C-Sep=0.20, ║∇J║=6.9e-02
-----On 14/20 Initial Guess Perturbations
Iteration 87/1000-----
J=1.9e-02, Jf=2.9e-03, ⟨B·n⟩=1.3e-02, Len=sum([7.0, 6.2, 6.2])=19.4, ϰ=[7.5, 9.9, 8.5], ∫ϰ²/L=[14.4, 12.3, 14.6], C-C-Sep=0.20, ║∇J║=6.7e-02
-----On 14/20 Initial Guess Perturbations
Iteration 88/1000-----
J=1.8e-02, Jf=2.7e-03, ⟨B·n⟩=1.2e-02, Len=sum([7.0, 6.1, 6.2])=19.3, ϰ=[7.5, 9.4, 9.4], ∫ϰ²/L=[14.5, 12.1, 14.7], C-C-Sep=0.20, ║∇J║=1.3e-01
-----On 14/20 Initial Guess Perturbations
Iteration 89/1000-----
J=1.8e-02, Jf=2.7e-03, ⟨B·n⟩=1.2e-02, Len=sum([6.9, 6.1, 6.2])=19.2, ϰ=[7.4, 9.7, 9.4], ∫ϰ²/L=[14.1, 11.7, 14.4], C-C-Sep=0.19, ║∇J║=1.3e-01
-----On 14/20 Initial Guess Perturbations
Iteration 90/1000-----
J=1.8e-02, Jf=2.6e-03, ⟨B·n⟩=1.2e-02, Len=sum([6.9, 6.1, 6.2])=19.2, ϰ=[7.3, 9.4, 9.1], ∫ϰ²/L=[13.8, 11.8, 14.3], C-C-Sep=0.20, ║∇J║=1.0e-01
-----On 14/20 Initial Guess Perturbations
Iteration 91/1000-----
J=1.8e-02, Jf=2.6e-03, ⟨B·n⟩=1.2e-02, Len=sum([6.9, 6.1, 6.2])=19.1, ϰ=[7.1, 9.4, 8.8], ∫ϰ²/L=[13.4, 11.7, 14.0], C-C-Sep=0.20, ║∇J║=6.7e-02
-----On 14/20 Initial Guess Perturbations
Iteration 92/1000-----
J=1.8e-02, Jf=2.6e-03, ⟨B·n⟩=1.2e-02, Len=sum([6.8, 6.1, 6.1])=19.1, ϰ=[7.0, 9.5, 8.3], ∫ϰ²/L=[13.2, 12.0, 14.1], C-C-Sep=0.20, ║∇J║=7.2e-02
-----On 14/20 Initial Guess Perturbations
Iteration 93/1000-----
J=1.8e-02, Jf=2.5e-03, ⟨B·n⟩=1.2e-02, Len=sum([6.8, 6.1, 6.1])=19.0, ϰ=[7.0, 9.3, 9.1], ∫ϰ²/L=[12.9, 12.2, 14.2], C-C-Sep=0.20, ║∇J║=1.0e-01
-----On 14/20 Initial Guess Perturbations
Iteration 94/1000-----
J=1.8e-02, Jf=2.4e-03, ⟨B·n⟩=1.2e-02, Len=sum([6.7, 6.1, 6.1])=19.0, ϰ=[6.8, 9.3, 9.8], ∫ϰ²/L=[12.8, 12.4, 14.5], C-C-Sep=0.20, ║∇J║=8.1e-02
-----On 14/20 Initial Guess Perturbations
Iteration 95/1000-----
J=1.8e-02, Jf=2.4e-03, ⟨B·n⟩=1.1e-02, Len=sum([6.7, 6.1, 6.1])=18.9, ϰ=[6.7, 9.3, 9.6], ∫ϰ²/L=[12.4, 12.3, 14.4], C-C-Sep=0.20, ║∇J║=7.4e-02
-----On 14/20 Initial Guess Perturbations
Iteration 96/1000-----
J=1.8e-02, Jf=2.3e-03, ⟨B·n⟩=1.1e-02, Len=sum([6.7, 6.1, 6.1])=18.8, ϰ=[6.7, 9.2, 9.1], ∫ϰ²/L=[11.8, 11.9, 13.8], C-C-Sep=0.20, ║∇J║=8.4e-02
-----On 14/20 Initial Guess Perturbations
Iteration 97/1000-----
J=1.8e-02, Jf=2.3e-03, ⟨B·n⟩=1.1e-02, Len=sum([6.6, 6.0, 6.1])=18.8, ϰ=[6.9, 9.0, 8.4], ∫ϰ²/L=[11.4, 11.6, 13.5], C-C-Sep=0.20, ║∇J║=7.6e-02
-----On 14/20 Initial Guess Perturbations
Iteration 98/1000-----
J=1.7e-02, Jf=2.2e-03, ⟨B·n⟩=1.1e-02, Len=sum([6.6, 6.0, 6.1])=18.8, ϰ=[6.9, 8.6, 7.4], ∫ϰ²/L=[11.0, 11.4, 13.3], C-C-Sep=0.20, ║∇J║=6.9e-02
-----On 14/20 Initial Guess Perturbations
Iteration 99/1000-----
J=1.7e-02, Jf=2.1e-03, ⟨B·n⟩=1.1e-02, Len=sum([6.6, 6.0, 6.1])=18.7, ϰ=[6.9, 8.0, 6.8], ∫ϰ²/L=[11.0, 11.6, 13.5], C-C-Sep=0.20, ║∇J║=8.7e-02
-----On 14/20 Initial Guess Perturbations
Iteration 100/1000-----
J=1.7e-02, Jf=2.1e-03, ⟨B·n⟩=1.1e-02, Len=sum([6.6, 6.0, 6.1])=18.7, ϰ=[6.8, 7.9, 6.9], ∫ϰ²/L=[10.8, 11.6, 13.3], C-C-Sep=0.20, ║∇J║=6.7e-02
-----On 14/20 Initial Guess Perturbations
Iteration 101/1000-----
J=1.7e-02, Jf=2.1e-03, ⟨B·n⟩=1.1e-02, Len=sum([6.5, 6.0, 6.1])=18.7, ϰ=[6.5, 7.8, 7.2], ∫ϰ²/L=[10.7, 11.6, 13.1], C-C-Sep=0.20, ║∇J║=6.3e-02
-----On 14/20 Initial Guess Perturbations
Iteration 102/1000-----
J=1.7e-02, Jf=2.0e-03, ⟨B·n⟩=1.1e-02, Len=sum([6.5, 6.0, 6.1])=18.6, ϰ=[6.4, 7.6, 7.5], ∫ϰ²/L=[10.2, 11.4, 12.6], C-C-Sep=0.20, ║∇J║=7.7e-02
-----On 14/20 Initial Guess Perturbations
Iteration 103/1000-----
J=1.7e-02, Jf=2.0e-03, ⟨B·n⟩=1.1e-02, Len=sum([6.5, 6.0, 6.1])=18.6, ϰ=[7.2, 7.4, 7.8], ∫ϰ²/L=[10.6, 11.6, 12.6], C-C-Sep=0.20, ║∇J║=8.7e-02
-----On 14/20 Initial Guess Perturbations
Iteration 104/1000-----
J=1.7e-02, Jf=1.9e-03, ⟨B·n⟩=1.0e-02, Len=sum([6.5, 6.0, 6.1])=18.6, ϰ=[7.0, 7.4, 7.7], ∫ϰ²/L=[10.5, 11.4, 12.4], C-C-Sep=0.20, ║∇J║=6.9e-02
-----On 14/20 Initial Guess Perturbations
Iteration 105/1000-----
J=1.7e-02, Jf=1.9e-03, ⟨B·n⟩=1.0e-02, Len=sum([6.4, 6.0, 6.1])=18.5, ϰ=[7.1, 7.5, 7.6], ∫ϰ²/L=[10.8, 11.3, 12.4], C-C-Sep=0.20, ║∇J║=6.7e-02
-----On 14/20 Initial Guess Perturbations
Iteration 106/1000-----
J=1.7e-02, Jf=1.9e-03, ⟨B·n⟩=1.0e-02, Len=sum([6.4, 6.0, 6.1])=18.5, ϰ=[6.8, 7.6, 7.7], ∫ϰ²/L=[11.0, 11.2, 12.3], C-C-Sep=0.20, ║∇J║=6.0e-02
-----On 14/20 Initial Guess Perturbations
Iteration 107/1000-----
J=1.7e-02, Jf=1.9e-03, ⟨B·n⟩=1.0e-02, Len=sum([6.4, 5.9, 6.1])=18.4, ϰ=[7.1, 7.3, 8.0], ∫ϰ²/L=[11.6, 11.5, 12.7], C-C-Sep=0.20, ║∇J║=8.3e-02
-----On 14/20 Initial Guess Perturbations
Iteration 108/1000-----
J=1.7e-02, Jf=1.8e-03, ⟨B·n⟩=1.0e-02, Len=sum([6.4, 5.9, 6.1])=18.3, ϰ=[6.9, 7.3, 7.9], ∫ϰ²/L=[11.4, 11.8, 12.7], C-C-Sep=0.20, ║∇J║=7.9e-02
-----On 14/20 Initial Guess Perturbations
Iteration 109/1000-----
J=1.7e-02, Jf=1.8e-03, ⟨B·n⟩=1.0e-02, Len=sum([6.4, 5.9, 6.1])=18.3, ϰ=[6.6, 7.1, 7.8], ∫ϰ²/L=[10.5, 11.5, 12.6], C-C-Sep=0.20, ║∇J║=7.0e-02
-----On 14/20 Initial Guess Perturbations
Iteration 110/1000-----
J=1.7e-02, Jf=1.8e-03, ⟨B·n⟩=1.0e-02, Len=sum([6.4, 5.9, 6.1])=18.3, ϰ=[6.5, 7.4, 7.7], ∫ϰ²/L=[10.6, 11.6, 12.6], C-C-Sep=0.20, ║∇J║=7.9e-02
-----On 14/20 Initial Guess Perturbations
Iteration 111/1000-----
J=1.7e-02, Jf=1.8e-03, ⟨B·n⟩=1.0e-02, Len=sum([6.3, 5.9, 6.1])=18.3, ϰ=[6.3, 7.6, 7.7], ∫ϰ²/L=[10.1, 11.4, 12.5], C-C-Sep=0.20, ║∇J║=5.2e-02
-----On 14/20 Initial Guess Perturbations
Iteration 112/1000-----
J=1.6e-02, Jf=1.7e-03, ⟨B·n⟩=1.0e-02, Len=sum([6.3, 5.9, 6.0])=18.3, ϰ=[6.0, 7.9, 7.8], ∫ϰ²/L=[9.6, 11.4, 12.5], C-C-Sep=0.20, ║∇J║=5.8e-02
-----On 14/20 Initial Guess Perturbations
Iteration 113/1000-----
J=1.6e-02, Jf=1.7e-03, ⟨B·n⟩=9.9e-03, Len=sum([6.3, 5.9, 6.0])=18.2, ϰ=[5.8, 8.2, 7.8], ∫ϰ²/L=[9.2, 11.5, 12.5], C-C-Sep=0.20, ║∇J║=7.3e-02
-----On 14/20 Initial Guess Perturbations
Iteration 114/1000-----
J=1.6e-02, Jf=1.7e-03, ⟨B·n⟩=9.7e-03, Len=sum([6.3, 5.9, 6.0])=18.1, ϰ=[5.7, 8.6, 8.3], ∫ϰ²/L=[9.0, 11.9, 12.8], C-C-Sep=0.20, ║∇J║=8.3e-02
-----On 14/20 Initial Guess Perturbations
Iteration 115/1000-----
J=1.6e-02, Jf=1.6e-03, ⟨B·n⟩=9.6e-03, Len=sum([6.2, 5.9, 6.0])=18.1, ϰ=[6.2, 9.1, 9.1], ∫ϰ²/L=[10.4, 13.2, 13.9], C-C-Sep=0.19, ║∇J║=1.4e-01
-----On 14/20 Initial Guess Perturbations
Iteration 116/1000-----
J=1.6e-02, Jf=1.6e-03, ⟨B·n⟩=9.6e-03, Len=sum([6.3, 5.9, 6.0])=18.1, ϰ=[5.9, 8.9, 8.6], ∫ϰ²/L=[9.6, 12.5, 13.2], C-C-Sep=0.19, ║∇J║=7.7e-02
-----On 14/20 Initial Guess Perturbations
Iteration 117/1000-----
J=1.6e-02, Jf=1.6e-03, ⟨B·n⟩=9.6e-03, Len=sum([6.2, 5.8, 6.0])=18.1, ϰ=[6.3, 9.2, 9.5], ∫ϰ²/L=[10.2, 12.6, 13.5], C-C-Sep=0.19, ║∇J║=1.8e-01
-----On 14/20 Initial Guess Perturbations
Iteration 118/1000-----
J=1.6e-02, Jf=1.6e-03, ⟨B·n⟩=9.6e-03, Len=sum([6.3, 5.8, 6.0])=18.1, ϰ=[6.0, 8.9, 9.0], ∫ϰ²/L=[9.7, 12.4, 13.2], C-C-Sep=0.19, ║∇J║=7.6e-02
-----On 14/20 Initial Guess Perturbations
Iteration 119/1000-----
J=1.6e-02, Jf=1.6e-03, ⟨B·n⟩=9.6e-03, Len=sum([6.2, 5.8, 6.0])=18.1, ϰ=[5.8, 9.0, 8.6], ∫ϰ²/L=[9.5, 11.9, 12.6], C-C-Sep=0.20, ║∇J║=6.7e-02
-----On 14/20 Initial Guess Perturbations
Iteration 120/1000-----
J=1.6e-02, Jf=1.6e-03, ⟨B·n⟩=9.5e-03, Len=sum([6.2, 5.8, 6.0])=18.0, ϰ=[5.9, 8.8, 8.5], ∫ϰ²/L=[9.7, 11.9, 12.5], C-C-Sep=0.20, ║∇J║=5.7e-02
-----On 14/20 Initial Guess Perturbations
Iteration 121/1000-----
J=1.6e-02, Jf=1.6e-03, ⟨B·n⟩=9.4e-03, Len=sum([6.2, 5.8, 5.9])=18.0, ϰ=[6.1, 8.7, 8.4], ∫ϰ²/L=[10.6, 12.4, 12.6], C-C-Sep=0.20, ║∇J║=6.2e-02
-----On 14/20 Initial Guess Perturbations
Iteration 122/1000-----
J=1.6e-02, Jf=1.5e-03, ⟨B·n⟩=9.3e-03, Len=sum([6.2, 5.8, 5.9])=17.9, ϰ=[6.8, 8.4, 8.0], ∫ϰ²/L=[11.5, 12.7, 12.4], C-C-Sep=0.20, ║∇J║=7.8e-02
-----On 14/20 Initial Guess Perturbations
Iteration 123/1000-----
J=1.6e-02, Jf=1.5e-03, ⟨B·n⟩=9.2e-03, Len=sum([6.2, 5.8, 5.9])=17.8, ϰ=[7.1, 8.6, 7.9], ∫ϰ²/L=[12.1, 13.1, 12.2], C-C-Sep=0.20, ║∇J║=6.8e-02
-----On 14/20 Initial Guess Perturbations
Iteration 124/1000-----
J=1.6e-02, Jf=1.4e-03, ⟨B·n⟩=9.1e-03, Len=sum([6.2, 5.8, 5.9])=17.8, ϰ=[7.1, 9.1, 8.1], ∫ϰ²/L=[11.8, 13.0, 12.0], C-C-Sep=0.20, ║∇J║=5.9e-02
-----On 14/20 Initial Guess Perturbations
Iteration 125/1000-----
J=1.6e-02, Jf=1.4e-03, ⟨B·n⟩=9.1e-03, Len=sum([6.2, 5.8, 5.9])=17.8, ϰ=[6.9, 9.1, 8.4], ∫ϰ²/L=[10.7, 12.4, 11.7], C-C-Sep=0.20, ║∇J║=8.3e-02
-----On 14/20 Initial Guess Perturbations
Iteration 126/1000-----
J=1.6e-02, Jf=1.4e-03, ⟨B·n⟩=9.0e-03, Len=sum([6.2, 5.8, 5.8])=17.8, ϰ=[7.1, 9.3, 9.2], ∫ϰ²/L=[11.1, 12.6, 12.3], C-C-Sep=0.19, ║∇J║=9.7e-02
-----On 14/20 Initial Guess Perturbations
Iteration 127/1000-----
J=1.6e-02, Jf=1.4e-03, ⟨B·n⟩=9.1e-03, Len=sum([6.1, 5.8, 5.8])=17.7, ϰ=[6.6, 9.0, 8.7], ∫ϰ²/L=[10.1, 11.8, 11.7], C-C-Sep=0.20, ║∇J║=8.6e-02
-----On 14/20 Initial Guess Perturbations
Iteration 128/1000-----
J=1.6e-02, Jf=1.4e-03, ⟨B·n⟩=9.0e-03, Len=sum([6.1, 5.7, 5.8])=17.7, ϰ=[6.6, 8.9, 8.9], ∫ϰ²/L=[10.5, 12.1, 11.8], C-C-Sep=0.20, ║∇J║=5.6e-02
-----On 14/20 Initial Guess Perturbations
Iteration 129/1000-----
J=1.6e-02, Jf=1.4e-03, ⟨B·n⟩=8.9e-03, Len=sum([6.1, 5.7, 5.8])=17.7, ϰ=[6.6, 8.9, 9.3], ∫ϰ²/L=[10.5, 12.3, 12.1], C-C-Sep=0.20, ║∇J║=4.6e-02
-----On 14/20 Initial Guess Perturbations
Iteration 130/1000-----
J=1.6e-02, Jf=1.3e-03, ⟨B·n⟩=8.8e-03, Len=sum([6.1, 5.7, 5.8])=17.6, ϰ=[6.4, 8.8, 10.1], ∫ϰ²/L=[10.5, 12.7, 12.8], C-C-Sep=0.19, ║∇J║=6.8e-02
-----On 14/20 Initial Guess Perturbations
Iteration 131/1000-----
J=1.6e-02, Jf=1.3e-03, ⟨B·n⟩=8.7e-03, Len=sum([6.1, 5.7, 5.8])=17.5, ϰ=[6.4, 8.9, 9.9], ∫ϰ²/L=[9.7, 12.6, 12.7], C-C-Sep=0.20, ║∇J║=1.1e-01
-----On 14/20 Initial Guess Perturbations
Iteration 132/1000-----
J=1.5e-02, Jf=1.3e-03, ⟨B·n⟩=8.7e-03, Len=sum([6.1, 5.7, 5.8])=17.5, ϰ=[7.1, 9.2, 10.0], ∫ϰ²/L=[10.0, 13.1, 12.9], C-C-Sep=0.20, ║∇J║=8.4e-02
-----On 14/20 Initial Guess Perturbations
Iteration 133/1000-----
J=1.5e-02, Jf=1.3e-03, ⟨B·n⟩=8.7e-03, Len=sum([6.0, 5.7, 5.7])=17.5, ϰ=[6.9, 9.5, 10.0], ∫ϰ²/L=[9.8, 12.7, 12.4], C-C-Sep=0.20, ║∇J║=7.5e-02
-----On 14/20 Initial Guess Perturbations
Iteration 134/1000-----
J=1.5e-02, Jf=1.3e-03, ⟨B·n⟩=8.6e-03, Len=sum([6.0, 5.7, 5.7])=17.5, ϰ=[7.0, 9.7, 9.9], ∫ϰ²/L=[9.8, 12.9, 12.4], C-C-Sep=0.20, ║∇J║=5.6e-02
-----On 14/20 Initial Guess Perturbations
Iteration 135/1000-----
J=1.5e-02, Jf=1.2e-03, ⟨B·n⟩=8.5e-03, Len=sum([6.0, 5.7, 5.7])=17.4, ϰ=[6.7, 9.7, 9.6], ∫ϰ²/L=[9.9, 13.4, 12.4], C-C-Sep=0.19, ║∇J║=6.0e-02
-----On 14/20 Initial Guess Perturbations
Iteration 136/1000-----
J=1.5e-02, Jf=1.2e-03, ⟨B·n⟩=8.4e-03, Len=sum([6.0, 5.7, 5.7])=17.4, ϰ=[6.3, 9.5, 9.5], ∫ϰ²/L=[9.7, 13.5, 12.2], C-C-Sep=0.20, ║∇J║=5.9e-02
-----On 14/20 Initial Guess Perturbations
Iteration 137/1000-----
J=1.5e-02, Jf=1.2e-03, ⟨B·n⟩=8.4e-03, Len=sum([6.0, 5.7, 5.7])=17.3, ϰ=[6.2, 9.1, 9.3], ∫ϰ²/L=[9.8, 13.6, 11.9], C-C-Sep=0.20, ║∇J║=5.0e-02
-----On 14/20 Initial Guess Perturbations
Iteration 138/1000-----
J=1.5e-02, Jf=1.2e-03, ⟨B·n⟩=8.3e-03, Len=sum([6.0, 5.6, 5.7])=17.3, ϰ=[6.0, 9.5, 9.2], ∫ϰ²/L=[9.7, 13.7, 11.7], C-C-Sep=0.20, ║∇J║=5.8e-02
-----On 14/20 Initial Guess Perturbations
Iteration 139/1000-----
J=1.5e-02, Jf=1.2e-03, ⟨B·n⟩=8.3e-03, Len=sum([5.9, 5.6, 5.6])=17.2, ϰ=[6.0, 9.6, 9.1], ∫ϰ²/L=[9.6, 13.7, 11.6], C-C-Sep=0.20, ║∇J║=5.3e-02
-----On 14/20 Initial Guess Perturbations
Iteration 140/1000-----
J=1.5e-02, Jf=1.2e-03, ⟨B·n⟩=8.3e-03, Len=sum([5.9, 5.6, 5.6])=17.2, ϰ=[6.4, 9.7, 8.9], ∫ϰ²/L=[9.2, 13.5, 11.4], C-C-Sep=0.20, ║∇J║=4.8e-02
-----On 14/20 Initial Guess Perturbations
Iteration 141/1000-----
J=1.5e-02, Jf=1.2e-03, ⟨B·n⟩=8.2e-03, Len=sum([5.9, 5.6, 5.6])=17.1, ϰ=[7.1, 9.5, 8.7], ∫ϰ²/L=[9.0, 13.5, 11.6], C-C-Sep=0.20, ║∇J║=6.8e-02
-----On 14/20 Initial Guess Perturbations
Iteration 142/1000-----
J=1.5e-02, Jf=1.2e-03, ⟨B·n⟩=8.2e-03, Len=sum([5.9, 5.6, 5.6])=17.1, ϰ=[7.2, 9.6, 8.7], ∫ϰ²/L=[8.6, 13.3, 11.5], C-C-Sep=0.20, ║∇J║=6.1e-02
-----On 14/20 Initial Guess Perturbations
Iteration 143/1000-----
J=1.5e-02, Jf=1.1e-03, ⟨B·n⟩=8.1e-03, Len=sum([5.9, 5.6, 5.6])=17.0, ϰ=[7.3, 9.6, 8.8], ∫ϰ²/L=[8.6, 13.2, 11.5], C-C-Sep=0.20, ║∇J║=5.1e-02
-----On 14/20 Initial Guess Perturbations
Iteration 144/1000-----
J=1.5e-02, Jf=1.1e-03, ⟨B·n⟩=8.1e-03, Len=sum([5.9, 5.6, 5.6])=17.0, ϰ=[7.2, 9.8, 8.7], ∫ϰ²/L=[8.3, 12.6, 11.0], C-C-Sep=0.20, ║∇J║=6.6e-02
-----On 14/20 Initial Guess Perturbations
Iteration 145/1000-----
J=1.5e-02, Jf=1.1e-03, ⟨B·n⟩=8.0e-03, Len=sum([5.9, 5.6, 5.5])=17.0, ϰ=[7.3, 10.3, 8.7], ∫ϰ²/L=[8.8, 13.2, 11.4], C-C-Sep=0.20, ║∇J║=7.5e-02
-----On 14/20 Initial Guess Perturbations
Iteration 146/1000-----
J=1.5e-02, Jf=1.1e-03, ⟨B·n⟩=8.1e-03, Len=sum([5.8, 5.6, 5.5])=16.9, ϰ=[7.2, 9.9, 8.4], ∫ϰ²/L=[8.4, 12.8, 11.0], C-C-Sep=0.20, ║∇J║=5.6e-02
-----On 14/20 Initial Guess Perturbations
Iteration 147/1000-----
J=1.5e-02, Jf=1.1e-03, ⟨B·n⟩=8.0e-03, Len=sum([5.8, 5.5, 5.5])=16.9, ϰ=[7.3, 10.1, 8.0], ∫ϰ²/L=[8.2, 12.7, 11.0], C-C-Sep=0.20, ║∇J║=3.6e-02
-----On 14/20 Initial Guess Perturbations
Iteration 148/1000-----
J=1.5e-02, Jf=1.1e-03, ⟨B·n⟩=8.0e-03, Len=sum([5.8, 5.5, 5.5])=16.9, ϰ=[7.2, 10.2, 7.8], ∫ϰ²/L=[8.2, 12.8, 11.1], C-C-Sep=0.20, ║∇J║=3.9e-02
-----On 14/20 Initial Guess Perturbations
Iteration 149/1000-----
J=1.5e-02, Jf=1.1e-03, ⟨B·n⟩=7.9e-03, Len=sum([5.8, 5.5, 5.5])=16.8, ϰ=[7.2, 10.1, 8.2], ∫ϰ²/L=[8.9, 13.4, 11.8], C-C-Sep=0.20, ║∇J║=7.3e-02
-----On 14/20 Initial Guess Perturbations
Iteration 150/1000-----
J=1.5e-02, Jf=1.1e-03, ⟨B·n⟩=7.9e-03, Len=sum([5.8, 5.5, 5.5])=16.7, ϰ=[6.8, 9.8, 8.0], ∫ϰ²/L=[8.4, 12.8, 11.1], C-C-Sep=0.20, ║∇J║=6.4e-02
-----On 14/20 Initial Guess Perturbations
Iteration 151/1000-----
J=1.5e-02, Jf=1.1e-03, ⟨B·n⟩=7.9e-03, Len=sum([5.8, 5.5, 5.5])=16.7, ϰ=[6.7, 9.8, 8.0], ∫ϰ²/L=[8.4, 12.5, 11.0], C-C-Sep=0.20, ║∇J║=5.0e-02
-----On 14/20 Initial Guess Perturbations
Iteration 152/1000-----
J=1.5e-02, Jf=1.1e-03, ⟨B·n⟩=7.9e-03, Len=sum([5.8, 5.5, 5.5])=16.7, ϰ=[6.5, 9.7, 7.7], ∫ϰ²/L=[8.2, 12.1, 10.6], C-C-Sep=0.20, ║∇J║=4.9e-02
-----On 14/20 Initial Guess Perturbations
Iteration 153/1000-----
J=1.5e-02, Jf=1.1e-03, ⟨B·n⟩=7.9e-03, Len=sum([5.8, 5.4, 5.4])=16.6, ϰ=[6.4, 9.9, 7.8], ∫ϰ²/L=[8.5, 12.1, 11.0], C-C-Sep=0.20, ║∇J║=5.2e-02
-----On 14/20 Initial Guess Perturbations
Iteration 154/1000-----
J=1.4e-02, Jf=1.1e-03, ⟨B·n⟩=7.8e-03, Len=sum([5.7, 5.4, 5.4])=16.6, ϰ=[6.3, 9.6, 7.6], ∫ϰ²/L=[8.4, 11.8, 11.0], C-C-Sep=0.20, ║∇J║=5.7e-02
-----On 14/20 Initial Guess Perturbations
Iteration 155/1000-----
J=1.4e-02, Jf=1.1e-03, ⟨B·n⟩=7.8e-03, Len=sum([5.7, 5.4, 5.4])=16.6, ϰ=[6.6, 9.4, 7.6], ∫ϰ²/L=[8.5, 11.6, 11.2], C-C-Sep=0.20, ║∇J║=4.9e-02
-----On 14/20 Initial Guess Perturbations
Iteration 156/1000-----
J=1.4e-02, Jf=1.1e-03, ⟨B·n⟩=7.8e-03, Len=sum([5.7, 5.4, 5.4])=16.5, ϰ=[6.8, 9.3, 7.5], ∫ϰ²/L=[8.5, 11.5, 11.3], C-C-Sep=0.20, ║∇J║=4.7e-02
-----On 14/20 Initial Guess Perturbations
Iteration 157/1000-----
J=1.4e-02, Jf=1.1e-03, ⟨B·n⟩=7.7e-03, Len=sum([5.7, 5.4, 5.4])=16.5, ϰ=[6.9, 9.0, 7.7], ∫ϰ²/L=[8.8, 11.5, 11.4], C-C-Sep=0.20, ║∇J║=4.5e-02
-----On 14/20 Initial Guess Perturbations
Iteration 158/1000-----
J=1.4e-02, Jf=1.1e-03, ⟨B·n⟩=7.7e-03, Len=sum([5.7, 5.4, 5.4])=16.5, ϰ=[6.8, 8.5, 7.6], ∫ϰ²/L=[8.7, 11.5, 11.2], C-C-Sep=0.20, ║∇J║=4.0e-02
-----On 14/20 Initial Guess Perturbations
Iteration 159/1000-----
J=1.4e-02, Jf=1.0e-03, ⟨B·n⟩=7.7e-03, Len=sum([5.7, 5.4, 5.4])=16.4, ϰ=[6.7, 8.8, 7.6], ∫ϰ²/L=[8.6, 11.6, 11.0], C-C-Sep=0.20, ║∇J║=4.7e-02
-----On 14/20 Initial Guess Perturbations
Iteration 160/1000-----
J=1.4e-02, Jf=1.0e-03, ⟨B·n⟩=7.7e-03, Len=sum([5.7, 5.4, 5.4])=16.4, ϰ=[6.5, 9.0, 8.1], ∫ϰ²/L=[8.7, 11.7, 11.1], C-C-Sep=0.20, ║∇J║=5.6e-02
-----On 14/20 Initial Guess Perturbations
Iteration 161/1000-----
J=1.4e-02, Jf=1.0e-03, ⟨B·n⟩=7.6e-03, Len=sum([5.6, 5.3, 5.4])=16.3, ϰ=[6.6, 9.4, 8.4], ∫ϰ²/L=[7.9, 11.2, 10.7], C-C-Sep=0.20, ║∇J║=6.3e-02
-----On 14/20 Initial Guess Perturbations
Iteration 162/1000-----
J=1.4e-02, Jf=1.0e-03, ⟨B·n⟩=7.6e-03, Len=sum([5.6, 5.3, 5.3])=16.3, ϰ=[6.9, 9.8, 8.8], ∫ϰ²/L=[8.3, 11.4, 11.4], C-C-Sep=0.20, ║∇J║=7.4e-02
-----On 14/20 Initial Guess Perturbations
Iteration 163/1000-----
J=1.4e-02, Jf=1.0e-03, ⟨B·n⟩=7.6e-03, Len=sum([5.6, 5.3, 5.3])=16.3, ϰ=[6.8, 9.8, 8.6], ∫ϰ²/L=[8.0, 11.0, 11.0], C-C-Sep=0.20, ║∇J║=4.5e-02
-----On 14/20 Initial Guess Perturbations
Iteration 164/1000-----
J=1.4e-02, Jf=1.0e-03, ⟨B·n⟩=7.6e-03, Len=sum([5.6, 5.3, 5.3])=16.2, ϰ=[6.9, 9.5, 8.7], ∫ϰ²/L=[7.9, 10.9, 10.8], C-C-Sep=0.20, ║∇J║=4.2e-02
-----On 14/20 Initial Guess Perturbations
Iteration 165/1000-----
J=1.4e-02, Jf=1.0e-03, ⟨B·n⟩=7.5e-03, Len=sum([5.6, 5.3, 5.3])=16.2, ϰ=[7.1, 9.7, 8.9], ∫ϰ²/L=[7.6, 11.1, 10.8], C-C-Sep=0.20, ║∇J║=5.1e-02
-----On 14/20 Initial Guess Perturbations
Iteration 166/1000-----
J=1.4e-02, Jf=1.0e-03, ⟨B·n⟩=7.5e-03, Len=sum([5.6, 5.3, 5.3])=16.1, ϰ=[7.3, 10.0, 9.0], ∫ϰ²/L=[7.8, 11.9, 11.2], C-C-Sep=0.20, ║∇J║=7.0e-02
-----On 14/20 Initial Guess Perturbations
Iteration 167/1000-----
J=1.4e-02, Jf=1.0e-03, ⟨B·n⟩=7.5e-03, Len=sum([5.5, 5.3, 5.3])=16.1, ϰ=[7.2, 9.5, 8.9], ∫ϰ²/L=[7.8, 11.7, 11.2], C-C-Sep=0.20, ║∇J║=4.7e-02
-----On 14/20 Initial Guess Perturbations
Iteration 168/1000-----
J=1.4e-02, Jf=9.9e-04, ⟨B·n⟩=7.5e-03, Len=sum([5.5, 5.3, 5.3])=16.1, ϰ=[7.0, 9.1, 8.7], ∫ϰ²/L=[7.6, 11.2, 11.0], C-C-Sep=0.20, ║∇J║=4.6e-02
-----On 14/20 Initial Guess Perturbations
Iteration 169/1000-----
J=1.4e-02, Jf=9.8e-04, ⟨B·n⟩=7.5e-03, Len=sum([5.5, 5.2, 5.3])=16.0, ϰ=[6.6, 8.7, 8.6], ∫ϰ²/L=[7.4, 10.5, 10.8], C-C-Sep=0.20, ║∇J║=5.2e-02
-----On 14/20 Initial Guess Perturbations
Iteration 170/1000-----
J=1.4e-02, Jf=9.7e-04, ⟨B·n⟩=7.4e-03, Len=sum([5.5, 5.2, 5.3])=16.0, ϰ=[6.6, 9.1, 8.7], ∫ϰ²/L=[7.8, 10.7, 11.3], C-C-Sep=0.20, ║∇J║=5.4e-02
-----On 14/20 Initial Guess Perturbations
Iteration 171/1000-----
J=1.4e-02, Jf=9.6e-04, ⟨B·n⟩=7.4e-03, Len=sum([5.5, 5.2, 5.3])=16.0, ϰ=[6.9, 8.5, 8.2], ∫ϰ²/L=[7.9, 10.2, 11.6], C-C-Sep=0.20, ║∇J║=6.2e-02
-----On 14/20 Initial Guess Perturbations
Iteration 172/1000-----
J=1.4e-02, Jf=9.6e-04, ⟨B·n⟩=7.4e-03, Len=sum([5.5, 5.2, 5.2])=15.9, ϰ=[7.0, 9.2, 8.4], ∫ϰ²/L=[8.1, 10.1, 11.6], C-C-Sep=0.20, ║∇J║=5.0e-02
-----On 14/20 Initial Guess Perturbations
Iteration 173/1000-----
J=1.4e-02, Jf=9.6e-04, ⟨B·n⟩=7.4e-03, Len=sum([5.5, 5.2, 5.2])=15.9, ϰ=[7.1, 9.0, 8.4], ∫ϰ²/L=[7.9, 9.7, 11.3], C-C-Sep=0.20, ║∇J║=4.2e-02
-----On 14/20 Initial Guess Perturbations
Iteration 174/1000-----
J=1.4e-02, Jf=9.5e-04, ⟨B·n⟩=7.4e-03, Len=sum([5.5, 5.2, 5.2])=15.9, ϰ=[7.4, 8.5, 8.3], ∫ϰ²/L=[7.9, 9.4, 11.2], C-C-Sep=0.20, ║∇J║=4.4e-02
-----On 14/20 Initial Guess Perturbations
Iteration 175/1000-----
J=1.4e-02, Jf=9.5e-04, ⟨B·n⟩=7.4e-03, Len=sum([5.4, 5.2, 5.2])=15.8, ϰ=[7.7, 7.7, 7.7], ∫ϰ²/L=[7.6, 9.2, 11.2], C-C-Sep=0.20, ║∇J║=6.5e-02
-----On 14/20 Initial Guess Perturbations
Iteration 176/1000-----
J=1.4e-02, Jf=9.4e-04, ⟨B·n⟩=7.4e-03, Len=sum([5.4, 5.1, 5.2])=15.8, ϰ=[7.7, 7.9, 7.8], ∫ϰ²/L=[7.3, 9.8, 11.2], C-C-Sep=0.20, ║∇J║=5.6e-02
-----On 14/20 Initial Guess Perturbations
Iteration 177/1000-----
J=1.4e-02, Jf=9.5e-04, ⟨B·n⟩=7.4e-03, Len=sum([5.4, 5.1, 5.2])=15.7, ϰ=[7.4, 7.7, 7.8], ∫ϰ²/L=[7.1, 9.5, 10.9], C-C-Sep=0.20, ║∇J║=3.7e-02
-----On 14/20 Initial Guess Perturbations
Iteration 178/1000-----
J=1.4e-02, Jf=9.5e-04, ⟨B·n⟩=7.4e-03, Len=sum([5.4, 5.1, 5.2])=15.7, ϰ=[7.4, 8.1, 7.7], ∫ϰ²/L=[7.2, 9.6, 11.0], C-C-Sep=0.20, ║∇J║=3.9e-02
-----On 14/20 Initial Guess Perturbations
Iteration 179/1000-----
J=1.4e-02, Jf=9.5e-04, ⟨B·n⟩=7.4e-03, Len=sum([5.4, 5.1, 5.2])=15.7, ϰ=[6.9, 7.6, 7.8], ∫ϰ²/L=[6.7, 9.0, 10.5], C-C-Sep=0.20, ║∇J║=4.9e-02
-----On 14/20 Initial Guess Perturbations
Iteration 180/1000-----
J=1.4e-02, Jf=9.5e-04, ⟨B·n⟩=7.4e-03, Len=sum([5.4, 5.1, 5.2])=15.6, ϰ=[7.1, 7.6, 8.0], ∫ϰ²/L=[6.8, 9.0, 10.7], C-C-Sep=0.20, ║∇J║=4.3e-02
-----On 14/20 Initial Guess Perturbations
Iteration 181/1000-----
J=1.3e-02, Jf=9.5e-04, ⟨B·n⟩=7.4e-03, Len=sum([5.4, 5.1, 5.2])=15.6, ϰ=[7.2, 7.2, 8.2], ∫ϰ²/L=[6.9, 8.6, 10.9], C-C-Sep=0.20, ║∇J║=4.4e-02
-----On 14/20 Initial Guess Perturbations
Iteration 182/1000-----
J=1.3e-02, Jf=9.4e-04, ⟨B·n⟩=7.4e-03, Len=sum([5.3, 5.1, 5.2])=15.6, ϰ=[7.1, 6.7, 8.1], ∫ϰ²/L=[7.1, 8.2, 11.0], C-C-Sep=0.20, ║∇J║=4.0e-02
-----On 14/20 Initial Guess Perturbations
Iteration 183/1000-----
J=1.3e-02, Jf=9.4e-04, ⟨B·n⟩=7.4e-03, Len=sum([5.3, 5.0, 5.1])=15.5, ϰ=[7.3, 6.0, 8.1], ∫ϰ²/L=[7.3, 7.9, 11.1], C-C-Sep=0.20, ║∇J║=3.9e-02
-----On 14/20 Initial Guess Perturbations
Iteration 184/1000-----
J=1.3e-02, Jf=9.4e-04, ⟨B·n⟩=7.4e-03, Len=sum([5.3, 5.0, 5.1])=15.5, ϰ=[7.2, 6.5, 7.7], ∫ϰ²/L=[7.7, 8.3, 11.4], C-C-Sep=0.20, ║∇J║=5.5e-02
-----On 14/20 Initial Guess Perturbations
Iteration 185/1000-----
J=1.3e-02, Jf=9.4e-04, ⟨B·n⟩=7.4e-03, Len=sum([5.3, 5.0, 5.1])=15.5, ϰ=[7.1, 6.3, 7.7], ∫ϰ²/L=[7.0, 8.1, 10.7], C-C-Sep=0.20, ║∇J║=3.9e-02
-----On 14/20 Initial Guess Perturbations
Iteration 186/1000-----
J=1.3e-02, Jf=9.4e-04, ⟨B·n⟩=7.4e-03, Len=sum([5.3, 5.0, 5.1])=15.4, ϰ=[7.1, 6.6, 7.8], ∫ϰ²/L=[7.1, 8.4, 10.8], C-C-Sep=0.20, ║∇J║=4.8e-02
-----On 14/20 Initial Guess Perturbations
Iteration 187/1000-----
J=1.3e-02, Jf=9.4e-04, ⟨B·n⟩=7.4e-03, Len=sum([5.3, 5.0, 5.1])=15.4, ϰ=[6.9, 6.7, 7.7], ∫ϰ²/L=[7.0, 8.3, 10.7], C-C-Sep=0.20, ║∇J║=3.6e-02
-----On 14/20 Initial Guess Perturbations
Iteration 188/1000-----
J=1.3e-02, Jf=9.5e-04, ⟨B·n⟩=7.4e-03, Len=sum([5.3, 5.0, 5.1])=15.4, ϰ=[6.5, 7.1, 8.0], ∫ϰ²/L=[7.2, 8.8, 10.6], C-C-Sep=0.20, ║∇J║=3.7e-02
-----On 14/20 Initial Guess Perturbations
Iteration 189/1000-----
J=1.3e-02, Jf=9.5e-04, ⟨B·n⟩=7.4e-03, Len=sum([5.2, 5.0, 5.1])=15.3, ϰ=[6.6, 6.9, 8.1], ∫ϰ²/L=[7.2, 8.7, 10.5], C-C-Sep=0.20, ║∇J║=4.1e-02
-----On 14/20 Initial Guess Perturbations
Iteration 190/1000-----
J=1.3e-02, Jf=9.5e-04, ⟨B·n⟩=7.4e-03, Len=sum([5.2, 5.0, 5.1])=15.3, ϰ=[6.9, 7.2, 8.5], ∫ϰ²/L=[7.3, 8.8, 10.5], C-C-Sep=0.20, ║∇J║=4.2e-02
-----On 14/20 Initial Guess Perturbations
Iteration 191/1000-----
J=1.3e-02, Jf=9.6e-04, ⟨B·n⟩=7.5e-03, Len=sum([5.2, 5.0, 5.1])=15.2, ϰ=[7.0, 7.0, 8.8], ∫ϰ²/L=[7.3, 8.6, 10.4], C-C-Sep=0.20, ║∇J║=4.0e-02
-----On 14/20 Initial Guess Perturbations
Iteration 192/1000-----
J=1.3e-02, Jf=9.6e-04, ⟨B·n⟩=7.5e-03, Len=sum([5.2, 5.0, 5.0])=15.2, ϰ=[6.9, 7.1, 8.6], ∫ϰ²/L=[7.4, 8.8, 10.4], C-C-Sep=0.20, ║∇J║=3.9e-02
-----On 14/20 Initial Guess Perturbations
Iteration 193/1000-----
J=1.3e-02, Jf=9.7e-04, ⟨B·n⟩=7.5e-03, Len=sum([5.2, 4.9, 5.0])=15.2, ϰ=[6.5, 6.7, 8.5], ∫ϰ²/L=[7.3, 8.6, 10.3], C-C-Sep=0.20, ║∇J║=3.6e-02
-----On 14/20 Initial Guess Perturbations
Iteration 194/1000-----
J=1.3e-02, Jf=9.7e-04, ⟨B·n⟩=7.5e-03, Len=sum([5.2, 4.9, 5.0])=15.1, ϰ=[6.5, 7.4, 8.5], ∫ϰ²/L=[7.6, 9.0, 10.3], C-C-Sep=0.20, ║∇J║=4.4e-02
-----On 14/20 Initial Guess Perturbations
Iteration 195/1000-----
J=1.3e-02, Jf=9.6e-04, ⟨B·n⟩=7.4e-03, Len=sum([5.2, 4.9, 5.0])=15.1, ϰ=[6.5, 6.7, 8.6], ∫ϰ²/L=[7.2, 8.1, 9.8], C-C-Sep=0.20, ║∇J║=4.4e-02
-----On 14/20 Initial Guess Perturbations
Iteration 196/1000-----
J=1.3e-02, Jf=9.7e-04, ⟨B·n⟩=7.5e-03, Len=sum([5.2, 4.9, 5.0])=15.1, ϰ=[6.5, 6.8, 8.5], ∫ϰ²/L=[7.4, 8.1, 9.8], C-C-Sep=0.20, ║∇J║=3.9e-02
-----On 14/20 Initial Guess Perturbations
Iteration 197/1000-----
J=1.3e-02, Jf=9.7e-04, ⟨B·n⟩=7.5e-03, Len=sum([5.1, 4.9, 5.0])=15.0, ϰ=[6.6, 7.0, 8.4], ∫ϰ²/L=[7.6, 8.0, 9.8], C-C-Sep=0.20, ║∇J║=3.4e-02
-----On 14/20 Initial Guess Perturbations
Iteration 198/1000-----
J=1.3e-02, Jf=9.9e-04, ⟨B·n⟩=7.5e-03, Len=sum([5.1, 4.9, 5.0])=15.0, ϰ=[6.8, 7.0, 8.4], ∫ϰ²/L=[8.0, 8.2, 10.0], C-C-Sep=0.20, ║∇J║=3.4e-02
-----On 14/20 Initial Guess Perturbations
Iteration 199/1000-----
J=1.3e-02, Jf=1.0e-03, ⟨B·n⟩=7.6e-03, Len=sum([5.1, 4.9, 5.0])=14.9, ϰ=[7.2, 7.3, 8.5], ∫ϰ²/L=[8.2, 8.4, 10.1], C-C-Sep=0.20, ║∇J║=4.5e-02
-----On 14/20 Initial Guess Perturbations
Iteration 200/1000-----
J=1.3e-02, Jf=1.0e-03, ⟨B·n⟩=7.6e-03, Len=sum([5.1, 4.9, 5.0])=14.9, ϰ=[7.3, 7.2, 8.6], ∫ϰ²/L=[8.0, 8.5, 10.0], C-C-Sep=0.20, ║∇J║=3.6e-02
-----On 14/20 Initial Guess Perturbations
Iteration 201/1000-----
J=1.3e-02, Jf=1.0e-03, ⟨B·n⟩=7.7e-03, Len=sum([5.1, 4.8, 5.0])=14.9, ϰ=[7.3, 7.4, 8.5], ∫ϰ²/L=[8.0, 8.6, 9.9], C-C-Sep=0.20, ║∇J║=3.0e-02
-----On 14/20 Initial Guess Perturbations
Iteration 202/1000-----
J=1.3e-02, Jf=1.0e-03, ⟨B·n⟩=7.7e-03, Len=sum([5.1, 4.8, 5.0])=14.9, ϰ=[6.9, 7.4, 8.5], ∫ϰ²/L=[7.6, 8.3, 9.8], C-C-Sep=0.20, ║∇J║=3.1e-02
-----On 14/20 Initial Guess Perturbations
Iteration 203/1000-----
J=1.3e-02, Jf=1.0e-03, ⟨B·n⟩=7.7e-03, Len=sum([5.0, 4.8, 5.0])=14.8, ϰ=[7.3, 7.9, 8.3], ∫ϰ²/L=[7.6, 8.4, 9.8], C-C-Sep=0.20, ║∇J║=3.7e-02
-----On 14/20 Initial Guess Perturbations
Iteration 204/1000-----
J=1.3e-02, Jf=1.0e-03, ⟨B·n⟩=7.8e-03, Len=sum([5.0, 4.8, 4.9])=14.8, ϰ=[7.7, 8.2, 8.2], ∫ϰ²/L=[7.8, 8.6, 9.9], C-C-Sep=0.20, ║∇J║=3.8e-02
-----On 14/20 Initial Guess Perturbations
Iteration 205/1000-----
J=1.3e-02, Jf=1.0e-03, ⟨B·n⟩=7.8e-03, Len=sum([5.0, 4.8, 4.9])=14.8, ϰ=[7.8, 8.3, 8.2], ∫ϰ²/L=[7.8, 8.7, 9.8], C-C-Sep=0.20, ║∇J║=3.2e-02
-----On 14/20 Initial Guess Perturbations
Iteration 206/1000-----
J=1.3e-02, Jf=1.1e-03, ⟨B·n⟩=7.8e-03, Len=sum([5.0, 4.8, 4.9])=14.7, ϰ=[8.2, 8.6, 8.3], ∫ϰ²/L=[7.9, 9.0, 9.8], C-C-Sep=0.20, ║∇J║=3.3e-02
-----On 14/20 Initial Guess Perturbations
Iteration 207/1000-----
J=1.3e-02, Jf=1.1e-03, ⟨B·n⟩=7.8e-03, Len=sum([5.0, 4.8, 4.9])=14.7, ϰ=[8.2, 8.3, 8.2], ∫ϰ²/L=[7.7, 8.6, 9.6], C-C-Sep=0.20, ║∇J║=3.2e-02
-----On 14/20 Initial Guess Perturbations
Iteration 208/1000-----
J=1.3e-02, Jf=1.1e-03, ⟨B·n⟩=7.9e-03, Len=sum([5.0, 4.8, 4.9])=14.7, ϰ=[8.4, 8.6, 8.2], ∫ϰ²/L=[7.8, 8.8, 9.6], C-C-Sep=0.20, ║∇J║=3.1e-02
-----On 14/20 Initial Guess Perturbations
Iteration 209/1000-----
J=1.3e-02, Jf=1.1e-03, ⟨B·n⟩=7.9e-03, Len=sum([5.0, 4.8, 4.9])=14.7, ϰ=[7.9, 8.6, 7.9], ∫ϰ²/L=[7.8, 8.5, 9.5], C-C-Sep=0.20, ║∇J║=3.2e-02
-----On 14/20 Initial Guess Perturbations
Iteration 210/1000-----
J=1.3e-02, Jf=1.1e-03, ⟨B·n⟩=7.9e-03, Len=sum([5.0, 4.8, 4.9])=14.6, ϰ=[8.0, 8.6, 7.3], ∫ϰ²/L=[8.0, 8.7, 9.6], C-C-Sep=0.20, ║∇J║=2.9e-02
-----On 14/20 Initial Guess Perturbations
Iteration 211/1000-----
J=1.3e-02, Jf=1.1e-03, ⟨B·n⟩=8.0e-03, Len=sum([4.9, 4.7, 4.9])=14.6, ϰ=[8.1, 8.6, 6.9], ∫ϰ²/L=[7.9, 8.8, 9.6], C-C-Sep=0.20, ║∇J║=3.8e-02
-----On 14/20 Initial Guess Perturbations
Iteration 212/1000-----
J=1.3e-02, Jf=1.1e-03, ⟨B·n⟩=8.0e-03, Len=sum([4.9, 4.7, 4.9])=14.5, ϰ=[8.1, 8.4, 6.6], ∫ϰ²/L=[7.9, 9.0, 9.7], C-C-Sep=0.20, ║∇J║=2.7e-02
-----On 14/20 Initial Guess Perturbations
Iteration 213/1000-----
J=1.3e-02, Jf=1.1e-03, ⟨B·n⟩=8.0e-03, Len=sum([4.9, 4.7, 4.9])=14.5, ϰ=[8.3, 8.4, 6.4], ∫ϰ²/L=[7.9, 8.9, 9.7], C-C-Sep=0.20, ║∇J║=2.3e-02
-----On 14/20 Initial Guess Perturbations
Iteration 214/1000-----
J=1.3e-02, Jf=1.1e-03, ⟨B·n⟩=8.0e-03, Len=sum([4.9, 4.7, 4.9])=14.5, ϰ=[8.3, 8.2, 6.3], ∫ϰ²/L=[7.8, 8.8, 9.5], C-C-Sep=0.20, ║∇J║=2.6e-02
-----On 14/20 Initial Guess Perturbations
Iteration 215/1000-----
J=1.3e-02, Jf=1.1e-03, ⟨B·n⟩=8.1e-03, Len=sum([4.9, 4.7, 4.8])=14.5, ϰ=[8.2, 8.4, 6.4], ∫ϰ²/L=[7.7, 8.8, 9.5], C-C-Sep=0.20, ║∇J║=2.9e-02
-----On 14/20 Initial Guess Perturbations
Iteration 216/1000-----
J=1.3e-02, Jf=1.1e-03, ⟨B·n⟩=8.1e-03, Len=sum([4.9, 4.7, 4.8])=14.4, ϰ=[7.7, 8.3, 6.3], ∫ϰ²/L=[7.6, 8.9, 9.3], C-C-Sep=0.20, ║∇J║=3.1e-02
-----On 14/20 Initial Guess Perturbations
Iteration 217/1000-----
J=1.3e-02, Jf=1.1e-03, ⟨B·n⟩=8.1e-03, Len=sum([4.9, 4.7, 4.8])=14.4, ϰ=[7.2, 8.5, 7.0], ∫ϰ²/L=[7.8, 9.2, 9.2], C-C-Sep=0.20, ║∇J║=3.3e-02
-----On 14/20 Initial Guess Perturbations
Iteration 218/1000-----
J=1.3e-02, Jf=1.1e-03, ⟨B·n⟩=8.1e-03, Len=sum([4.9, 4.7, 4.8])=14.4, ϰ=[6.9, 8.4, 7.1], ∫ϰ²/L=[7.8, 9.1, 9.1], C-C-Sep=0.20, ║∇J║=3.0e-02
-----On 14/20 Initial Guess Perturbations
Iteration 219/1000-----
J=1.3e-02, Jf=1.2e-03, ⟨B·n⟩=8.2e-03, Len=sum([4.9, 4.7, 4.8])=14.3, ϰ=[6.7, 8.5, 7.3], ∫ϰ²/L=[7.9, 8.9, 9.1], C-C-Sep=0.20, ║∇J║=2.5e-02
-----On 14/20 Initial Guess Perturbations
Iteration 220/1000-----
J=1.3e-02, Jf=1.2e-03, ⟨B·n⟩=8.2e-03, Len=sum([4.9, 4.7, 4.8])=14.3, ϰ=[6.7, 8.3, 7.1], ∫ϰ²/L=[7.9, 8.6, 9.0], C-C-Sep=0.20, ║∇J║=2.8e-02
-----On 14/20 Initial Guess Perturbations
Iteration 221/1000-----
J=1.3e-02, Jf=1.2e-03, ⟨B·n⟩=8.3e-03, Len=sum([4.8, 4.7, 4.8])=14.3, ϰ=[6.9, 8.7, 7.5], ∫ϰ²/L=[8.1, 8.6, 9.2], C-C-Sep=0.20, ║∇J║=3.5e-02
-----On 14/20 Initial Guess Perturbations
Iteration 222/1000-----
J=1.3e-02, Jf=1.2e-03, ⟨B·n⟩=8.2e-03, Len=sum([4.8, 4.7, 4.8])=14.3, ϰ=[6.5, 8.1, 7.3], ∫ϰ²/L=[7.9, 8.4, 9.2], C-C-Sep=0.20, ║∇J║=3.0e-02
-----On 14/20 Initial Guess Perturbations
Iteration 223/1000-----
J=1.3e-02, Jf=1.2e-03, ⟨B·n⟩=8.3e-03, Len=sum([4.8, 4.6, 4.8])=14.2, ϰ=[6.5, 8.3, 7.5], ∫ϰ²/L=[7.8, 8.5, 9.2], C-C-Sep=0.20, ║∇J║=3.7e-02
-----On 14/20 Initial Guess Perturbations
Iteration 224/1000-----
J=1.3e-02, Jf=1.2e-03, ⟨B·n⟩=8.2e-03, Len=sum([4.8, 4.7, 4.8])=14.2, ϰ=[6.3, 8.0, 7.2], ∫ϰ²/L=[7.3, 8.3, 9.0], C-C-Sep=0.20, ║∇J║=2.6e-02
-----On 14/20 Initial Guess Perturbations
Iteration 225/1000-----
J=1.3e-02, Jf=1.2e-03, ⟨B·n⟩=8.3e-03, Len=sum([4.8, 4.6, 4.8])=14.2, ϰ=[6.2, 8.0, 7.3], ∫ϰ²/L=[7.2, 8.4, 8.9], C-C-Sep=0.20, ║∇J║=2.7e-02
-----On 14/20 Initial Guess Perturbations
Iteration 226/1000-----
J=1.3e-02, Jf=1.2e-03, ⟨B·n⟩=8.3e-03, Len=sum([4.8, 4.6, 4.7])=14.2, ϰ=[6.3, 7.9, 7.0], ∫ϰ²/L=[7.0, 8.4, 8.6], C-C-Sep=0.20, ║∇J║=2.5e-02
-----On 14/20 Initial Guess Perturbations
Iteration 227/1000-----
J=1.3e-02, Jf=1.2e-03, ⟨B·n⟩=8.3e-03, Len=sum([4.8, 4.6, 4.7])=14.2, ϰ=[6.2, 7.9, 7.1], ∫ϰ²/L=[7.2, 8.8, 8.6], C-C-Sep=0.20, ║∇J║=3.8e-02
-----On 14/20 Initial Guess Perturbations
Iteration 228/1000-----
J=1.3e-02, Jf=1.2e-03, ⟨B·n⟩=8.3e-03, Len=sum([4.8, 4.6, 4.7])=14.1, ϰ=[6.3, 7.6, 7.2], ∫ϰ²/L=[7.3, 8.9, 8.7], C-C-Sep=0.20, ║∇J║=2.5e-02
-----On 14/20 Initial Guess Perturbations
Iteration 229/1000-----
J=1.3e-02, Jf=1.2e-03, ⟨B·n⟩=8.4e-03, Len=sum([4.8, 4.6, 4.7])=14.1, ϰ=[6.2, 7.6, 7.1], ∫ϰ²/L=[7.1, 8.7, 8.7], C-C-Sep=0.20, ║∇J║=2.2e-02
-----On 14/20 Initial Guess Perturbations
Iteration 230/1000-----
J=1.3e-02, Jf=1.2e-03, ⟨B·n⟩=8.4e-03, Len=sum([4.8, 4.6, 4.7])=14.1, ϰ=[6.3, 7.8, 7.3], ∫ϰ²/L=[7.0, 8.6, 8.7], C-C-Sep=0.20, ║∇J║=2.4e-02
-----On 14/20 Initial Guess Perturbations
Iteration 231/1000-----
J=1.2e-02, Jf=1.2e-03, ⟨B·n⟩=8.4e-03, Len=sum([4.8, 4.6, 4.7])=14.1, ϰ=[6.3, 8.0, 7.6], ∫ϰ²/L=[7.0, 8.6, 8.7], C-C-Sep=0.20, ║∇J║=3.1e-02
-----On 14/20 Initial Guess Perturbations
Iteration 232/1000-----
J=1.2e-02, Jf=1.2e-03, ⟨B·n⟩=8.4e-03, Len=sum([4.8, 4.6, 4.7])=14.1, ϰ=[6.2, 7.8, 7.6], ∫ϰ²/L=[7.0, 8.3, 8.6], C-C-Sep=0.20, ║∇J║=2.5e-02
-----On 14/20 Initial Guess Perturbations
Iteration 233/1000-----
J=1.2e-02, Jf=1.2e-03, ⟨B·n⟩=8.5e-03, Len=sum([4.8, 4.6, 4.7])=14.0, ϰ=[6.0, 7.8, 8.5], ∫ϰ²/L=[7.0, 8.4, 8.5], C-C-Sep=0.20, ║∇J║=3.0e-02
-----On 14/20 Initial Guess Perturbations
Iteration 234/1000-----
J=1.2e-02, Jf=1.2e-03, ⟨B·n⟩=8.5e-03, Len=sum([4.8, 4.6, 4.7])=14.0, ϰ=[6.0, 7.8, 8.5], ∫ϰ²/L=[6.8, 8.3, 8.4], C-C-Sep=0.20, ║∇J║=2.5e-02
-----On 14/20 Initial Guess Perturbations
Iteration 235/1000-----
J=1.2e-02, Jf=1.2e-03, ⟨B·n⟩=8.5e-03, Len=sum([4.8, 4.6, 4.7])=14.0, ϰ=[6.1, 7.6, 8.5], ∫ϰ²/L=[6.6, 8.3, 8.4], C-C-Sep=0.20, ║∇J║=1.9e-02
-----On 14/20 Initial Guess Perturbations
Iteration 236/1000-----
J=1.2e-02, Jf=1.2e-03, ⟨B·n⟩=8.5e-03, Len=sum([4.8, 4.6, 4.7])=14.0, ϰ=[6.2, 7.1, 8.6], ∫ϰ²/L=[6.5, 8.2, 8.3], C-C-Sep=0.20, ║∇J║=1.9e-02
-----On 14/20 Initial Guess Perturbations
Iteration 237/1000-----
J=1.2e-02, Jf=1.2e-03, ⟨B·n⟩=8.5e-03, Len=sum([4.8, 4.6, 4.7])=14.0, ϰ=[6.1, 7.0, 8.6], ∫ϰ²/L=[6.3, 8.2, 8.3], C-C-Sep=0.20, ║∇J║=2.5e-02
-----On 14/20 Initial Guess Perturbations
Iteration 238/1000-----
J=1.2e-02, Jf=1.2e-03, ⟨B·n⟩=8.5e-03, Len=sum([4.8, 4.6, 4.6])=14.0, ϰ=[6.0, 6.8, 8.5], ∫ϰ²/L=[6.3, 8.1, 8.4], C-C-Sep=0.20, ║∇J║=1.8e-02
-----On 14/20 Initial Guess Perturbations
Iteration 239/1000-----
J=1.2e-02, Jf=1.2e-03, ⟨B·n⟩=8.6e-03, Len=sum([4.7, 4.6, 4.6])=14.0, ϰ=[5.8, 6.6, 8.4], ∫ϰ²/L=[6.2, 8.0, 8.3], C-C-Sep=0.20, ║∇J║=2.3e-02
-----On 14/20 Initial Guess Perturbations
Iteration 240/1000-----
J=1.2e-02, Jf=1.2e-03, ⟨B·n⟩=8.6e-03, Len=sum([4.7, 4.6, 4.6])=14.0, ϰ=[5.6, 6.6, 8.4], ∫ϰ²/L=[6.2, 8.0, 8.2], C-C-Sep=0.20, ║∇J║=1.8e-02
-----On 14/20 Initial Guess Perturbations
Iteration 241/1000-----
J=1.2e-02, Jf=1.2e-03, ⟨B·n⟩=8.6e-03, Len=sum([4.7, 4.6, 4.6])=13.9, ϰ=[5.7, 6.4, 8.3], ∫ϰ²/L=[6.1, 7.9, 8.1], C-C-Sep=0.20, ║∇J║=1.7e-02
-----On 14/20 Initial Guess Perturbations
slurmstepd: error: *** JOB 65237829 ON cl004 CANCELLED AT 2025-08-20T01:19:01 ***
