Running initial guess perturbation 13
Coil 0: RMS error: 0.000006, Relative: 0.000004
Max point error: 0.000031, Min point error: 0.000000
Coil 1: RMS error: 0.000003, Relative: 0.000002
Max point error: 0.000014, Min point error: 0.000000
Coil 2: RMS error: 0.000004, Relative: 0.000002
Max point error: 0.000021, Min point error: 0.000000
Overall fit errors: [6.421612885287083e-06, 2.933452504845866e-06, 3.7837259996214506e-06]
Mean fit error: 0.000004

################################################################################
### Perform a Taylor test ######################################################
################################################################################

Iteration 1/2000-----
J=2.5e-01, ⟨Jf⟩=5.5e-02, ⟨B·n⟩=5.8e-02, Len=sum([5.4, 5.6, 5.2])=16.3, ϰ=[35.6, 6.6, 7.5], ∫ϰ²/L>=[16.6, 3.8, 2.8], C-C-Sep=0.07, ║∇J║=9.2e+00
-----On 14/20 Initial Guess Perturbations
Iteration 2/2000-----
J=2.5e-01, ⟨Jf⟩=5.5e-02, ⟨B·n⟩=5.8e-02, Len=sum([5.4, 5.6, 5.3])=16.3, ϰ=[29.3, 9.5, 11.9], ∫ϰ²/L>=[17.0, 6.0, 6.5], C-C-Sep=0.07, ║∇J║=9.2e+00
-----On 14/20 Initial Guess Perturbations
Iteration 3/2000-----
J=2.5e-01, ⟨Jf⟩=5.5e-02, ⟨B·n⟩=5.8e-02, Len=sum([5.4, 5.6, 5.3])=16.3, ϰ=[52.3, 7.7, 8.9], ∫ϰ²/L>=[22.1, 5.9, 5.5], C-C-Sep=0.07, ║∇J║=9.2e+00
-----On 14/20 Initial Guess Perturbations
err -0.17511332422932818
Iteration 4/2000-----
J=2.5e-01, ⟨Jf⟩=5.5e-02, ⟨B·n⟩=5.8e-02, Len=sum([5.4, 5.6, 5.2])=16.3, ϰ=[34.0, 6.5, 7.9], ∫ϰ²/L>=[16.4, 3.8, 2.9], C-C-Sep=0.07, ║∇J║=9.2e+00
-----On 14/20 Initial Guess Perturbations
Iteration 5/2000-----
J=2.5e-01, ⟨Jf⟩=5.5e-02, ⟨B·n⟩=5.8e-02, Len=sum([5.4, 5.6, 5.2])=16.3, ϰ=[37.2, 6.7, 7.1], ∫ϰ²/L>=[16.9, 3.9, 2.8], C-C-Sep=0.07, ║∇J║=9.2e+00
-----On 14/20 Initial Guess Perturbations
err -0.0018990363406104493
slurmstepd: error: *** JOB 65237863 ON cl004 CANCELLED AT 2025-08-20T01:19:01 ***
