Running initial guess perturbation 15
Coil 0: RMS error: 0.000006, Relative: 0.000004
Max point error: 0.000026, Min point error: 0.000000
Coil 1: RMS error: 0.000006, Relative: 0.000004
Max point error: 0.000034, Min point error: 0.000000
Coil 2: RMS error: 0.000005, Relative: 0.000003
Max point error: 0.000030, Min point error: 0.000000
Overall fit errors: [5.846882654163249e-06, 6.419319302209974e-06, 5.077259003111324e-06]
Mean fit error: 0.000006

################################################################################
### Perform a Taylor test ######################################################
################################################################################

Iteration 1/2000-----
J=2.0e-01, ⟨Jf⟩=5.4e-02, ⟨B·n⟩=5.6e-02, Len=sum([5.4, 5.5, 5.3])=16.2, ϰ=[10.6, 38.4, 18.8], ∫ϰ²/L>=[8.8, 12.1, 9.5], C-C-Sep=0.12, ║∇J║=8.1e+00
-----On 16/20 Initial Guess Perturbations
Iteration 2/2000-----
J=2.0e-01, ⟨Jf⟩=5.3e-02, ⟨B·n⟩=5.6e-02, Len=sum([5.4, 5.5, 5.3])=16.2, ϰ=[12.2, 40.3, 21.7], ∫ϰ²/L>=[11.8, 14.5, 11.4], C-C-Sep=0.12, ║∇J║=8.0e+00
-----On 16/20 Initial Guess Perturbations
Iteration 3/2000-----
J=2.0e-01, ⟨Jf⟩=5.4e-02, ⟨B·n⟩=5.6e-02, Len=sum([5.4, 5.5, 5.3])=16.2, ϰ=[11.0, 37.3, 17.8], ∫ϰ²/L>=[11.2, 13.6, 11.5], C-C-Sep=0.11, ║∇J║=8.2e+00
-----On 16/20 Initial Guess Perturbations
err -0.1402672227742756
Iteration 4/2000-----
J=2.0e-01, ⟨Jf⟩=5.4e-02, ⟨B·n⟩=5.6e-02, Len=sum([5.4, 5.5, 5.3])=16.2, ϰ=[10.8, 38.5, 19.1], ∫ϰ²/L>=[8.9, 12.2, 9.5], C-C-Sep=0.12, ║∇J║=8.1e+00
-----On 16/20 Initial Guess Perturbations
slurmstepd: error: *** JOB 65237865 ON cm040 CANCELLED AT 2025-08-20T01:19:01 ***
