Running initial guess perturbation 7
Coil 0: RMS error: 0.000006, Relative: 0.000003
Max point error: 0.000031, Min point error: 0.000000
Coil 1: RMS error: 0.000004, Relative: 0.000002
Max point error: 0.000020, Min point error: 0.000000
Coil 2: RMS error: 0.000004, Relative: 0.000002
Max point error: 0.000019, Min point error: 0.000000
Overall fit errors: [5.841702614674591e-06, 3.6226879512414794e-06, 4.3784805159541795e-06]
Mean fit error: 0.000005

################################################################################
### Perform a Taylor test ######################################################
################################################################################

Iteration 1/2000-----
J=4.4e-01, ⟨Jf⟩=5.5e-02, ⟨B·n⟩=5.8e-02, Len=sum([5.3, 5.7, 5.7])=16.8, ϰ=[8.8, 5.8, 5.1], ∫ϰ²/L>=[4.6, 3.5, 2.5], C-C-Sep=0.03, ║∇J║=1.1e+01
-----On 8/20 Initial Guess Perturbations
Iteration 2/2000-----
J=4.4e-01, ⟨Jf⟩=5.5e-02, ⟨B·n⟩=5.8e-02, Len=sum([5.3, 5.7, 5.7])=16.8, ϰ=[13.0, 7.9, 7.5], ∫ϰ²/L>=[7.6, 5.3, 4.3], C-C-Sep=0.03, ║∇J║=1.1e+01
-----On 8/20 Initial Guess Perturbations
Iteration 3/2000-----
J=4.4e-01, ⟨Jf⟩=5.5e-02, ⟨B·n⟩=5.8e-02, Len=sum([5.3, 5.7, 5.7])=16.8, ϰ=[9.5, 5.9, 6.0], ∫ϰ²/L>=[6.3, 5.1, 4.1], C-C-Sep=0.03, ║∇J║=1.1e+01
-----On 8/20 Initial Guess Perturbations
err -0.15842657710206964
Iteration 4/2000-----
J=4.4e-01, ⟨Jf⟩=5.5e-02, ⟨B·n⟩=5.8e-02, Len=sum([5.3, 5.7, 5.7])=16.8, ϰ=[9.1, 5.9, 5.1], ∫ϰ²/L>=[4.6, 3.6, 2.5], C-C-Sep=0.03, ║∇J║=1.1e+01
-----On 8/20 Initial Guess Perturbations
Iteration 5/2000-----
J=4.4e-01, ⟨Jf⟩=5.5e-02, ⟨B·n⟩=5.8e-02, Len=sum([5.3, 5.7, 5.7])=16.8, ϰ=[8.4, 5.7, 5.2], ∫ϰ²/L>=[4.5, 3.6, 2.5], C-C-Sep=0.03, ║∇J║=1.1e+01
-----On 8/20 Initial Guess Perturbations
err -0.001660722374694057
slurmstepd: error: *** JOB 65237857 ON cl004 CANCELLED AT 2025-08-20T01:19:01 ***
