Running initial guess perturbation 6
Coil 0: RMS error: 0.000005, Relative: 0.000003
Max point error: 0.000025, Min point error: 0.000000
Coil 1: RMS error: 0.000004, Relative: 0.000002
Max point error: 0.000019, Min point error: 0.000000
Coil 2: RMS error: 0.000005, Relative: 0.000004
Max point error: 0.000030, Min point error: 0.000000
Overall fit errors: [5.228119107869163e-06, 3.7738699134964934e-06, 5.49206334520583e-06]
Mean fit error: 0.000005

################################################################################
### Perform a Taylor test ######################################################
################################################################################

Iteration 1/1000-----
J=4.4e-01, Jf=5.0e-02, ⟨B·n⟩=5.5e-02, Len=sum([5.9, 5.4, 5.4])=16.8, ϰ=[12.2, 5.7, 20.9], ∫ϰ²/L=[7.4, 3.4, 12.3], C-C-Sep=0.05, ║∇J║=1.6e+01
-----On 7/20 Initial Guess Perturbations
Iteration 2/1000-----
J=4.4e-01, Jf=5.0e-02, ⟨B·n⟩=5.5e-02, Len=sum([5.9, 5.5, 5.4])=16.8, ϰ=[13.2, 10.1, 23.9], ∫ϰ²/L=[9.5, 6.2, 15.4], C-C-Sep=0.05, ║∇J║=1.6e+01
-----On 7/20 Initial Guess Perturbations
Iteration 3/1000-----
J=4.4e-01, Jf=5.0e-02, ⟨B·n⟩=5.5e-02, Len=sum([5.9, 5.5, 5.4])=16.8, ϰ=[11.5, 7.7, 18.6], ∫ϰ²/L=[8.4, 5.9, 14.5], C-C-Sep=0.05, ║∇J║=1.6e+01
-----On 7/20 Initial Guess Perturbations
err -0.16979715406929752
Iteration 4/1000-----
J=4.4e-01, Jf=5.0e-02, ⟨B·n⟩=5.5e-02, Len=sum([5.9, 5.4, 5.4])=16.8, ϰ=[12.3, 5.7, 21.2], ∫ϰ²/L=[7.5, 3.5, 12.3], C-C-Sep=0.05, ║∇J║=1.6e+01
-----On 7/20 Initial Guess Perturbations
Iteration 5/1000-----
J=4.4e-01, Jf=5.0e-02, ⟨B·n⟩=5.5e-02, Len=sum([5.9, 5.4, 5.4])=16.8, ϰ=[12.1, 5.6, 20.6], ∫ϰ²/L=[7.4, 3.5, 12.3], C-C-Sep=0.05, ║∇J║=1.6e+01
-----On 7/20 Initial Guess Perturbations
err -0.0017914408211991972
Iteration 6/1000-----
J=4.4e-01, Jf=5.0e-02, ⟨B·n⟩=5.5e-02, Len=sum([5.9, 5.4, 5.4])=16.8, ϰ=[12.2, 5.7, 20.9], ∫ϰ²/L=[7.4, 3.4, 12.3], C-C-Sep=0.05, ║∇J║=1.6e+01
-----On 7/20 Initial Guess Perturbations
Iteration 7/1000-----
J=4.4e-01, Jf=5.0e-02, ⟨B·n⟩=5.5e-02, Len=sum([5.9, 5.4, 5.4])=16.8, ϰ=[12.2, 5.6, 20.8], ∫ϰ²/L=[7.4, 3.4, 12.3], C-C-Sep=0.05, ║∇J║=1.6e+01
-----On 7/20 Initial Guess Perturbations
err -1.8568199713131506e-05
Iteration 8/1000-----
J=4.4e-01, Jf=5.0e-02, ⟨B·n⟩=5.5e-02, Len=sum([5.9, 5.4, 5.4])=16.8, ϰ=[12.2, 5.7, 20.9], ∫ϰ²/L=[7.4, 3.4, 12.3], C-C-Sep=0.05, ║∇J║=1.6e+01
-----On 7/20 Initial Guess Perturbations
Iteration 9/1000-----
J=4.4e-01, Jf=5.0e-02, ⟨B·n⟩=5.5e-02, Len=sum([5.9, 5.4, 5.4])=16.8, ϰ=[12.2, 5.7, 20.9], ∫ϰ²/L=[7.4, 3.4, 12.3], C-C-Sep=0.05, ║∇J║=1.6e+01
-----On 7/20 Initial Guess Perturbations
err -1.875166264486694e-07
Iteration 10/1000-----
J=4.4e-01, Jf=5.0e-02, ⟨B·n⟩=5.5e-02, Len=sum([5.9, 5.4, 5.4])=16.8, ϰ=[12.2, 5.7, 20.9], ∫ϰ²/L=[7.4, 3.4, 12.3], C-C-Sep=0.05, ║∇J║=1.6e+01
-----On 7/20 Initial Guess Perturbations
Iteration 11/1000-----
J=4.4e-01, Jf=5.0e-02, ⟨B·n⟩=5.5e-02, Len=sum([5.9, 5.4, 5.4])=16.8, ϰ=[12.2, 5.7, 20.9], ∫ϰ²/L=[7.4, 3.4, 12.3], C-C-Sep=0.05, ║∇J║=1.6e+01
-----On 7/20 Initial Guess Perturbations
err -5.0792279271405505e-09

################################################################################
### Run the optimisation #######################################################
################################################################################

Iteration 1/1000-----
J=4.4e-01, Jf=5.0e-02, ⟨B·n⟩=5.5e-02, Len=sum([5.9, 5.4, 5.4])=16.8, ϰ=[12.2, 5.7, 20.9], ∫ϰ²/L=[7.4, 3.4, 12.3], C-C-Sep=0.05, ║∇J║=1.6e+01
-----On 7/20 Initial Guess Perturbations
Iteration 2/1000-----
J=1.1e+01, Jf=5.9e-01, ⟨B·n⟩=1.0e-01, Len=sum([8.5, 8.8, 21.2])=38.4, ϰ=[737.2, 86.6, 422.6], ∫ϰ²/L=[266.5, 47.3, 128.6], C-C-Sep=0.02, ║∇J║=3.7e+02
-----On 7/20 Initial Guess Perturbations
Iteration 3/1000-----
J=2.9e-01, Jf=4.8e-02, ⟨B·n⟩=5.4e-02, Len=sum([6.0, 5.5, 6.3])=17.8, ϰ=[16.8, 16.2, 86.8], ∫ϰ²/L=[16.2, 15.3, 63.3], C-C-Sep=0.07, ║∇J║=1.0e+01
-----On 7/20 Initial Guess Perturbations
Iteration 4/1000-----
J=1.3e-01, Jf=4.8e-02, ⟨B·n⟩=5.4e-02, Len=sum([6.0, 5.6, 6.2])=17.7, ϰ=[18.3, 18.6, 48.1], ∫ϰ²/L=[18.6, 16.4, 58.4], C-C-Sep=0.16, ║∇J║=2.9e+00
-----On 7/20 Initial Guess Perturbations
Iteration 5/1000-----
J=1.1e-01, Jf=4.8e-02, ⟨B·n⟩=5.4e-02, Len=sum([6.0, 5.5, 6.0])=17.5, ϰ=[18.6, 15.1, 44.3], ∫ϰ²/L=[18.0, 13.5, 46.2], C-C-Sep=0.18, ║∇J║=1.8e+00
-----On 7/20 Initial Guess Perturbations
Iteration 6/1000-----
J=8.2e-02, Jf=4.8e-02, ⟨B·n⟩=5.4e-02, Len=sum([6.0, 5.5, 5.8])=17.3, ϰ=[19.3, 10.0, 37.4], ∫ϰ²/L=[18.2, 10.1, 39.7], C-C-Sep=0.18, ║∇J║=9.8e-01
-----On 7/20 Initial Guess Perturbations
Iteration 7/1000-----
J=7.4e-02, Jf=4.8e-02, ⟨B·n⟩=5.4e-02, Len=sum([6.0, 5.5, 5.7])=17.2, ϰ=[18.3, 7.3, 31.3], ∫ϰ²/L=[19.7, 7.5, 33.8], C-C-Sep=0.18, ║∇J║=5.8e-01
-----On 7/20 Initial Guess Perturbations
Iteration 8/1000-----
J=6.9e-02, Jf=4.8e-02, ⟨B·n⟩=5.4e-02, Len=sum([6.0, 5.5, 5.6])=17.1, ϰ=[17.6, 6.2, 19.9], ∫ϰ²/L=[20.4, 5.9, 27.8], C-C-Sep=0.20, ║∇J║=4.5e-01
-----On 7/20 Initial Guess Perturbations
Iteration 9/1000-----
J=6.6e-02, Jf=4.8e-02, ⟨B·n⟩=5.3e-02, Len=sum([6.1, 5.5, 5.5])=17.1, ϰ=[16.1, 6.2, 17.4], ∫ϰ²/L=[20.1, 5.7, 25.2], C-C-Sep=0.20, ║∇J║=5.3e-01
-----On 7/20 Initial Guess Perturbations
Iteration 10/1000-----
J=6.4e-02, Jf=4.7e-02, ⟨B·n⟩=5.3e-02, Len=sum([6.1, 5.5, 5.5])=17.1, ϰ=[15.7, 7.3, 15.7], ∫ϰ²/L=[19.2, 5.9, 23.7], C-C-Sep=0.20, ║∇J║=3.0e-01
-----On 7/20 Initial Guess Perturbations
Iteration 11/1000-----
J=6.3e-02, Jf=4.7e-02, ⟨B·n⟩=5.3e-02, Len=sum([6.1, 5.5, 5.5])=17.0, ϰ=[15.9, 8.3, 13.8], ∫ϰ²/L=[18.0, 6.7, 22.2], C-C-Sep=0.19, ║∇J║=2.9e-01
-----On 7/20 Initial Guess Perturbations
Iteration 12/1000-----
J=6.2e-02, Jf=4.6e-02, ⟨B·n⟩=5.2e-02, Len=sum([6.1, 5.5, 5.4])=17.0, ϰ=[15.4, 9.9, 12.6], ∫ϰ²/L=[16.9, 8.4, 21.1], C-C-Sep=0.20, ║∇J║=3.5e-01
-----On 7/20 Initial Guess Perturbations
Iteration 13/1000-----
J=6.0e-02, Jf=4.5e-02, ⟨B·n⟩=5.1e-02, Len=sum([6.0, 5.5, 5.4])=17.0, ϰ=[13.5, 10.3, 10.8], ∫ϰ²/L=[16.5, 11.2, 21.3], C-C-Sep=0.20, ║∇J║=3.5e-01
-----On 7/20 Initial Guess Perturbations
Iteration 14/1000-----
J=5.9e-02, Jf=4.4e-02, ⟨B·n⟩=5.1e-02, Len=sum([6.0, 5.5, 5.4])=17.0, ϰ=[12.6, 11.8, 11.4], ∫ϰ²/L=[16.4, 13.7, 21.2], C-C-Sep=0.20, ║∇J║=2.7e-01
-----On 7/20 Initial Guess Perturbations
Iteration 15/1000-----
J=5.8e-02, Jf=4.2e-02, ⟨B·n⟩=5.0e-02, Len=sum([6.1, 5.6, 5.4])=17.0, ϰ=[13.0, 12.8, 11.3], ∫ϰ²/L=[16.9, 17.2, 21.8], C-C-Sep=0.20, ║∇J║=2.9e-01
-----On 7/20 Initial Guess Perturbations
Iteration 16/1000-----
J=5.6e-02, Jf=4.0e-02, ⟨B·n⟩=4.8e-02, Len=sum([6.1, 5.6, 5.5])=17.1, ϰ=[14.1, 13.8, 13.0], ∫ϰ²/L=[17.7, 19.2, 24.5], C-C-Sep=0.19, ║∇J║=3.9e-01
-----On 7/20 Initial Guess Perturbations
Iteration 17/1000-----
J=5.5e-02, Jf=3.8e-02, ⟨B·n⟩=4.7e-02, Len=sum([6.1, 5.6, 5.5])=17.2, ϰ=[13.4, 12.1, 13.8], ∫ϰ²/L=[18.5, 18.8, 29.1], C-C-Sep=0.19, ║∇J║=3.3e-01
-----On 7/20 Initial Guess Perturbations
Iteration 18/1000-----
J=5.4e-02, Jf=3.7e-02, ⟨B·n⟩=4.5e-02, Len=sum([6.2, 5.6, 5.5])=17.3, ϰ=[13.2, 10.1, 12.5], ∫ϰ²/L=[19.7, 16.8, 31.9], C-C-Sep=0.18, ║∇J║=4.4e-01
-----On 7/20 Initial Guess Perturbations
Iteration 19/1000-----
J=5.3e-02, Jf=3.7e-02, ⟨B·n⟩=4.6e-02, Len=sum([6.1, 5.6, 5.4])=17.1, ϰ=[13.8, 7.0, 9.2], ∫ϰ²/L=[16.6, 10.8, 21.3], C-C-Sep=0.20, ║∇J║=3.2e-01
-----On 7/20 Initial Guess Perturbations
Iteration 20/1000-----
J=5.1e-02, Jf=3.6e-02, ⟨B·n⟩=4.5e-02, Len=sum([6.1, 5.6, 5.4])=17.1, ϰ=[12.0, 8.2, 9.9], ∫ϰ²/L=[17.2, 10.9, 20.0], C-C-Sep=0.20, ║∇J║=3.7e-01
-----On 7/20 Initial Guess Perturbations
Iteration 21/1000-----
J=5.0e-02, Jf=3.4e-02, ⟨B·n⟩=4.4e-02, Len=sum([6.2, 5.6, 5.5])=17.3, ϰ=[11.8, 10.3, 9.8], ∫ϰ²/L=[19.9, 12.9, 22.4], C-C-Sep=0.19, ║∇J║=3.2e-01
-----On 7/20 Initial Guess Perturbations
Iteration 22/1000-----
J=4.9e-02, Jf=3.2e-02, ⟨B·n⟩=4.1e-02, Len=sum([6.3, 5.7, 5.5])=17.5, ϰ=[15.1, 14.0, 12.5], ∫ϰ²/L=[24.7, 18.3, 29.3], C-C-Sep=0.18, ║∇J║=5.2e-01
-----On 7/20 Initial Guess Perturbations
Iteration 23/1000-----
J=4.7e-02, Jf=3.0e-02, ⟨B·n⟩=4.0e-02, Len=sum([6.3, 5.7, 5.5])=17.5, ϰ=[17.4, 14.9, 14.4], ∫ϰ²/L=[25.6, 20.2, 32.7], C-C-Sep=0.20, ║∇J║=4.8e-01
-----On 7/20 Initial Guess Perturbations
Iteration 24/1000-----
J=4.6e-02, Jf=2.9e-02, ⟨B·n⟩=3.9e-02, Len=sum([6.3, 5.7, 5.6])=17.6, ϰ=[16.7, 14.4, 16.0], ∫ϰ²/L=[25.7, 19.2, 32.5], C-C-Sep=0.19, ║∇J║=3.1e-01
-----On 7/20 Initial Guess Perturbations
Iteration 25/1000-----
J=4.4e-02, Jf=2.7e-02, ⟨B·n⟩=3.7e-02, Len=sum([6.4, 5.8, 5.6])=17.8, ϰ=[14.5, 13.0, 19.8], ∫ϰ²/L=[27.2, 19.0, 33.9], C-C-Sep=0.18, ║∇J║=3.9e-01
-----On 7/20 Initial Guess Perturbations
Iteration 26/1000-----
J=4.3e-02, Jf=2.5e-02, ⟨B·n⟩=3.6e-02, Len=sum([6.4, 5.8, 5.7])=17.9, ϰ=[11.1, 11.2, 19.7], ∫ϰ²/L=[26.4, 15.9, 30.9], C-C-Sep=0.18, ║∇J║=6.2e-01
-----On 7/20 Initial Guess Perturbations
Iteration 27/1000-----
J=4.2e-02, Jf=2.5e-02, ⟨B·n⟩=3.6e-02, Len=sum([6.4, 5.8, 5.6])=17.7, ϰ=[12.0, 10.2, 14.8], ∫ϰ²/L=[23.3, 13.2, 26.1], C-C-Sep=0.20, ║∇J║=4.2e-01
-----On 7/20 Initial Guess Perturbations
Iteration 28/1000-----
J=4.0e-02, Jf=2.3e-02, ⟨B·n⟩=3.4e-02, Len=sum([6.4, 5.8, 5.7])=18.0, ϰ=[12.5, 10.5, 15.7], ∫ϰ²/L=[26.0, 15.6, 29.1], C-C-Sep=0.19, ║∇J║=2.8e-01
-----On 7/20 Initial Guess Perturbations
Iteration 29/1000-----
J=3.9e-02, Jf=1.9e-02, ⟨B·n⟩=3.0e-02, Len=sum([6.6, 6.0, 5.9])=18.4, ϰ=[13.7, 12.1, 14.9], ∫ϰ²/L=[29.6, 19.9, 34.7], C-C-Sep=0.16, ║∇J║=5.9e-01
-----On 7/20 Initial Guess Perturbations
Iteration 30/1000-----
J=3.7e-02, Jf=1.8e-02, ⟨B·n⟩=2.9e-02, Len=sum([6.6, 6.0, 5.9])=18.6, ϰ=[13.6, 11.0, 15.2], ∫ϰ²/L=[29.0, 19.4, 35.5], C-C-Sep=0.19, ║∇J║=3.9e-01
-----On 7/20 Initial Guess Perturbations
Iteration 31/1000-----
J=3.5e-02, Jf=1.6e-02, ⟨B·n⟩=2.7e-02, Len=sum([6.7, 6.1, 6.0])=18.9, ϰ=[13.5, 10.5, 20.3], ∫ϰ²/L=[29.7, 20.0, 38.5], C-C-Sep=0.19, ║∇J║=3.0e-01
-----On 7/20 Initial Guess Perturbations
Iteration 32/1000-----
J=3.3e-02, Jf=1.3e-02, ⟨B·n⟩=2.3e-02, Len=sum([7.0, 6.3, 6.3])=19.6, ϰ=[15.6, 10.8, 23.0], ∫ϰ²/L=[31.9, 20.6, 42.0], C-C-Sep=0.19, ║∇J║=4.4e-01
-----On 7/20 Initial Guess Perturbations
Iteration 33/1000-----
J=3.1e-02, Jf=1.2e-02, ⟨B·n⟩=2.2e-02, Len=sum([7.0, 6.3, 6.4])=19.7, ϰ=[15.7, 10.9, 15.8], ∫ϰ²/L=[30.1, 18.5, 38.9], C-C-Sep=0.20, ║∇J║=5.1e-01
-----On 7/20 Initial Guess Perturbations
Iteration 34/1000-----
J=2.9e-02, Jf=1.0e-02, ⟨B·n⟩=2.1e-02, Len=sum([7.1, 6.4, 6.6])=20.1, ϰ=[16.0, 10.5, 16.6], ∫ϰ²/L=[30.4, 18.8, 38.9], C-C-Sep=0.19, ║∇J║=4.1e-01
-----On 7/20 Initial Guess Perturbations
Iteration 35/1000-----
J=2.9e-02, Jf=1.0e-02, ⟨B·n⟩=2.1e-02, Len=sum([7.1, 6.4, 6.5])=20.0, ϰ=[13.4, 11.9, 18.0], ∫ϰ²/L=[27.8, 17.7, 38.1], C-C-Sep=0.21, ║∇J║=5.2e-01
-----On 7/20 Initial Guess Perturbations
Iteration 36/1000-----
J=2.8e-02, Jf=9.6e-03, ⟨B·n⟩=2.1e-02, Len=sum([7.1, 6.4, 6.6])=20.2, ϰ=[13.1, 10.8, 16.7], ∫ϰ²/L=[27.9, 17.5, 37.8], C-C-Sep=0.20, ║∇J║=2.6e-01
-----On 7/20 Initial Guess Perturbations
Iteration 37/1000-----
J=2.7e-02, Jf=8.7e-03, ⟨B·n⟩=2.1e-02, Len=sum([7.2, 6.5, 6.7])=20.5, ϰ=[13.1, 10.3, 16.3], ∫ϰ²/L=[28.2, 17.7, 37.8], C-C-Sep=0.18, ║∇J║=3.6e-01
-----On 7/20 Initial Guess Perturbations
Iteration 38/1000-----
J=2.7e-02, Jf=8.7e-03, ⟨B·n⟩=2.1e-02, Len=sum([7.2, 6.5, 6.7])=20.4, ϰ=[12.4, 9.7, 15.2], ∫ϰ²/L=[26.9, 16.7, 36.6], C-C-Sep=0.20, ║∇J║=2.5e-01
-----On 7/20 Initial Guess Perturbations
Iteration 39/1000-----
J=2.6e-02, Jf=8.4e-03, ⟨B·n⟩=2.0e-02, Len=sum([7.2, 6.5, 6.7])=20.5, ϰ=[11.4, 9.6, 15.2], ∫ϰ²/L=[26.1, 16.3, 36.0], C-C-Sep=0.20, ║∇J║=1.6e-01
-----On 7/20 Initial Guess Perturbations
Iteration 40/1000-----
J=2.6e-02, Jf=7.8e-03, ⟨B·n⟩=2.0e-02, Len=sum([7.3, 6.6, 6.8])=20.7, ϰ=[11.2, 9.6, 15.3], ∫ϰ²/L=[25.1, 16.2, 34.8], C-C-Sep=0.20, ║∇J║=1.7e-01
-----On 7/20 Initial Guess Perturbations
Iteration 41/1000-----
J=2.5e-02, Jf=7.4e-03, ⟨B·n⟩=2.0e-02, Len=sum([7.3, 6.6, 6.9])=20.8, ϰ=[10.6, 8.7, 15.5], ∫ϰ²/L=[23.7, 16.2, 33.0], C-C-Sep=0.19, ║∇J║=2.3e-01
-----On 7/20 Initial Guess Perturbations
Iteration 42/1000-----
J=2.5e-02, Jf=7.2e-03, ⟨B·n⟩=2.0e-02, Len=sum([7.3, 6.6, 6.8])=20.7, ϰ=[9.8, 8.8, 15.6], ∫ϰ²/L=[22.3, 16.1, 31.2], C-C-Sep=0.20, ║∇J║=1.8e-01
-----On 7/20 Initial Guess Perturbations
Iteration 43/1000-----
J=2.4e-02, Jf=6.9e-03, ⟨B·n⟩=1.9e-02, Len=sum([7.3, 6.6, 6.8])=20.7, ϰ=[9.6, 8.8, 15.3], ∫ϰ²/L=[21.2, 16.1, 29.8], C-C-Sep=0.20, ║∇J║=1.9e-01
-----On 7/20 Initial Guess Perturbations
Iteration 44/1000-----
J=2.4e-02, Jf=6.7e-03, ⟨B·n⟩=1.9e-02, Len=sum([7.3, 6.6, 6.8])=20.7, ϰ=[9.7, 8.7, 15.0], ∫ϰ²/L=[20.4, 15.8, 29.1], C-C-Sep=0.20, ║∇J║=1.5e-01
-----On 7/20 Initial Guess Perturbations
Iteration 45/1000-----
J=2.4e-02, Jf=6.5e-03, ⟨B·n⟩=1.9e-02, Len=sum([7.2, 6.6, 6.8])=20.6, ϰ=[9.2, 8.9, 14.7], ∫ϰ²/L=[19.1, 15.4, 28.0], C-C-Sep=0.20, ║∇J║=1.4e-01
-----On 7/20 Initial Guess Perturbations
Iteration 46/1000-----
J=2.3e-02, Jf=6.1e-03, ⟨B·n⟩=1.8e-02, Len=sum([7.2, 6.6, 6.8])=20.5, ϰ=[8.5, 8.9, 13.8], ∫ϰ²/L=[17.3, 15.4, 26.9], C-C-Sep=0.20, ║∇J║=2.2e-01
-----On 7/20 Initial Guess Perturbations
Iteration 47/1000-----
J=2.3e-02, Jf=5.7e-03, ⟨B·n⟩=1.8e-02, Len=sum([7.2, 6.5, 6.8])=20.5, ϰ=[8.4, 9.2, 12.9], ∫ϰ²/L=[16.5, 15.6, 26.7], C-C-Sep=0.19, ║∇J║=1.8e-01
-----On 7/20 Initial Guess Perturbations
Iteration 48/1000-----
J=2.3e-02, Jf=5.9e-03, ⟨B·n⟩=1.8e-02, Len=sum([7.2, 6.5, 6.8])=20.5, ϰ=[8.6, 9.1, 13.0], ∫ϰ²/L=[16.0, 14.7, 25.9], C-C-Sep=0.20, ║∇J║=1.5e-01
-----On 7/20 Initial Guess Perturbations
Iteration 49/1000-----
J=2.3e-02, Jf=5.7e-03, ⟨B·n⟩=1.8e-02, Len=sum([7.2, 6.5, 6.8])=20.5, ϰ=[8.8, 9.1, 13.2], ∫ϰ²/L=[15.5, 14.7, 25.3], C-C-Sep=0.20, ║∇J║=1.2e-01
-----On 7/20 Initial Guess Perturbations
Iteration 50/1000-----
J=2.2e-02, Jf=5.3e-03, ⟨B·n⟩=1.8e-02, Len=sum([7.2, 6.5, 6.8])=20.5, ϰ=[9.2, 9.1, 12.8], ∫ϰ²/L=[14.7, 14.7, 24.5], C-C-Sep=0.19, ║∇J║=1.3e-01
-----On 7/20 Initial Guess Perturbations
Iteration 51/1000-----
J=2.2e-02, Jf=4.9e-03, ⟨B·n⟩=1.7e-02, Len=sum([7.2, 6.5, 6.8])=20.5, ϰ=[9.5, 9.1, 11.8], ∫ϰ²/L=[14.2, 14.9, 23.8], C-C-Sep=0.19, ║∇J║=1.7e-01
-----On 7/20 Initial Guess Perturbations
Iteration 52/1000-----
J=2.2e-02, Jf=4.4e-03, ⟨B·n⟩=1.6e-02, Len=sum([7.2, 6.5, 6.8])=20.4, ϰ=[10.2, 8.9, 10.9], ∫ϰ²/L=[14.7, 14.8, 23.6], C-C-Sep=0.20, ║∇J║=2.4e-01
-----On 7/20 Initial Guess Perturbations
Iteration 53/1000-----
J=2.1e-02, Jf=4.4e-03, ⟨B·n⟩=1.6e-02, Len=sum([7.1, 6.4, 6.8])=20.4, ϰ=[9.7, 9.0, 11.1], ∫ϰ²/L=[14.2, 14.2, 23.1], C-C-Sep=0.20, ║∇J║=1.2e-01
-----On 7/20 Initial Guess Perturbations
Iteration 54/1000-----
J=2.1e-02, Jf=4.2e-03, ⟨B·n⟩=1.6e-02, Len=sum([7.1, 6.4, 6.8])=20.3, ϰ=[9.1, 9.1, 11.0], ∫ϰ²/L=[14.1, 13.8, 22.9], C-C-Sep=0.20, ║∇J║=1.2e-01
-----On 7/20 Initial Guess Perturbations
Iteration 55/1000-----
J=2.1e-02, Jf=4.0e-03, ⟨B·n⟩=1.6e-02, Len=sum([7.1, 6.4, 6.8])=20.3, ϰ=[8.5, 9.2, 10.5], ∫ϰ²/L=[14.5, 13.4, 22.6], C-C-Sep=0.20, ║∇J║=1.6e-01
-----On 7/20 Initial Guess Perturbations
Iteration 56/1000-----
J=2.1e-02, Jf=3.8e-03, ⟨B·n⟩=1.5e-02, Len=sum([7.1, 6.3, 6.8])=20.2, ϰ=[8.6, 9.0, 9.9], ∫ϰ²/L=[15.5, 13.3, 22.3], C-C-Sep=0.19, ║∇J║=2.0e-01
-----On 7/20 Initial Guess Perturbations
Iteration 57/1000-----
J=2.0e-02, Jf=3.8e-03, ⟨B·n⟩=1.5e-02, Len=sum([7.1, 6.3, 6.7])=20.2, ϰ=[8.5, 8.9, 9.8], ∫ϰ²/L=[14.7, 12.8, 21.7], C-C-Sep=0.20, ║∇J║=9.5e-02
-----On 7/20 Initial Guess Perturbations
Iteration 58/1000-----
J=2.0e-02, Jf=3.7e-03, ⟨B·n⟩=1.5e-02, Len=sum([7.1, 6.3, 6.7])=20.2, ϰ=[8.4, 8.7, 9.5], ∫ϰ²/L=[15.1, 12.4, 21.6], C-C-Sep=0.20, ║∇J║=9.9e-02
-----On 7/20 Initial Guess Perturbations
Iteration 59/1000-----
J=2.0e-02, Jf=3.7e-03, ⟨B·n⟩=1.5e-02, Len=sum([7.1, 6.3, 6.7])=20.1, ϰ=[8.2, 8.6, 9.5], ∫ϰ²/L=[14.1, 11.7, 20.5], C-C-Sep=0.20, ║∇J║=1.2e-01
-----On 7/20 Initial Guess Perturbations
Iteration 60/1000-----
J=2.0e-02, Jf=3.6e-03, ⟨B·n⟩=1.5e-02, Len=sum([7.0, 6.3, 6.7])=20.0, ϰ=[8.3, 8.6, 9.4], ∫ϰ²/L=[13.9, 11.6, 20.0], C-C-Sep=0.20, ║∇J║=1.4e-01
-----On 7/20 Initial Guess Perturbations
Iteration 61/1000-----
J=2.0e-02, Jf=3.5e-03, ⟨B·n⟩=1.5e-02, Len=sum([7.0, 6.3, 6.7])=20.0, ϰ=[8.0, 8.9, 9.5], ∫ϰ²/L=[13.6, 11.5, 19.8], C-C-Sep=0.20, ║∇J║=7.4e-02
-----On 7/20 Initial Guess Perturbations
Iteration 62/1000-----
J=2.0e-02, Jf=3.5e-03, ⟨B·n⟩=1.5e-02, Len=sum([7.0, 6.3, 6.7])=20.0, ϰ=[8.1, 8.9, 9.5], ∫ϰ²/L=[13.0, 11.5, 19.5], C-C-Sep=0.20, ║∇J║=7.4e-02
-----On 7/20 Initial Guess Perturbations
Iteration 63/1000-----
J=2.0e-02, Jf=3.4e-03, ⟨B·n⟩=1.4e-02, Len=sum([7.0, 6.3, 6.7])=20.0, ϰ=[8.2, 8.8, 9.6], ∫ϰ²/L=[12.2, 11.4, 19.2], C-C-Sep=0.20, ║∇J║=8.9e-02
-----On 7/20 Initial Guess Perturbations
Iteration 64/1000-----
J=2.0e-02, Jf=3.3e-03, ⟨B·n⟩=1.4e-02, Len=sum([7.0, 6.2, 6.7])=19.9, ϰ=[8.5, 8.5, 9.6], ∫ϰ²/L=[11.2, 11.3, 19.2], C-C-Sep=0.20, ║∇J║=1.6e-01
-----On 7/20 Initial Guess Perturbations
Iteration 65/1000-----
J=1.9e-02, Jf=3.2e-03, ⟨B·n⟩=1.4e-02, Len=sum([6.9, 6.2, 6.7])=19.8, ϰ=[8.2, 8.4, 9.6], ∫ϰ²/L=[10.7, 11.1, 19.2], C-C-Sep=0.20, ║∇J║=8.1e-02
-----On 7/20 Initial Guess Perturbations
Iteration 66/1000-----
J=1.9e-02, Jf=3.2e-03, ⟨B·n⟩=1.4e-02, Len=sum([6.9, 6.2, 6.7])=19.8, ϰ=[7.8, 8.2, 9.7], ∫ϰ²/L=[10.5, 10.8, 19.1], C-C-Sep=0.20, ║∇J║=7.4e-02
-----On 7/20 Initial Guess Perturbations
Iteration 67/1000-----
J=1.9e-02, Jf=3.1e-03, ⟨B·n⟩=1.4e-02, Len=sum([6.9, 6.2, 6.7])=19.8, ϰ=[7.4, 8.0, 9.8], ∫ϰ²/L=[10.0, 10.5, 19.0], C-C-Sep=0.20, ║∇J║=9.2e-02
-----On 7/20 Initial Guess Perturbations
Iteration 68/1000-----
J=1.9e-02, Jf=2.9e-03, ⟨B·n⟩=1.3e-02, Len=sum([6.9, 6.1, 6.7])=19.8, ϰ=[7.1, 7.9, 9.9], ∫ϰ²/L=[10.1, 10.3, 19.0], C-C-Sep=0.21, ║∇J║=1.7e-01
-----On 7/20 Initial Guess Perturbations
Iteration 69/1000-----
J=1.9e-02, Jf=2.8e-03, ⟨B·n⟩=1.3e-02, Len=sum([6.9, 6.1, 6.7])=19.8, ϰ=[7.1, 7.9, 9.6], ∫ϰ²/L=[10.1, 10.1, 18.9], C-C-Sep=0.21, ║∇J║=8.7e-02
-----On 7/20 Initial Guess Perturbations
Iteration 70/1000-----
J=1.9e-02, Jf=2.8e-03, ⟨B·n⟩=1.3e-02, Len=sum([6.9, 6.1, 6.7])=19.7, ϰ=[7.1, 8.1, 9.4], ∫ϰ²/L=[10.2, 10.0, 18.8], C-C-Sep=0.21, ║∇J║=7.4e-02
-----On 7/20 Initial Guess Perturbations
Iteration 71/1000-----
J=1.9e-02, Jf=2.7e-03, ⟨B·n⟩=1.3e-02, Len=sum([6.9, 6.1, 6.7])=19.7, ϰ=[7.2, 8.2, 9.4], ∫ϰ²/L=[10.6, 9.8, 18.7], C-C-Sep=0.21, ║∇J║=9.1e-02
-----On 7/20 Initial Guess Perturbations
Iteration 72/1000-----
J=1.9e-02, Jf=2.6e-03, ⟨B·n⟩=1.2e-02, Len=sum([6.9, 6.0, 6.7])=19.6, ϰ=[7.6, 8.2, 9.7], ∫ϰ²/L=[11.4, 9.5, 18.8], C-C-Sep=0.20, ║∇J║=1.5e-01
-----On 7/20 Initial Guess Perturbations
Iteration 73/1000-----
J=1.8e-02, Jf=2.5e-03, ⟨B·n⟩=1.2e-02, Len=sum([6.8, 6.0, 6.7])=19.6, ϰ=[7.4, 8.1, 9.7], ∫ϰ²/L=[11.3, 9.3, 18.6], C-C-Sep=0.20, ║∇J║=8.2e-02
-----On 7/20 Initial Guess Perturbations
Iteration 74/1000-----
J=1.8e-02, Jf=2.5e-03, ⟨B·n⟩=1.2e-02, Len=sum([6.8, 6.0, 6.7])=19.6, ϰ=[7.0, 8.0, 9.6], ∫ϰ²/L=[11.3, 9.3, 18.3], C-C-Sep=0.20, ║∇J║=7.3e-02
-----On 7/20 Initial Guess Perturbations
Iteration 75/1000-----
J=1.8e-02, Jf=2.4e-03, ⟨B·n⟩=1.2e-02, Len=sum([6.8, 6.0, 6.7])=19.5, ϰ=[6.8, 8.0, 9.5], ∫ϰ²/L=[10.8, 9.1, 17.8], C-C-Sep=0.20, ║∇J║=8.9e-02
-----On 7/20 Initial Guess Perturbations
Iteration 76/1000-----
J=1.8e-02, Jf=2.3e-03, ⟨B·n⟩=1.1e-02, Len=sum([6.8, 6.0, 6.7])=19.5, ϰ=[7.1, 8.0, 9.3], ∫ϰ²/L=[11.5, 9.2, 17.6], C-C-Sep=0.20, ║∇J║=1.3e-01
-----On 7/20 Initial Guess Perturbations
Iteration 77/1000-----
J=1.8e-02, Jf=2.3e-03, ⟨B·n⟩=1.1e-02, Len=sum([6.8, 6.0, 6.7])=19.5, ϰ=[6.9, 8.0, 9.3], ∫ϰ²/L=[10.8, 8.8, 17.2], C-C-Sep=0.20, ║∇J║=7.5e-02
-----On 7/20 Initial Guess Perturbations
Iteration 78/1000-----
J=1.8e-02, Jf=2.2e-03, ⟨B·n⟩=1.1e-02, Len=sum([6.8, 6.0, 6.7])=19.5, ϰ=[6.7, 7.8, 9.1], ∫ϰ²/L=[10.7, 8.5, 17.0], C-C-Sep=0.20, ║∇J║=6.9e-02
-----On 7/20 Initial Guess Perturbations
Iteration 79/1000-----
J=1.8e-02, Jf=2.2e-03, ⟨B·n⟩=1.1e-02, Len=sum([6.8, 5.9, 6.7])=19.4, ϰ=[6.5, 7.6, 9.0], ∫ϰ²/L=[10.2, 8.1, 16.7], C-C-Sep=0.20, ║∇J║=7.6e-02
-----On 7/20 Initial Guess Perturbations
Iteration 80/1000-----
J=1.8e-02, Jf=2.1e-03, ⟨B·n⟩=1.1e-02, Len=sum([6.8, 5.9, 6.7])=19.4, ϰ=[6.6, 7.1, 9.0], ∫ϰ²/L=[10.5, 8.0, 16.7], C-C-Sep=0.20, ║∇J║=1.2e-01
-----On 7/20 Initial Guess Perturbations
Iteration 81/1000-----
J=1.8e-02, Jf=2.1e-03, ⟨B·n⟩=1.1e-02, Len=sum([6.7, 5.9, 6.7])=19.3, ϰ=[7.1, 6.8, 8.8], ∫ϰ²/L=[10.3, 7.9, 16.4], C-C-Sep=0.20, ║∇J║=7.9e-02
-----On 7/20 Initial Guess Perturbations
Iteration 82/1000-----
J=1.8e-02, Jf=2.0e-03, ⟨B·n⟩=1.1e-02, Len=sum([6.7, 5.9, 6.7])=19.3, ϰ=[7.6, 6.5, 8.7], ∫ϰ²/L=[10.5, 7.8, 16.3], C-C-Sep=0.20, ║∇J║=6.7e-02
-----On 7/20 Initial Guess Perturbations
Iteration 83/1000-----
J=1.8e-02, Jf=2.0e-03, ⟨B·n⟩=1.0e-02, Len=sum([6.7, 5.9, 6.7])=19.3, ϰ=[7.8, 6.2, 8.4], ∫ϰ²/L=[10.6, 7.7, 16.1], C-C-Sep=0.20, ║∇J║=7.5e-02
-----On 7/20 Initial Guess Perturbations
Iteration 84/1000-----
J=1.7e-02, Jf=1.9e-03, ⟨B·n⟩=1.0e-02, Len=sum([6.7, 5.8, 6.7])=19.2, ϰ=[8.0, 6.1, 8.1], ∫ϰ²/L=[10.9, 7.8, 15.9], C-C-Sep=0.20, ║∇J║=8.3e-02
-----On 7/20 Initial Guess Perturbations
Iteration 85/1000-----
J=1.7e-02, Jf=1.9e-03, ⟨B·n⟩=1.0e-02, Len=sum([6.7, 5.8, 6.7])=19.2, ϰ=[7.8, 6.0, 8.1], ∫ϰ²/L=[10.7, 7.8, 15.5], C-C-Sep=0.20, ║∇J║=6.1e-02
-----On 7/20 Initial Guess Perturbations
Iteration 86/1000-----
J=1.7e-02, Jf=1.9e-03, ⟨B·n⟩=1.0e-02, Len=sum([6.7, 5.8, 6.6])=19.1, ϰ=[7.6, 6.1, 8.4], ∫ϰ²/L=[10.8, 7.9, 15.3], C-C-Sep=0.20, ║∇J║=6.7e-02
-----On 7/20 Initial Guess Perturbations
Iteration 87/1000-----
J=1.7e-02, Jf=1.8e-03, ⟨B·n⟩=9.9e-03, Len=sum([6.6, 5.8, 6.6])=19.0, ϰ=[7.6, 6.3, 8.5], ∫ϰ²/L=[10.2, 7.9, 14.8], C-C-Sep=0.20, ║∇J║=8.3e-02
-----On 7/20 Initial Guess Perturbations
Iteration 88/1000-----
J=1.7e-02, Jf=1.8e-03, ⟨B·n⟩=9.7e-03, Len=sum([6.6, 5.8, 6.6])=19.0, ϰ=[7.3, 6.7, 8.7], ∫ϰ²/L=[10.1, 7.9, 14.7], C-C-Sep=0.20, ║∇J║=7.7e-02
-----On 7/20 Initial Guess Perturbations
Iteration 89/1000-----
J=1.7e-02, Jf=1.8e-03, ⟨B·n⟩=9.6e-03, Len=sum([6.6, 5.8, 6.6])=18.9, ϰ=[7.0, 7.1, 8.7], ∫ϰ²/L=[9.7, 7.8, 14.5], C-C-Sep=0.19, ║∇J║=8.2e-02
-----On 7/20 Initial Guess Perturbations
Iteration 90/1000-----
J=1.7e-02, Jf=1.8e-03, ⟨B·n⟩=9.6e-03, Len=sum([6.6, 5.8, 6.6])=18.9, ϰ=[6.6, 7.0, 8.7], ∫ϰ²/L=[9.3, 7.3, 14.0], C-C-Sep=0.20, ║∇J║=9.6e-02
-----On 7/20 Initial Guess Perturbations
Iteration 91/1000-----
J=1.7e-02, Jf=1.8e-03, ⟨B·n⟩=9.6e-03, Len=sum([6.6, 5.8, 6.6])=18.9, ϰ=[6.8, 6.4, 8.8], ∫ϰ²/L=[8.9, 7.0, 13.8], C-C-Sep=0.20, ║∇J║=1.1e-01
-----On 7/20 Initial Guess Perturbations
Iteration 92/1000-----
J=1.7e-02, Jf=1.7e-03, ⟨B·n⟩=9.4e-03, Len=sum([6.6, 5.8, 6.6])=18.9, ϰ=[6.7, 6.4, 8.8], ∫ϰ²/L=[9.1, 7.2, 14.0], C-C-Sep=0.20, ║∇J║=6.1e-02
-----On 7/20 Initial Guess Perturbations
Iteration 93/1000-----
J=1.7e-02, Jf=1.7e-03, ⟨B·n⟩=9.3e-03, Len=sum([6.5, 5.7, 6.6])=18.8, ϰ=[6.7, 6.3, 8.9], ∫ϰ²/L=[9.0, 7.2, 14.1], C-C-Sep=0.19, ║∇J║=5.9e-02
-----On 7/20 Initial Guess Perturbations
Iteration 94/1000-----
J=1.7e-02, Jf=1.6e-03, ⟨B·n⟩=9.2e-03, Len=sum([6.5, 5.7, 6.6])=18.8, ϰ=[7.1, 6.1, 9.0], ∫ϰ²/L=[9.2, 7.3, 14.3], C-C-Sep=0.20, ║∇J║=6.6e-02
-----On 7/20 Initial Guess Perturbations
Iteration 95/1000-----
J=1.7e-02, Jf=1.5e-03, ⟨B·n⟩=8.9e-03, Len=sum([6.5, 5.7, 6.6])=18.8, ϰ=[7.5, 6.3, 9.1], ∫ϰ²/L=[10.0, 7.6, 15.0], C-C-Sep=0.20, ║∇J║=8.3e-02
-----On 7/20 Initial Guess Perturbations
Iteration 96/1000-----
J=1.7e-02, Jf=1.5e-03, ⟨B·n⟩=8.8e-03, Len=sum([6.5, 5.7, 6.5])=18.7, ϰ=[7.7, 6.6, 9.2], ∫ϰ²/L=[10.5, 7.8, 15.3], C-C-Sep=0.20, ║∇J║=8.6e-02
-----On 7/20 Initial Guess Perturbations
Iteration 97/1000-----
J=1.7e-02, Jf=1.5e-03, ⟨B·n⟩=8.8e-03, Len=sum([6.5, 5.7, 6.5])=18.7, ϰ=[7.3, 6.2, 9.1], ∫ϰ²/L=[9.8, 7.4, 14.6], C-C-Sep=0.20, ║∇J║=5.2e-02
-----On 7/20 Initial Guess Perturbations
Iteration 98/1000-----
J=1.7e-02, Jf=1.5e-03, ⟨B·n⟩=8.7e-03, Len=sum([6.5, 5.7, 6.5])=18.6, ϰ=[7.4, 6.0, 9.3], ∫ϰ²/L=[9.5, 7.3, 14.4], C-C-Sep=0.20, ║∇J║=7.5e-02
-----On 7/20 Initial Guess Perturbations
Iteration 99/1000-----
J=1.6e-02, Jf=1.5e-03, ⟨B·n⟩=8.6e-03, Len=sum([6.5, 5.7, 6.5])=18.6, ϰ=[7.0, 5.7, 9.3], ∫ϰ²/L=[9.2, 6.9, 13.9], C-C-Sep=0.20, ║∇J║=8.6e-02
-----On 7/20 Initial Guess Perturbations
Iteration 100/1000-----
J=1.6e-02, Jf=1.4e-03, ⟨B·n⟩=8.5e-03, Len=sum([6.4, 5.7, 6.5])=18.6, ϰ=[6.8, 5.7, 9.1], ∫ϰ²/L=[9.3, 6.9, 14.2], C-C-Sep=0.20, ║∇J║=6.7e-02
-----On 7/20 Initial Guess Perturbations
Iteration 101/1000-----
J=1.6e-02, Jf=1.4e-03, ⟨B·n⟩=8.3e-03, Len=sum([6.4, 5.6, 6.5])=18.5, ϰ=[6.8, 5.9, 9.3], ∫ϰ²/L=[9.4, 6.8, 14.7], C-C-Sep=0.20, ║∇J║=6.5e-02
-----On 7/20 Initial Guess Perturbations
Iteration 102/1000-----
J=1.6e-02, Jf=1.3e-03, ⟨B·n⟩=8.3e-03, Len=sum([6.4, 5.6, 6.4])=18.5, ϰ=[6.2, 6.2, 9.3], ∫ϰ²/L=[8.7, 6.5, 14.3], C-C-Sep=0.20, ║∇J║=7.9e-02
-----On 7/20 Initial Guess Perturbations
Iteration 103/1000-----
J=1.6e-02, Jf=1.3e-03, ⟨B·n⟩=8.1e-03, Len=sum([6.4, 5.6, 6.4])=18.4, ϰ=[6.1, 6.2, 9.2], ∫ϰ²/L=[9.0, 6.6, 14.9], C-C-Sep=0.20, ║∇J║=6.4e-02
-----On 7/20 Initial Guess Perturbations
Iteration 104/1000-----
J=1.6e-02, Jf=1.3e-03, ⟨B·n⟩=8.1e-03, Len=sum([6.4, 5.6, 6.4])=18.4, ϰ=[6.0, 5.9, 9.1], ∫ϰ²/L=[8.9, 6.5, 14.8], C-C-Sep=0.20, ║∇J║=5.8e-02
-----On 7/20 Initial Guess Perturbations
Iteration 105/1000-----
J=1.6e-02, Jf=1.3e-03, ⟨B·n⟩=8.0e-03, Len=sum([6.4, 5.6, 6.4])=18.4, ϰ=[6.3, 5.7, 9.2], ∫ϰ²/L=[9.0, 6.4, 14.7], C-C-Sep=0.20, ║∇J║=7.1e-02
-----On 7/20 Initial Guess Perturbations
Iteration 106/1000-----
J=1.6e-02, Jf=1.2e-03, ⟨B·n⟩=8.0e-03, Len=sum([6.3, 5.6, 6.4])=18.3, ϰ=[7.2, 5.7, 9.0], ∫ϰ²/L=[8.6, 6.2, 14.2], C-C-Sep=0.20, ║∇J║=8.5e-02
-----On 7/20 Initial Guess Perturbations
Iteration 107/1000-----
J=1.6e-02, Jf=1.2e-03, ⟨B·n⟩=8.0e-03, Len=sum([6.3, 5.6, 6.4])=18.3, ϰ=[7.3, 5.6, 8.9], ∫ϰ²/L=[8.6, 6.2, 14.1], C-C-Sep=0.20, ║∇J║=6.1e-02
-----On 7/20 Initial Guess Perturbations
Iteration 108/1000-----
J=1.6e-02, Jf=1.2e-03, ⟨B·n⟩=8.0e-03, Len=sum([6.3, 5.6, 6.3])=18.2, ϰ=[7.2, 5.6, 8.6], ∫ϰ²/L=[8.4, 6.0, 13.9], C-C-Sep=0.20, ║∇J║=5.8e-02
-----On 7/20 Initial Guess Perturbations
Iteration 109/1000-----
J=1.6e-02, Jf=1.2e-03, ⟨B·n⟩=8.0e-03, Len=sum([6.3, 5.6, 6.3])=18.2, ϰ=[7.2, 5.3, 8.7], ∫ϰ²/L=[8.3, 6.0, 13.8], C-C-Sep=0.20, ║∇J║=5.6e-02
-----On 7/20 Initial Guess Perturbations
Iteration 110/1000-----
J=1.6e-02, Jf=1.2e-03, ⟨B·n⟩=7.9e-03, Len=sum([6.3, 5.5, 6.3])=18.1, ϰ=[7.2, 5.2, 8.6], ∫ϰ²/L=[8.0, 5.9, 13.6], C-C-Sep=0.20, ║∇J║=6.6e-02
-----On 7/20 Initial Guess Perturbations
Iteration 111/1000-----
J=1.6e-02, Jf=1.2e-03, ⟨B·n⟩=7.9e-03, Len=sum([6.3, 5.5, 6.3])=18.1, ϰ=[7.3, 5.4, 8.8], ∫ϰ²/L=[8.2, 6.0, 13.8], C-C-Sep=0.20, ║∇J║=6.7e-02
-----On 7/20 Initial Guess Perturbations
Iteration 112/1000-----
J=1.6e-02, Jf=1.2e-03, ⟨B·n⟩=7.9e-03, Len=sum([6.2, 5.5, 6.3])=18.0, ϰ=[6.8, 5.1, 8.8], ∫ϰ²/L=[7.5, 5.6, 13.3], C-C-Sep=0.20, ║∇J║=6.3e-02
-----On 7/20 Initial Guess Perturbations
Iteration 113/1000-----
J=1.6e-02, Jf=1.1e-03, ⟨B·n⟩=7.8e-03, Len=sum([6.2, 5.5, 6.2])=18.0, ϰ=[6.7, 4.7, 8.5], ∫ϰ²/L=[7.6, 5.5, 13.4], C-C-Sep=0.20, ║∇J║=6.3e-02
-----On 7/20 Initial Guess Perturbations
Iteration 114/1000-----
J=1.6e-02, Jf=1.1e-03, ⟨B·n⟩=7.8e-03, Len=sum([6.2, 5.5, 6.2])=18.0, ϰ=[6.5, 4.6, 8.6], ∫ϰ²/L=[7.7, 5.4, 13.4], C-C-Sep=0.20, ║∇J║=4.9e-02
-----On 7/20 Initial Guess Perturbations
Iteration 115/1000-----
J=1.6e-02, Jf=1.1e-03, ⟨B·n⟩=7.7e-03, Len=sum([6.2, 5.5, 6.2])=17.9, ϰ=[6.4, 4.6, 8.8], ∫ϰ²/L=[7.9, 5.4, 13.8], C-C-Sep=0.20, ║∇J║=4.9e-02
-----On 7/20 Initial Guess Perturbations
Iteration 116/1000-----
J=1.6e-02, Jf=1.1e-03, ⟨B·n⟩=7.7e-03, Len=sum([6.2, 5.5, 6.2])=17.9, ϰ=[6.3, 4.4, 8.7], ∫ϰ²/L=[8.1, 5.3, 13.8], C-C-Sep=0.20, ║∇J║=5.9e-02
-----On 7/20 Initial Guess Perturbations
Iteration 117/1000-----
J=1.5e-02, Jf=1.1e-03, ⟨B·n⟩=7.6e-03, Len=sum([6.1, 5.5, 6.2])=17.8, ϰ=[6.8, 4.8, 8.9], ∫ϰ²/L=[8.4, 5.2, 13.8], C-C-Sep=0.20, ║∇J║=6.4e-02
-----On 7/20 Initial Guess Perturbations
Iteration 118/1000-----
J=1.5e-02, Jf=1.1e-03, ⟨B·n⟩=7.6e-03, Len=sum([6.1, 5.5, 6.2])=17.8, ϰ=[7.2, 4.8, 9.2], ∫ϰ²/L=[8.2, 5.1, 13.4], C-C-Sep=0.19, ║∇J║=6.1e-02
-----On 7/20 Initial Guess Perturbations
Iteration 119/1000-----
J=1.5e-02, Jf=1.1e-03, ⟨B·n⟩=7.6e-03, Len=sum([6.1, 5.5, 6.1])=17.8, ϰ=[6.3, 4.0, 9.7], ∫ϰ²/L=[6.5, 4.4, 11.8], C-C-Sep=0.20, ║∇J║=1.1e-01
-----On 7/20 Initial Guess Perturbations
Iteration 120/1000-----
J=1.5e-02, Jf=1.1e-03, ⟨B·n⟩=7.6e-03, Len=sum([6.1, 5.5, 6.2])=17.8, ϰ=[6.9, 4.6, 9.3], ∫ϰ²/L=[7.6, 4.8, 12.7], C-C-Sep=0.20, ║∇J║=6.1e-02
-----On 7/20 Initial Guess Perturbations
Iteration 121/1000-----
J=1.5e-02, Jf=1.1e-03, ⟨B·n⟩=7.6e-03, Len=sum([6.1, 5.5, 6.1])=17.7, ϰ=[6.9, 4.4, 9.6], ∫ϰ²/L=[7.4, 4.7, 12.8], C-C-Sep=0.20, ║∇J║=1.1e-01
-----On 7/20 Initial Guess Perturbations
Iteration 122/1000-----
J=1.5e-02, Jf=1.1e-03, ⟨B·n⟩=7.5e-03, Len=sum([6.1, 5.5, 6.1])=17.7, ϰ=[6.8, 4.5, 9.5], ∫ϰ²/L=[7.3, 4.7, 12.6], C-C-Sep=0.20, ║∇J║=4.4e-02
-----On 7/20 Initial Guess Perturbations
Iteration 123/1000-----
J=1.5e-02, Jf=1.1e-03, ⟨B·n⟩=7.5e-03, Len=sum([6.1, 5.5, 6.1])=17.7, ϰ=[6.9, 4.5, 9.3], ∫ϰ²/L=[7.3, 4.7, 12.5], C-C-Sep=0.20, ║∇J║=3.3e-02
-----On 7/20 Initial Guess Perturbations
Iteration 124/1000-----
J=1.5e-02, Jf=1.1e-03, ⟨B·n⟩=7.5e-03, Len=sum([6.1, 5.5, 6.1])=17.6, ϰ=[6.8, 4.6, 9.3], ∫ϰ²/L=[7.2, 4.6, 12.5], C-C-Sep=0.20, ║∇J║=5.1e-02
-----On 7/20 Initial Guess Perturbations
Iteration 125/1000-----
J=1.5e-02, Jf=1.0e-03, ⟨B·n⟩=7.4e-03, Len=sum([6.0, 5.5, 6.1])=17.6, ϰ=[6.9, 4.5, 9.2], ∫ϰ²/L=[7.3, 4.7, 12.6], C-C-Sep=0.20, ║∇J║=6.5e-02
-----On 7/20 Initial Guess Perturbations
Iteration 126/1000-----
J=1.5e-02, Jf=1.0e-03, ⟨B·n⟩=7.4e-03, Len=sum([6.0, 5.5, 6.1])=17.5, ϰ=[6.8, 4.5, 9.3], ∫ϰ²/L=[7.5, 5.0, 13.0], C-C-Sep=0.20, ║∇J║=5.1e-02
-----On 7/20 Initial Guess Perturbations
Iteration 127/1000-----
J=1.5e-02, Jf=1.0e-03, ⟨B·n⟩=7.4e-03, Len=sum([6.0, 5.5, 6.0])=17.5, ϰ=[6.9, 4.6, 9.4], ∫ϰ²/L=[7.5, 5.2, 13.2], C-C-Sep=0.20, ║∇J║=4.3e-02
-----On 7/20 Initial Guess Perturbations
Iteration 128/1000-----
J=1.5e-02, Jf=1.0e-03, ⟨B·n⟩=7.4e-03, Len=sum([6.0, 5.5, 6.0])=17.5, ϰ=[6.7, 4.5, 9.4], ∫ϰ²/L=[7.0, 4.9, 12.6], C-C-Sep=0.20, ║∇J║=4.9e-02
-----On 7/20 Initial Guess Perturbations
Iteration 129/1000-----
J=1.5e-02, Jf=1.0e-03, ⟨B·n⟩=7.3e-03, Len=sum([6.0, 5.4, 6.0])=17.5, ϰ=[6.5, 4.4, 9.3], ∫ϰ²/L=[6.8, 5.0, 12.6], C-C-Sep=0.20, ║∇J║=6.0e-02
-----On 7/20 Initial Guess Perturbations
Iteration 130/1000-----
J=1.5e-02, Jf=1.0e-03, ⟨B·n⟩=7.3e-03, Len=sum([6.0, 5.4, 6.0])=17.4, ϰ=[6.5, 4.3, 9.3], ∫ϰ²/L=[6.7, 5.0, 12.5], C-C-Sep=0.20, ║∇J║=4.1e-02
-----On 7/20 Initial Guess Perturbations
Iteration 131/1000-----
J=1.5e-02, Jf=1.0e-03, ⟨B·n⟩=7.3e-03, Len=sum([6.0, 5.4, 6.0])=17.4, ϰ=[6.4, 4.0, 9.1], ∫ϰ²/L=[6.6, 4.9, 12.3], C-C-Sep=0.20, ║∇J║=4.5e-02
-----On 7/20 Initial Guess Perturbations
Iteration 132/1000-----
J=1.5e-02, Jf=1.0e-03, ⟨B·n⟩=7.2e-03, Len=sum([5.9, 5.4, 6.0])=17.3, ϰ=[6.2, 4.5, 8.8], ∫ϰ²/L=[6.8, 5.0, 12.5], C-C-Sep=0.20, ║∇J║=5.6e-02
-----On 7/20 Initial Guess Perturbations
Iteration 133/1000-----
J=1.5e-02, Jf=1.0e-03, ⟨B·n⟩=7.2e-03, Len=sum([5.9, 5.4, 5.9])=17.3, ϰ=[6.0, 5.1, 8.4], ∫ϰ²/L=[7.3, 5.3, 12.4], C-C-Sep=0.20, ║∇J║=6.2e-02
-----On 7/20 Initial Guess Perturbations
Iteration 134/1000-----
J=1.5e-02, Jf=9.9e-04, ⟨B·n⟩=7.2e-03, Len=sum([5.9, 5.4, 5.9])=17.3, ϰ=[6.0, 5.0, 8.1], ∫ϰ²/L=[7.3, 5.2, 12.1], C-C-Sep=0.20, ║∇J║=4.2e-02
-----On 7/20 Initial Guess Perturbations
Iteration 135/1000-----
J=1.5e-02, Jf=9.9e-04, ⟨B·n⟩=7.2e-03, Len=sum([5.9, 5.4, 5.9])=17.3, ϰ=[5.9, 4.7, 8.1], ∫ϰ²/L=[7.1, 5.2, 11.9], C-C-Sep=0.20, ║∇J║=4.1e-02
-----On 7/20 Initial Guess Perturbations
Iteration 136/1000-----
J=1.5e-02, Jf=9.8e-04, ⟨B·n⟩=7.1e-03, Len=sum([5.9, 5.4, 5.9])=17.2, ϰ=[5.8, 4.7, 8.0], ∫ϰ²/L=[7.1, 5.1, 11.5], C-C-Sep=0.20, ║∇J║=4.6e-02
-----On 7/20 Initial Guess Perturbations
Iteration 137/1000-----
J=1.5e-02, Jf=9.7e-04, ⟨B·n⟩=7.1e-03, Len=sum([5.9, 5.4, 5.9])=17.2, ϰ=[5.5, 5.0, 7.6], ∫ϰ²/L=[7.5, 5.3, 11.3], C-C-Sep=0.20, ║∇J║=6.3e-02
-----On 7/20 Initial Guess Perturbations
Iteration 138/1000-----
J=1.5e-02, Jf=9.7e-04, ⟨B·n⟩=7.1e-03, Len=sum([5.9, 5.4, 5.9])=17.2, ϰ=[5.5, 5.0, 7.4], ∫ϰ²/L=[7.6, 5.4, 11.2], C-C-Sep=0.20, ║∇J║=4.5e-02
-----On 7/20 Initial Guess Perturbations
Iteration 139/1000-----
J=1.5e-02, Jf=9.7e-04, ⟨B·n⟩=7.1e-03, Len=sum([5.9, 5.4, 5.9])=17.1, ϰ=[5.6, 4.9, 7.5], ∫ϰ²/L=[7.6, 5.4, 11.2], C-C-Sep=0.20, ║∇J║=3.8e-02
-----On 7/20 Initial Guess Perturbations
Iteration 140/1000-----
J=1.5e-02, Jf=9.7e-04, ⟨B·n⟩=7.1e-03, Len=sum([5.9, 5.4, 5.8])=17.1, ϰ=[5.6, 4.9, 7.3], ∫ϰ²/L=[7.5, 5.3, 11.0], C-C-Sep=0.20, ║∇J║=4.8e-02
-----On 7/20 Initial Guess Perturbations
Iteration 141/1000-----
J=1.5e-02, Jf=9.6e-04, ⟨B·n⟩=7.1e-03, Len=sum([5.8, 5.4, 5.8])=17.1, ϰ=[6.0, 5.2, 7.3], ∫ϰ²/L=[7.8, 5.7, 11.2], C-C-Sep=0.20, ║∇J║=5.7e-02
-----On 7/20 Initial Guess Perturbations
Iteration 142/1000-----
J=1.5e-02, Jf=9.5e-04, ⟨B·n⟩=7.0e-03, Len=sum([5.8, 5.4, 5.8])=17.1, ϰ=[6.0, 5.3, 7.2], ∫ϰ²/L=[7.3, 5.4, 10.8], C-C-Sep=0.20, ║∇J║=4.8e-02
-----On 7/20 Initial Guess Perturbations
Iteration 143/1000-----
J=1.5e-02, Jf=9.5e-04, ⟨B·n⟩=7.0e-03, Len=sum([5.8, 5.4, 5.8])=17.0, ϰ=[6.1, 5.3, 7.1], ∫ϰ²/L=[7.4, 5.6, 10.9], C-C-Sep=0.20, ║∇J║=4.6e-02
-----On 7/20 Initial Guess Perturbations
Iteration 144/1000-----
J=1.5e-02, Jf=9.4e-04, ⟨B·n⟩=7.0e-03, Len=sum([5.8, 5.4, 5.8])=17.0, ϰ=[6.4, 5.2, 7.1], ∫ϰ²/L=[7.4, 5.7, 10.9], C-C-Sep=0.20, ║∇J║=4.2e-02
-----On 7/20 Initial Guess Perturbations
Iteration 145/1000-----
J=1.5e-02, Jf=9.4e-04, ⟨B·n⟩=7.0e-03, Len=sum([5.8, 5.4, 5.8])=16.9, ϰ=[6.7, 5.2, 6.9], ∫ϰ²/L=[7.3, 6.0, 11.3], C-C-Sep=0.20, ║∇J║=4.6e-02
-----On 7/20 Initial Guess Perturbations
Iteration 146/1000-----
J=1.5e-02, Jf=9.3e-04, ⟨B·n⟩=7.0e-03, Len=sum([5.8, 5.4, 5.8])=16.9, ϰ=[7.1, 5.2, 6.8], ∫ϰ²/L=[7.1, 6.1, 11.4], C-C-Sep=0.20, ║∇J║=4.4e-02
-----On 7/20 Initial Guess Perturbations
Iteration 147/1000-----
J=1.5e-02, Jf=9.3e-04, ⟨B·n⟩=7.0e-03, Len=sum([5.7, 5.4, 5.8])=16.9, ϰ=[7.2, 5.1, 6.6], ∫ϰ²/L=[6.9, 6.0, 11.2], C-C-Sep=0.20, ║∇J║=3.7e-02
-----On 7/20 Initial Guess Perturbations
Iteration 148/1000-----
J=1.4e-02, Jf=9.4e-04, ⟨B·n⟩=7.1e-03, Len=sum([5.7, 5.4, 5.7])=16.9, ϰ=[7.6, 4.9, 6.6], ∫ϰ²/L=[6.8, 6.1, 11.0], C-C-Sep=0.20, ║∇J║=4.5e-02
-----On 7/20 Initial Guess Perturbations
Iteration 149/1000-----
J=1.4e-02, Jf=9.3e-04, ⟨B·n⟩=7.0e-03, Len=sum([5.7, 5.4, 5.7])=16.8, ϰ=[7.8, 5.2, 6.3], ∫ϰ²/L=[6.8, 5.9, 10.6], C-C-Sep=0.20, ║∇J║=5.3e-02
-----On 7/20 Initial Guess Perturbations
Iteration 150/1000-----
J=1.4e-02, Jf=9.2e-04, ⟨B·n⟩=7.0e-03, Len=sum([5.7, 5.4, 5.7])=16.8, ϰ=[8.1, 5.3, 6.4], ∫ϰ²/L=[7.2, 6.1, 10.9], C-C-Sep=0.20, ║∇J║=4.5e-02
-----On 7/20 Initial Guess Perturbations
Iteration 151/1000-----
J=1.4e-02, Jf=9.1e-04, ⟨B·n⟩=7.0e-03, Len=sum([5.7, 5.4, 5.7])=16.8, ϰ=[8.2, 5.3, 6.8], ∫ϰ²/L=[7.5, 5.9, 11.0], C-C-Sep=0.20, ║∇J║=4.4e-02
-----On 7/20 Initial Guess Perturbations
Iteration 152/1000-----
J=1.4e-02, Jf=9.1e-04, ⟨B·n⟩=7.0e-03, Len=sum([5.7, 5.4, 5.7])=16.7, ϰ=[8.2, 5.4, 7.1], ∫ϰ²/L=[7.4, 6.0, 11.2], C-C-Sep=0.20, ║∇J║=4.2e-02
-----On 7/20 Initial Guess Perturbations
Iteration 153/1000-----
J=1.4e-02, Jf=9.1e-04, ⟨B·n⟩=7.0e-03, Len=sum([5.7, 5.4, 5.7])=16.7, ϰ=[8.1, 5.5, 7.0], ∫ϰ²/L=[7.4, 5.8, 10.9], C-C-Sep=0.20, ║∇J║=4.2e-02
-----On 7/20 Initial Guess Perturbations
Iteration 154/1000-----
J=1.4e-02, Jf=9.1e-04, ⟨B·n⟩=7.0e-03, Len=sum([5.7, 5.4, 5.7])=16.7, ϰ=[8.0, 5.5, 7.2], ∫ϰ²/L=[7.4, 5.8, 10.9], C-C-Sep=0.20, ║∇J║=4.4e-02
-----On 7/20 Initial Guess Perturbations
Iteration 155/1000-----
J=1.4e-02, Jf=9.1e-04, ⟨B·n⟩=7.0e-03, Len=sum([5.6, 5.4, 5.7])=16.7, ϰ=[8.1, 5.6, 7.3], ∫ϰ²/L=[7.6, 5.9, 11.0], C-C-Sep=0.20, ║∇J║=3.8e-02
-----On 7/20 Initial Guess Perturbations
Iteration 156/1000-----
J=1.4e-02, Jf=9.1e-04, ⟨B·n⟩=7.0e-03, Len=sum([5.6, 5.4, 5.6])=16.6, ϰ=[8.3, 5.8, 7.3], ∫ϰ²/L=[7.4, 6.0, 10.9], C-C-Sep=0.20, ║∇J║=4.4e-02
-----On 7/20 Initial Guess Perturbations
Iteration 157/1000-----
J=1.4e-02, Jf=9.2e-04, ⟨B·n⟩=7.1e-03, Len=sum([5.6, 5.3, 5.6])=16.6, ϰ=[8.7, 5.9, 7.6], ∫ϰ²/L=[7.9, 6.4, 11.7], C-C-Sep=0.20, ║∇J║=4.5e-02
-----On 7/20 Initial Guess Perturbations
Iteration 158/1000-----
J=1.4e-02, Jf=9.1e-04, ⟨B·n⟩=7.0e-03, Len=sum([5.6, 5.3, 5.6])=16.5, ϰ=[8.4, 5.4, 7.5], ∫ϰ²/L=[7.5, 6.4, 11.7], C-C-Sep=0.20, ║∇J║=8.2e-02
-----On 7/20 Initial Guess Perturbations
Iteration 159/1000-----
J=1.4e-02, Jf=9.1e-04, ⟨B·n⟩=7.1e-03, Len=sum([5.6, 5.3, 5.6])=16.5, ϰ=[8.4, 5.5, 7.1], ∫ϰ²/L=[7.5, 6.3, 11.5], C-C-Sep=0.20, ║∇J║=4.1e-02
-----On 7/20 Initial Guess Perturbations
Iteration 160/1000-----
J=1.4e-02, Jf=9.1e-04, ⟨B·n⟩=7.1e-03, Len=sum([5.6, 5.3, 5.6])=16.5, ϰ=[8.5, 5.6, 7.0], ∫ϰ²/L=[7.4, 6.2, 11.4], C-C-Sep=0.20, ║∇J║=3.0e-02
-----On 7/20 Initial Guess Perturbations
Iteration 161/1000-----
J=1.4e-02, Jf=9.1e-04, ⟨B·n⟩=7.1e-03, Len=sum([5.6, 5.3, 5.6])=16.5, ϰ=[8.4, 5.7, 7.1], ∫ϰ²/L=[7.4, 6.3, 11.4], C-C-Sep=0.20, ║∇J║=3.1e-02
-----On 7/20 Initial Guess Perturbations
Iteration 162/1000-----
J=1.4e-02, Jf=9.1e-04, ⟨B·n⟩=7.1e-03, Len=sum([5.5, 5.3, 5.6])=16.4, ϰ=[8.2, 6.0, 7.3], ∫ϰ²/L=[7.4, 6.3, 11.5], C-C-Sep=0.20, ║∇J║=4.6e-02
-----On 7/20 Initial Guess Perturbations
Iteration 163/1000-----
J=1.4e-02, Jf=9.1e-04, ⟨B·n⟩=7.1e-03, Len=sum([5.5, 5.3, 5.5])=16.4, ϰ=[8.0, 6.1, 7.4], ∫ϰ²/L=[7.6, 6.5, 11.6], C-C-Sep=0.20, ║∇J║=5.3e-02
-----On 7/20 Initial Guess Perturbations
Iteration 164/1000-----
J=1.4e-02, Jf=9.1e-04, ⟨B·n⟩=7.1e-03, Len=sum([5.5, 5.3, 5.5])=16.4, ϰ=[8.1, 6.1, 7.3], ∫ϰ²/L=[7.5, 6.5, 11.3], C-C-Sep=0.20, ║∇J║=3.7e-02
-----On 7/20 Initial Guess Perturbations
Iteration 165/1000-----
J=1.4e-02, Jf=9.0e-04, ⟨B·n⟩=7.1e-03, Len=sum([5.5, 5.3, 5.5])=16.3, ϰ=[8.2, 6.2, 7.5], ∫ϰ²/L=[7.4, 6.5, 10.9], C-C-Sep=0.20, ║∇J║=4.0e-02
-----On 7/20 Initial Guess Perturbations
Iteration 166/1000-----
J=1.4e-02, Jf=9.1e-04, ⟨B·n⟩=7.1e-03, Len=sum([5.5, 5.3, 5.5])=16.3, ϰ=[8.3, 6.2, 7.0], ∫ϰ²/L=[7.5, 6.6, 10.9], C-C-Sep=0.20, ║∇J║=4.9e-02
-----On 7/20 Initial Guess Perturbations
Iteration 167/1000-----
J=1.4e-02, Jf=9.0e-04, ⟨B·n⟩=7.0e-03, Len=sum([5.5, 5.3, 5.5])=16.2, ϰ=[8.1, 6.2, 6.6], ∫ϰ²/L=[7.3, 6.7, 10.8], C-C-Sep=0.20, ║∇J║=4.6e-02
-----On 7/20 Initial Guess Perturbations
Iteration 168/1000-----
J=1.4e-02, Jf=9.0e-04, ⟨B·n⟩=7.1e-03, Len=sum([5.4, 5.3, 5.5])=16.2, ϰ=[8.2, 6.4, 6.5], ∫ϰ²/L=[7.5, 7.0, 11.4], C-C-Sep=0.20, ║∇J║=5.7e-02
-----On 7/20 Initial Guess Perturbations
Iteration 169/1000-----
J=1.4e-02, Jf=9.0e-04, ⟨B·n⟩=7.0e-03, Len=sum([5.4, 5.3, 5.4])=16.2, ϰ=[8.2, 6.4, 6.6], ∫ϰ²/L=[7.2, 6.8, 11.2], C-C-Sep=0.20, ║∇J║=3.9e-02
-----On 7/20 Initial Guess Perturbations
Iteration 170/1000-----
J=1.4e-02, Jf=9.1e-04, ⟨B·n⟩=7.1e-03, Len=sum([5.4, 5.3, 5.4])=16.1, ϰ=[8.2, 6.4, 6.5], ∫ϰ²/L=[7.2, 6.8, 11.1], C-C-Sep=0.20, ║∇J║=3.3e-02
-----On 7/20 Initial Guess Perturbations
Iteration 171/1000-----
J=1.4e-02, Jf=9.2e-04, ⟨B·n⟩=7.1e-03, Len=sum([5.4, 5.3, 5.4])=16.1, ϰ=[8.3, 6.2, 6.8], ∫ϰ²/L=[7.0, 6.6, 11.2], C-C-Sep=0.20, ║∇J║=4.0e-02
-----On 7/20 Initial Guess Perturbations
Iteration 172/1000-----
J=1.4e-02, Jf=9.4e-04, ⟨B·n⟩=7.2e-03, Len=sum([5.4, 5.2, 5.4])=16.0, ϰ=[8.1, 6.1, 6.9], ∫ϰ²/L=[7.3, 6.9, 12.0], C-C-Sep=0.20, ║∇J║=4.1e-02
-----On 7/20 Initial Guess Perturbations
Iteration 173/1000-----
J=1.4e-02, Jf=9.4e-04, ⟨B·n⟩=7.2e-03, Len=sum([5.4, 5.2, 5.4])=16.0, ϰ=[7.9, 5.9, 6.9], ∫ϰ²/L=[7.0, 6.6, 11.9], C-C-Sep=0.20, ║∇J║=4.0e-02
-----On 7/20 Initial Guess Perturbations
Iteration 174/1000-----
J=1.4e-02, Jf=9.5e-04, ⟨B·n⟩=7.2e-03, Len=sum([5.4, 5.2, 5.4])=16.0, ϰ=[8.0, 5.8, 7.1], ∫ϰ²/L=[7.1, 6.5, 12.3], C-C-Sep=0.20, ║∇J║=4.6e-02
-----On 7/20 Initial Guess Perturbations
Iteration 175/1000-----
J=1.4e-02, Jf=9.4e-04, ⟨B·n⟩=7.2e-03, Len=sum([5.4, 5.2, 5.4])=15.9, ϰ=[7.8, 5.8, 7.0], ∫ϰ²/L=[6.9, 6.2, 11.8], C-C-Sep=0.20, ║∇J║=3.9e-02
-----On 7/20 Initial Guess Perturbations
Iteration 176/1000-----
J=1.4e-02, Jf=9.4e-04, ⟨B·n⟩=7.2e-03, Len=sum([5.4, 5.2, 5.4])=15.9, ϰ=[7.7, 6.1, 7.2], ∫ϰ²/L=[6.9, 6.2, 11.8], C-C-Sep=0.20, ║∇J║=3.6e-02
-----On 7/20 Initial Guess Perturbations
Iteration 177/1000-----
J=1.4e-02, Jf=9.4e-04, ⟨B·n⟩=7.2e-03, Len=sum([5.3, 5.2, 5.4])=15.9, ϰ=[7.9, 6.1, 7.2], ∫ϰ²/L=[6.9, 6.3, 11.5], C-C-Sep=0.20, ║∇J║=4.2e-02
-----On 7/20 Initial Guess Perturbations
Iteration 178/1000-----
J=1.4e-02, Jf=9.4e-04, ⟨B·n⟩=7.2e-03, Len=sum([5.3, 5.2, 5.3])=15.9, ϰ=[7.8, 6.1, 7.5], ∫ϰ²/L=[7.1, 6.5, 11.7], C-C-Sep=0.20, ║∇J║=4.1e-02
-----On 7/20 Initial Guess Perturbations
Iteration 179/1000-----
J=1.4e-02, Jf=9.5e-04, ⟨B·n⟩=7.2e-03, Len=sum([5.3, 5.2, 5.3])=15.8, ϰ=[7.6, 6.1, 7.4], ∫ϰ²/L=[7.1, 6.7, 11.6], C-C-Sep=0.20, ║∇J║=3.5e-02
-----On 7/20 Initial Guess Perturbations
Iteration 180/1000-----
J=1.4e-02, Jf=9.5e-04, ⟨B·n⟩=7.2e-03, Len=sum([5.3, 5.2, 5.3])=15.8, ϰ=[7.4, 6.1, 7.3], ∫ϰ²/L=[7.0, 6.7, 11.5], C-C-Sep=0.20, ║∇J║=4.0e-02
-----On 7/20 Initial Guess Perturbations
Iteration 181/1000-----
J=1.4e-02, Jf=9.6e-04, ⟨B·n⟩=7.2e-03, Len=sum([5.3, 5.2, 5.3])=15.7, ϰ=[7.0, 5.9, 7.1], ∫ϰ²/L=[7.1, 6.6, 11.5], C-C-Sep=0.20, ║∇J║=4.2e-02
-----On 7/20 Initial Guess Perturbations
Iteration 182/1000-----
J=1.4e-02, Jf=9.7e-04, ⟨B·n⟩=7.3e-03, Len=sum([5.3, 5.1, 5.3])=15.7, ϰ=[6.5, 6.1, 6.8], ∫ϰ²/L=[7.3, 6.6, 11.6], C-C-Sep=0.20, ║∇J║=3.7e-02
-----On 7/20 Initial Guess Perturbations
Iteration 183/1000-----
J=1.4e-02, Jf=9.8e-04, ⟨B·n⟩=7.3e-03, Len=sum([5.3, 5.1, 5.3])=15.7, ϰ=[6.3, 6.4, 7.1], ∫ϰ²/L=[7.4, 6.4, 11.3], C-C-Sep=0.20, ║∇J║=3.8e-02
-----On 7/20 Initial Guess Perturbations
Iteration 184/1000-----
J=1.4e-02, Jf=9.9e-04, ⟨B·n⟩=7.3e-03, Len=sum([5.3, 5.1, 5.2])=15.6, ϰ=[6.4, 6.6, 7.1], ∫ϰ²/L=[7.4, 6.4, 11.3], C-C-Sep=0.20, ║∇J║=3.8e-02
-----On 7/20 Initial Guess Perturbations
Iteration 185/1000-----
J=1.4e-02, Jf=9.9e-04, ⟨B·n⟩=7.3e-03, Len=sum([5.2, 5.1, 5.2])=15.6, ϰ=[6.4, 6.6, 7.3], ∫ϰ²/L=[7.0, 6.4, 11.1], C-C-Sep=0.20, ║∇J║=3.8e-02
-----On 7/20 Initial Guess Perturbations
Iteration 186/1000-----
J=1.3e-02, Jf=1.0e-03, ⟨B·n⟩=7.4e-03, Len=sum([5.2, 5.1, 5.2])=15.5, ϰ=[6.4, 6.6, 7.6], ∫ϰ²/L=[6.8, 6.6, 11.1], C-C-Sep=0.20, ║∇J║=3.9e-02
-----On 7/20 Initial Guess Perturbations
Iteration 187/1000-----
J=1.3e-02, Jf=1.0e-03, ⟨B·n⟩=7.4e-03, Len=sum([5.2, 5.1, 5.2])=15.5, ϰ=[6.5, 6.2, 7.8], ∫ϰ²/L=[6.6, 6.7, 11.2], C-C-Sep=0.20, ║∇J║=4.2e-02
-----On 7/20 Initial Guess Perturbations
Iteration 188/1000-----
J=1.3e-02, Jf=1.0e-03, ⟨B·n⟩=7.4e-03, Len=sum([5.2, 5.1, 5.2])=15.4, ϰ=[6.5, 6.1, 7.9], ∫ϰ²/L=[6.8, 6.9, 11.5], C-C-Sep=0.20, ║∇J║=4.1e-02
-----On 7/20 Initial Guess Perturbations
Iteration 189/1000-----
J=1.3e-02, Jf=1.0e-03, ⟨B·n⟩=7.5e-03, Len=sum([5.2, 5.1, 5.2])=15.4, ϰ=[6.4, 6.0, 7.8], ∫ϰ²/L=[6.8, 6.9, 11.5], C-C-Sep=0.20, ║∇J║=3.4e-02
-----On 7/20 Initial Guess Perturbations
Iteration 190/1000-----
J=1.3e-02, Jf=1.0e-03, ⟨B·n⟩=7.5e-03, Len=sum([5.2, 5.1, 5.1])=15.4, ϰ=[6.4, 6.2, 7.5], ∫ϰ²/L=[6.8, 6.9, 11.5], C-C-Sep=0.20, ║∇J║=3.7e-02
-----On 7/20 Initial Guess Perturbations
Iteration 191/1000-----
J=1.3e-02, Jf=1.0e-03, ⟨B·n⟩=7.5e-03, Len=sum([5.1, 5.0, 5.1])=15.3, ϰ=[6.1, 6.6, 7.8], ∫ϰ²/L=[6.6, 7.2, 11.7], C-C-Sep=0.20, ║∇J║=4.7e-02
-----On 7/20 Initial Guess Perturbations
Iteration 192/1000-----
J=1.3e-02, Jf=1.0e-03, ⟨B·n⟩=7.5e-03, Len=sum([5.1, 5.0, 5.1])=15.3, ϰ=[6.2, 6.8, 7.4], ∫ϰ²/L=[6.7, 7.3, 11.5], C-C-Sep=0.20, ║∇J║=4.1e-02
-----On 7/20 Initial Guess Perturbations
Iteration 193/1000-----
J=1.3e-02, Jf=1.1e-03, ⟨B·n⟩=7.6e-03, Len=sum([5.1, 5.0, 5.1])=15.3, ϰ=[6.0, 6.7, 7.5], ∫ϰ²/L=[6.6, 7.0, 11.4], C-C-Sep=0.20, ║∇J║=3.6e-02
-----On 7/20 Initial Guess Perturbations
Iteration 194/1000-----
J=1.3e-02, Jf=1.1e-03, ⟨B·n⟩=7.6e-03, Len=sum([5.1, 5.0, 5.1])=15.2, ϰ=[5.8, 6.5, 7.4], ∫ϰ²/L=[6.7, 6.7, 11.1], C-C-Sep=0.20, ║∇J║=3.2e-02
-----On 7/20 Initial Guess Perturbations
Iteration 195/1000-----
J=1.3e-02, Jf=1.1e-03, ⟨B·n⟩=7.7e-03, Len=sum([5.1, 5.0, 5.1])=15.2, ϰ=[5.5, 6.2, 7.3], ∫ϰ²/L=[7.0, 6.8, 11.5], C-C-Sep=0.20, ║∇J║=3.8e-02
-----On 7/20 Initial Guess Perturbations
Iteration 196/1000-----
J=1.3e-02, Jf=1.1e-03, ⟨B·n⟩=7.7e-03, Len=sum([5.1, 5.0, 5.1])=15.1, ϰ=[5.8, 5.9, 7.2], ∫ϰ²/L=[7.3, 6.7, 11.6], C-C-Sep=0.20, ║∇J║=4.3e-02
-----On 7/20 Initial Guess Perturbations
Iteration 197/1000-----
J=1.3e-02, Jf=1.1e-03, ⟨B·n⟩=7.7e-03, Len=sum([5.1, 5.0, 5.0])=15.1, ϰ=[5.8, 5.8, 6.9], ∫ϰ²/L=[7.2, 6.7, 11.4], C-C-Sep=0.20, ║∇J║=4.2e-02
-----On 7/20 Initial Guess Perturbations
Iteration 198/1000-----
J=1.3e-02, Jf=1.1e-03, ⟨B·n⟩=7.8e-03, Len=sum([5.1, 5.0, 5.0])=15.1, ϰ=[5.8, 5.6, 6.2], ∫ϰ²/L=[6.9, 6.7, 11.3], C-C-Sep=0.20, ║∇J║=3.9e-02
-----On 7/20 Initial Guess Perturbations
Iteration 199/1000-----
J=1.3e-02, Jf=1.1e-03, ⟨B·n⟩=7.9e-03, Len=sum([5.0, 4.9, 5.0])=15.0, ϰ=[5.6, 5.7, 6.6], ∫ϰ²/L=[7.0, 7.1, 11.5], C-C-Sep=0.20, ║∇J║=5.9e-02
-----On 7/20 Initial Guess Perturbations
Iteration 200/1000-----
J=1.3e-02, Jf=1.1e-03, ⟨B·n⟩=7.8e-03, Len=sum([5.0, 4.9, 5.0])=15.0, ϰ=[5.6, 5.5, 6.4], ∫ϰ²/L=[6.8, 7.1, 11.1], C-C-Sep=0.20, ║∇J║=3.8e-02
-----On 7/20 Initial Guess Perturbations
Iteration 201/1000-----
J=1.3e-02, Jf=1.1e-03, ⟨B·n⟩=7.9e-03, Len=sum([5.0, 4.9, 5.0])=15.0, ϰ=[5.8, 5.6, 6.5], ∫ϰ²/L=[6.8, 7.1, 11.0], C-C-Sep=0.20, ║∇J║=3.3e-02
-----On 7/20 Initial Guess Perturbations
Iteration 202/1000-----
J=1.3e-02, Jf=1.1e-03, ⟨B·n⟩=7.9e-03, Len=sum([5.0, 4.9, 5.0])=14.9, ϰ=[6.0, 5.7, 7.0], ∫ϰ²/L=[6.9, 7.2, 10.9], C-C-Sep=0.20, ║∇J║=3.5e-02
-----On 7/20 Initial Guess Perturbations
Iteration 203/1000-----
J=1.3e-02, Jf=1.1e-03, ⟨B·n⟩=7.9e-03, Len=sum([5.0, 4.9, 5.0])=14.9, ϰ=[6.6, 5.6, 7.7], ∫ϰ²/L=[7.5, 7.7, 11.6], C-C-Sep=0.20, ║∇J║=4.3e-02
-----On 7/20 Initial Guess Perturbations
Iteration 204/1000-----
J=1.3e-02, Jf=1.1e-03, ⟨B·n⟩=8.0e-03, Len=sum([5.0, 4.9, 5.0])=14.9, ϰ=[6.5, 5.4, 7.5], ∫ϰ²/L=[7.4, 7.5, 11.4], C-C-Sep=0.20, ║∇J║=3.7e-02
-----On 7/20 Initial Guess Perturbations
Iteration 205/1000-----
J=1.3e-02, Jf=1.1e-03, ⟨B·n⟩=7.9e-03, Len=sum([5.0, 4.9, 5.0])=14.9, ϰ=[6.4, 5.5, 7.0], ∫ϰ²/L=[7.3, 7.4, 10.9], C-C-Sep=0.20, ║∇J║=3.6e-02
-----On 7/20 Initial Guess Perturbations
Iteration 206/1000-----
J=1.3e-02, Jf=1.1e-03, ⟨B·n⟩=8.1e-03, Len=sum([5.0, 4.9, 5.0])=14.8, ϰ=[6.3, 5.6, 6.9], ∫ϰ²/L=[7.2, 7.4, 10.9], C-C-Sep=0.20, ║∇J║=3.8e-02
-----On 7/20 Initial Guess Perturbations
Iteration 207/1000-----
J=1.3e-02, Jf=1.1e-03, ⟨B·n⟩=8.1e-03, Len=sum([5.0, 4.9, 4.9])=14.8, ϰ=[6.0, 5.6, 6.7], ∫ϰ²/L=[6.8, 7.0, 10.7], C-C-Sep=0.20, ║∇J║=4.4e-02
-----On 7/20 Initial Guess Perturbations
Iteration 208/1000-----
J=1.3e-02, Jf=1.1e-03, ⟨B·n⟩=8.2e-03, Len=sum([4.9, 4.9, 4.9])=14.7, ϰ=[6.0, 5.8, 7.3], ∫ϰ²/L=[7.0, 7.2, 10.9], C-C-Sep=0.20, ║∇J║=3.8e-02
-----On 7/20 Initial Guess Perturbations
Iteration 209/1000-----
J=1.3e-02, Jf=1.1e-03, ⟨B·n⟩=8.1e-03, Len=sum([5.0, 4.8, 4.9])=14.7, ϰ=[5.6, 5.6, 7.2], ∫ϰ²/L=[6.3, 6.6, 10.4], C-C-Sep=0.20, ║∇J║=4.9e-02
-----On 7/20 Initial Guess Perturbations
Iteration 210/1000-----
J=1.3e-02, Jf=1.1e-03, ⟨B·n⟩=8.2e-03, Len=sum([4.9, 4.8, 4.9])=14.7, ϰ=[5.3, 5.5, 7.5], ∫ϰ²/L=[6.3, 6.6, 10.4], C-C-Sep=0.20, ║∇J║=3.3e-02
-----On 7/20 Initial Guess Perturbations
Iteration 211/1000-----
J=1.3e-02, Jf=1.1e-03, ⟨B·n⟩=8.2e-03, Len=sum([4.9, 4.8, 4.9])=14.7, ϰ=[5.4, 5.5, 7.7], ∫ϰ²/L=[6.4, 6.8, 10.6], C-C-Sep=0.20, ║∇J║=2.8e-02
-----On 7/20 Initial Guess Perturbations
Iteration 212/1000-----
J=1.3e-02, Jf=1.1e-03, ⟨B·n⟩=8.3e-03, Len=sum([4.9, 4.8, 4.9])=14.6, ϰ=[5.5, 5.4, 7.8], ∫ϰ²/L=[6.5, 6.8, 10.6], C-C-Sep=0.20, ║∇J║=3.3e-02
-----On 7/20 Initial Guess Perturbations
Iteration 213/1000-----
J=1.3e-02, Jf=1.1e-03, ⟨B·n⟩=8.3e-03, Len=sum([4.9, 4.8, 4.9])=14.6, ϰ=[5.4, 5.4, 7.7], ∫ϰ²/L=[6.4, 6.6, 10.5], C-C-Sep=0.20, ║∇J║=2.8e-02
-----On 7/20 Initial Guess Perturbations
Iteration 214/1000-----
J=1.3e-02, Jf=1.1e-03, ⟨B·n⟩=8.3e-03, Len=sum([4.9, 4.8, 4.9])=14.6, ϰ=[5.3, 5.5, 7.7], ∫ϰ²/L=[6.3, 6.6, 10.5], C-C-Sep=0.20, ║∇J║=3.0e-02
-----On 7/20 Initial Guess Perturbations
Iteration 215/1000-----
J=1.3e-02, Jf=1.1e-03, ⟨B·n⟩=8.3e-03, Len=sum([4.9, 4.8, 4.9])=14.6, ϰ=[5.4, 5.5, 7.5], ∫ϰ²/L=[6.3, 6.6, 10.5], C-C-Sep=0.20, ║∇J║=3.0e-02
-----On 7/20 Initial Guess Perturbations
Iteration 216/1000-----
J=1.3e-02, Jf=1.1e-03, ⟨B·n⟩=8.3e-03, Len=sum([4.9, 4.8, 4.9])=14.6, ϰ=[5.5, 5.3, 7.3], ∫ϰ²/L=[6.4, 6.6, 10.6], C-C-Sep=0.20, ║∇J║=3.4e-02
-----On 7/20 Initial Guess Perturbations
Iteration 217/1000-----
J=1.3e-02, Jf=1.1e-03, ⟨B·n⟩=8.2e-03, Len=sum([4.9, 4.8, 4.9])=14.6, ϰ=[5.4, 5.2, 7.2], ∫ϰ²/L=[6.4, 6.5, 10.7], C-C-Sep=0.20, ║∇J║=2.7e-02
-----On 7/20 Initial Guess Perturbations
Iteration 218/1000-----
J=1.3e-02, Jf=1.1e-03, ⟨B·n⟩=8.3e-03, Len=sum([4.9, 4.7, 4.9])=14.6, ϰ=[5.6, 5.1, 6.9], ∫ϰ²/L=[6.5, 6.5, 10.5], C-C-Sep=0.20, ║∇J║=3.0e-02
-----On 7/20 Initial Guess Perturbations
Iteration 219/1000-----
J=1.3e-02, Jf=1.1e-03, ⟨B·n⟩=8.3e-03, Len=sum([4.9, 4.7, 4.9])=14.5, ϰ=[5.5, 5.2, 7.0], ∫ϰ²/L=[6.6, 6.5, 10.6], C-C-Sep=0.20, ║∇J║=2.9e-02
-----On 7/20 Initial Guess Perturbations
Iteration 220/1000-----
J=1.3e-02, Jf=1.1e-03, ⟨B·n⟩=8.3e-03, Len=sum([4.9, 4.7, 4.9])=14.5, ϰ=[5.5, 5.2, 7.0], ∫ϰ²/L=[6.8, 6.6, 10.5], C-C-Sep=0.20, ║∇J║=3.0e-02
-----On 7/20 Initial Guess Perturbations
Iteration 221/1000-----
J=1.3e-02, Jf=1.1e-03, ⟨B·n⟩=8.3e-03, Len=sum([4.9, 4.7, 4.9])=14.5, ϰ=[5.5, 5.3, 7.0], ∫ϰ²/L=[6.7, 6.6, 10.6], C-C-Sep=0.20, ║∇J║=2.4e-02
-----On 7/20 Initial Guess Perturbations
Iteration 222/1000-----
J=1.3e-02, Jf=1.1e-03, ⟨B·n⟩=8.3e-03, Len=sum([4.9, 4.7, 4.9])=14.5, ϰ=[5.3, 5.3, 7.1], ∫ϰ²/L=[6.6, 6.4, 10.4], C-C-Sep=0.20, ║∇J║=2.7e-02
-----On 7/20 Initial Guess Perturbations
Iteration 223/1000-----
J=1.3e-02, Jf=1.1e-03, ⟨B·n⟩=8.3e-03, Len=sum([4.9, 4.7, 4.9])=14.5, ϰ=[5.5, 5.2, 7.0], ∫ϰ²/L=[6.5, 6.2, 10.3], C-C-Sep=0.20, ║∇J║=3.2e-02
-----On 7/20 Initial Guess Perturbations
Iteration 224/1000-----
J=1.3e-02, Jf=1.1e-03, ⟨B·n⟩=8.3e-03, Len=sum([4.9, 4.7, 4.9])=14.4, ϰ=[6.1, 4.9, 6.8], ∫ϰ²/L=[6.5, 6.0, 10.3], C-C-Sep=0.20, ║∇J║=2.8e-02
-----On 7/20 Initial Guess Perturbations
Iteration 225/1000-----
J=1.3e-02, Jf=1.1e-03, ⟨B·n⟩=8.3e-03, Len=sum([4.9, 4.7, 4.9])=14.4, ϰ=[6.1, 4.9, 6.8], ∫ϰ²/L=[6.6, 5.9, 10.3], C-C-Sep=0.20, ║∇J║=2.6e-02
-----On 7/20 Initial Guess Perturbations
Iteration 226/1000-----
J=1.3e-02, Jf=1.1e-03, ⟨B·n⟩=8.3e-03, Len=sum([4.9, 4.6, 4.9])=14.4, ϰ=[6.2, 5.2, 6.5], ∫ϰ²/L=[6.6, 5.8, 10.1], C-C-Sep=0.20, ║∇J║=3.0e-02
-----On 7/20 Initial Guess Perturbations
Iteration 227/1000-----
J=1.3e-02, Jf=1.1e-03, ⟨B·n⟩=8.3e-03, Len=sum([4.9, 4.6, 4.9])=14.4, ϰ=[6.2, 5.4, 6.3], ∫ϰ²/L=[6.6, 5.9, 10.1], C-C-Sep=0.20, ║∇J║=2.7e-02
-----On 7/20 Initial Guess Perturbations
Iteration 228/1000-----
J=1.3e-02, Jf=1.1e-03, ⟨B·n⟩=8.3e-03, Len=sum([4.8, 4.6, 4.9])=14.4, ϰ=[6.1, 5.5, 6.4], ∫ϰ²/L=[6.6, 6.0, 10.2], C-C-Sep=0.20, ║∇J║=2.6e-02
-----On 7/20 Initial Guess Perturbations
Iteration 229/1000-----
J=1.3e-02, Jf=1.1e-03, ⟨B·n⟩=8.3e-03, Len=sum([4.8, 4.6, 4.9])=14.4, ϰ=[6.0, 5.3, 6.4], ∫ϰ²/L=[6.3, 5.9, 10.3], C-C-Sep=0.20, ║∇J║=2.9e-02
-----On 7/20 Initial Guess Perturbations
Iteration 230/1000-----
J=1.3e-02, Jf=1.1e-03, ⟨B·n⟩=8.3e-03, Len=sum([4.8, 4.6, 4.9])=14.4, ϰ=[6.0, 5.1, 6.3], ∫ϰ²/L=[6.3, 5.9, 10.2], C-C-Sep=0.20, ║∇J║=2.2e-02
-----On 7/20 Initial Guess Perturbations
Iteration 231/1000-----
J=1.3e-02, Jf=1.1e-03, ⟨B·n⟩=8.3e-03, Len=sum([4.8, 4.6, 4.9])=14.3, ϰ=[5.9, 4.9, 6.2], ∫ϰ²/L=[6.1, 5.8, 10.2], C-C-Sep=0.20, ║∇J║=1.9e-02
-----On 7/20 Initial Guess Perturbations
Iteration 232/1000-----
J=1.3e-02, Jf=1.1e-03, ⟨B·n⟩=8.3e-03, Len=sum([4.8, 4.6, 4.9])=14.3, ϰ=[5.7, 4.7, 6.2], ∫ϰ²/L=[6.1, 5.7, 10.2], C-C-Sep=0.20, ║∇J║=2.4e-02
-----On 7/20 Initial Guess Perturbations
Iteration 233/1000-----
J=1.3e-02, Jf=1.1e-03, ⟨B·n⟩=8.3e-03, Len=sum([4.8, 4.6, 4.9])=14.3, ϰ=[5.4, 4.5, 6.2], ∫ϰ²/L=[6.1, 5.7, 10.3], C-C-Sep=0.20, ║∇J║=1.8e-02
-----On 7/20 Initial Guess Perturbations
Iteration 234/1000-----
J=1.3e-02, Jf=1.1e-03, ⟨B·n⟩=8.3e-03, Len=sum([4.8, 4.6, 4.9])=14.3, ϰ=[5.3, 4.5, 6.0], ∫ϰ²/L=[6.0, 5.7, 10.2], C-C-Sep=0.20, ║∇J║=2.2e-02
-----On 7/20 Initial Guess Perturbations
Iteration 235/1000-----
J=1.3e-02, Jf=1.1e-03, ⟨B·n⟩=8.4e-03, Len=sum([4.8, 4.6, 4.9])=14.3, ϰ=[5.5, 4.6, 6.1], ∫ϰ²/L=[6.0, 5.6, 10.1], C-C-Sep=0.20, ║∇J║=2.3e-02
-----On 7/20 Initial Guess Perturbations
Iteration 236/1000-----
J=1.3e-02, Jf=1.1e-03, ⟨B·n⟩=8.3e-03, Len=sum([4.8, 4.6, 4.9])=14.3, ϰ=[5.5, 4.5, 6.0], ∫ϰ²/L=[6.0, 5.7, 10.0], C-C-Sep=0.20, ║∇J║=2.0e-02
-----On 7/20 Initial Guess Perturbations
Iteration 237/1000-----
J=1.3e-02, Jf=1.1e-03, ⟨B·n⟩=8.3e-03, Len=sum([4.8, 4.6, 4.9])=14.3, ϰ=[5.5, 4.5, 6.0], ∫ϰ²/L=[5.9, 5.6, 10.0], C-C-Sep=0.20, ║∇J║=1.5e-02
-----On 7/20 Initial Guess Perturbations
Iteration 238/1000-----
J=1.3e-02, Jf=1.1e-03, ⟨B·n⟩=8.3e-03, Len=sum([4.8, 4.6, 4.9])=14.3, ϰ=[5.5, 4.5, 6.0], ∫ϰ²/L=[5.8, 5.5, 10.0], C-C-Sep=0.20, ║∇J║=1.6e-02
-----On 7/20 Initial Guess Perturbations
Iteration 239/1000-----
J=1.3e-02, Jf=1.1e-03, ⟨B·n⟩=8.3e-03, Len=sum([4.8, 4.6, 4.9])=14.3, ϰ=[5.5, 4.5, 6.1], ∫ϰ²/L=[5.7, 5.5, 10.1], C-C-Sep=0.20, ║∇J║=1.4e-02
-----On 7/20 Initial Guess Perturbations
Iteration 240/1000-----
J=1.3e-02, Jf=1.1e-03, ⟨B·n⟩=8.3e-03, Len=sum([4.8, 4.6, 4.9])=14.3, ϰ=[5.4, 4.5, 6.2], ∫ϰ²/L=[5.6, 5.4, 10.0], C-C-Sep=0.20, ║∇J║=1.7e-02
-----On 7/20 Initial Guess Perturbations
Iteration 241/1000-----
J=1.3e-02, Jf=1.1e-03, ⟨B·n⟩=8.4e-03, Len=sum([4.8, 4.5, 4.9])=14.3, ϰ=[5.2, 4.7, 6.5], ∫ϰ²/L=[5.5, 5.4, 9.9], C-C-Sep=0.20, ║∇J║=2.2e-02
-----On 7/20 Initial Guess Perturbations
Iteration 242/1000-----
J=1.3e-02, Jf=1.1e-03, ⟨B·n⟩=8.4e-03, Len=sum([4.8, 4.5, 4.9])=14.2, ϰ=[5.2, 4.8, 6.6], ∫ϰ²/L=[5.5, 5.3, 9.8], C-C-Sep=0.20, ║∇J║=1.7e-02
-----On 7/20 Initial Guess Perturbations
Iteration 243/1000-----
J=1.3e-02, Jf=1.1e-03, ⟨B·n⟩=8.4e-03, Len=sum([4.8, 4.5, 4.9])=14.2, ϰ=[5.2, 5.0, 6.4], ∫ϰ²/L=[5.5, 5.2, 9.8], C-C-Sep=0.20, ║∇J║=1.7e-02
-----On 7/20 Initial Guess Perturbations
Iteration 244/1000-----
J=1.3e-02, Jf=1.1e-03, ⟨B·n⟩=8.4e-03, Len=sum([4.8, 4.5, 4.9])=14.2, ϰ=[5.2, 4.8, 6.7], ∫ϰ²/L=[5.6, 5.2, 9.8], C-C-Sep=0.20, ║∇J║=1.8e-02
-----On 7/20 Initial Guess Perturbations
Iteration 245/1000-----
J=1.3e-02, Jf=1.1e-03, ⟨B·n⟩=8.4e-03, Len=sum([4.8, 4.5, 4.9])=14.2, ϰ=[5.1, 4.7, 6.3], ∫ϰ²/L=[5.7, 5.3, 9.8], C-C-Sep=0.20, ║∇J║=1.6e-02
-----On 7/20 Initial Guess Perturbations
Iteration 246/1000-----
J=1.3e-02, Jf=1.1e-03, ⟨B·n⟩=8.4e-03, Len=sum([4.8, 4.5, 4.9])=14.2, ϰ=[5.0, 4.5, 6.3], ∫ϰ²/L=[5.6, 5.3, 9.8], C-C-Sep=0.20, ║∇J║=1.4e-02
-----On 7/20 Initial Guess Perturbations
Iteration 247/1000-----
J=1.3e-02, Jf=1.1e-03, ⟨B·n⟩=8.3e-03, Len=sum([4.8, 4.5, 4.9])=14.2, ϰ=[4.8, 4.7, 6.2], ∫ϰ²/L=[5.6, 5.3, 9.8], C-C-Sep=0.20, ║∇J║=1.5e-02
-----On 7/20 Initial Guess Perturbations
Iteration 248/1000-----
J=1.3e-02, Jf=1.1e-03, ⟨B·n⟩=8.4e-03, Len=sum([4.8, 4.5, 4.9])=14.2, ϰ=[4.6, 5.0, 6.2], ∫ϰ²/L=[5.5, 5.4, 9.8], C-C-Sep=0.20, ║∇J║=1.3e-02
-----On 7/20 Initial Guess Perturbations
Iteration 249/1000-----
J=1.2e-02, Jf=1.1e-03, ⟨B·n⟩=8.4e-03, Len=sum([4.8, 4.5, 4.9])=14.2, ϰ=[4.6, 5.3, 6.1], ∫ϰ²/L=[5.5, 5.3, 9.8], C-C-Sep=0.20, ║∇J║=1.5e-02
-----On 7/20 Initial Guess Perturbations
Iteration 250/1000-----
J=1.2e-02, Jf=1.1e-03, ⟨B·n⟩=8.4e-03, Len=sum([4.8, 4.5, 4.9])=14.2, ϰ=[4.8, 5.3, 6.0], ∫ϰ²/L=[5.5, 5.3, 9.7], C-C-Sep=0.20, ║∇J║=1.3e-02
-----On 7/20 Initial Guess Perturbations
Iteration 251/1000-----
J=1.2e-02, Jf=1.1e-03, ⟨B·n⟩=8.4e-03, Len=sum([4.8, 4.5, 4.9])=14.2, ϰ=[4.9, 5.2, 6.2], ∫ϰ²/L=[5.4, 5.3, 9.7], C-C-Sep=0.20, ║∇J║=1.2e-02
-----On 7/20 Initial Guess Perturbations
Iteration 252/1000-----
J=1.2e-02, Jf=1.1e-03, ⟨B·n⟩=8.4e-03, Len=sum([4.8, 4.5, 4.9])=14.2, ϰ=[5.0, 5.0, 6.2], ∫ϰ²/L=[5.3, 5.3, 9.6], C-C-Sep=0.20, ║∇J║=1.3e-02
-----On 7/20 Initial Guess Perturbations
Iteration 253/1000-----
J=1.2e-02, Jf=1.1e-03, ⟨B·n⟩=8.4e-03, Len=sum([4.8, 4.5, 4.9])=14.2, ϰ=[5.0, 5.2, 6.2], ∫ϰ²/L=[5.3, 5.4, 9.5], C-C-Sep=0.20, ║∇J║=1.3e-02
-----On 7/20 Initial Guess Perturbations
Iteration 254/1000-----
J=1.2e-02, Jf=1.1e-03, ⟨B·n⟩=8.4e-03, Len=sum([4.8, 4.5, 4.9])=14.2, ϰ=[4.9, 5.4, 6.2], ∫ϰ²/L=[5.3, 5.5, 9.5], C-C-Sep=0.20, ║∇J║=1.2e-02
-----On 7/20 Initial Guess Perturbations
Iteration 255/1000-----
J=1.2e-02, Jf=1.1e-03, ⟨B·n⟩=8.4e-03, Len=sum([4.8, 4.5, 4.9])=14.2, ϰ=[4.7, 5.4, 6.0], ∫ϰ²/L=[5.2, 5.5, 9.4], C-C-Sep=0.20, ║∇J║=1.2e-02
-----On 7/20 Initial Guess Perturbations
Iteration 256/1000-----
J=1.2e-02, Jf=1.1e-03, ⟨B·n⟩=8.4e-03, Len=sum([4.8, 4.5, 4.9])=14.2, ϰ=[4.6, 5.3, 5.9], ∫ϰ²/L=[5.2, 5.4, 9.3], C-C-Sep=0.20, ║∇J║=1.1e-02
-----On 7/20 Initial Guess Perturbations
Iteration 257/1000-----
J=1.2e-02, Jf=1.1e-03, ⟨B·n⟩=8.4e-03, Len=sum([4.8, 4.5, 4.9])=14.2, ϰ=[4.6, 5.1, 5.7], ∫ϰ²/L=[5.3, 5.3, 9.2], C-C-Sep=0.20, ║∇J║=1.1e-02
-----On 7/20 Initial Guess Perturbations
Iteration 258/1000-----
J=1.2e-02, Jf=1.1e-03, ⟨B·n⟩=8.5e-03, Len=sum([4.8, 4.5, 4.9])=14.2, ϰ=[4.6, 5.1, 5.6], ∫ϰ²/L=[5.3, 5.3, 9.2], C-C-Sep=0.20, ║∇J║=1.0e-02
-----On 7/20 Initial Guess Perturbations
Iteration 259/1000-----
J=1.2e-02, Jf=1.1e-03, ⟨B·n⟩=8.4e-03, Len=sum([4.8, 4.5, 4.9])=14.2, ϰ=[4.5, 4.9, 5.5], ∫ϰ²/L=[5.4, 5.3, 9.2], C-C-Sep=0.20, ║∇J║=1.1e-02
-----On 7/20 Initial Guess Perturbations
Iteration 260/1000-----
J=1.2e-02, Jf=1.1e-03, ⟨B·n⟩=8.5e-03, Len=sum([4.8, 4.5, 4.9])=14.2, ϰ=[4.4, 4.8, 5.6], ∫ϰ²/L=[5.4, 5.3, 9.2], C-C-Sep=0.20, ║∇J║=1.1e-02
-----On 7/20 Initial Guess Perturbations
Iteration 261/1000-----
J=1.2e-02, Jf=1.1e-03, ⟨B·n⟩=8.4e-03, Len=sum([4.8, 4.5, 4.9])=14.2, ϰ=[4.4, 4.8, 5.8], ∫ϰ²/L=[5.4, 5.3, 9.2], C-C-Sep=0.20, ║∇J║=1.1e-02
-----On 7/20 Initial Guess Perturbations
Iteration 262/1000-----
J=1.2e-02, Jf=1.1e-03, ⟨B·n⟩=8.4e-03, Len=sum([4.8, 4.5, 4.9])=14.2, ϰ=[4.5, 4.8, 5.9], ∫ϰ²/L=[5.3, 5.3, 9.1], C-C-Sep=0.20, ║∇J║=1.0e-02
-----On 7/20 Initial Guess Perturbations
Iteration 263/1000-----
J=1.2e-02, Jf=1.1e-03, ⟨B·n⟩=8.4e-03, Len=sum([4.8, 4.5, 4.9])=14.1, ϰ=[4.5, 4.9, 6.0], ∫ϰ²/L=[5.3, 5.4, 9.1], C-C-Sep=0.20, ║∇J║=1.1e-02
-----On 7/20 Initial Guess Perturbations
Iteration 264/1000-----
J=1.2e-02, Jf=1.1e-03, ⟨B·n⟩=8.5e-03, Len=sum([4.8, 4.5, 4.9])=14.1, ϰ=[4.5, 5.1, 6.0], ∫ϰ²/L=[5.2, 5.5, 9.2], C-C-Sep=0.20, ║∇J║=1.2e-02
-----On 7/20 Initial Guess Perturbations
Iteration 265/1000-----
J=1.2e-02, Jf=1.1e-03, ⟨B·n⟩=8.5e-03, Len=sum([4.8, 4.5, 4.9])=14.1, ϰ=[4.5, 5.1, 5.9], ∫ϰ²/L=[5.2, 5.5, 9.2], C-C-Sep=0.20, ║∇J║=9.3e-03
-----On 7/20 Initial Guess Perturbations
Iteration 266/1000-----
J=1.2e-02, Jf=1.1e-03, ⟨B·n⟩=8.5e-03, Len=sum([4.8, 4.5, 4.9])=14.1, ϰ=[4.5, 5.1, 5.8], ∫ϰ²/L=[5.2, 5.5, 9.2], C-C-Sep=0.20, ║∇J║=9.9e-03
-----On 7/20 Initial Guess Perturbations
Iteration 267/1000-----
J=1.2e-02, Jf=1.1e-03, ⟨B·n⟩=8.5e-03, Len=sum([4.8, 4.5, 4.9])=14.1, ϰ=[4.7, 5.2, 5.6], ∫ϰ²/L=[5.2, 5.5, 9.2], C-C-Sep=0.20, ║∇J║=1.1e-02
-----On 7/20 Initial Guess Perturbations
Iteration 268/1000-----
J=1.2e-02, Jf=1.1e-03, ⟨B·n⟩=8.5e-03, Len=sum([4.8, 4.5, 4.9])=14.1, ϰ=[4.9, 5.3, 5.7], ∫ϰ²/L=[5.3, 5.5, 9.2], C-C-Sep=0.20, ║∇J║=1.5e-02
-----On 7/20 Initial Guess Perturbations
Iteration 269/1000-----
J=1.2e-02, Jf=1.1e-03, ⟨B·n⟩=8.5e-03, Len=sum([4.8, 4.5, 4.9])=14.1, ϰ=[5.0, 5.3, 5.8], ∫ϰ²/L=[5.4, 5.5, 9.1], C-C-Sep=0.20, ║∇J║=1.1e-02
-----On 7/20 Initial Guess Perturbations
Iteration 270/1000-----
J=1.2e-02, Jf=1.1e-03, ⟨B·n⟩=8.5e-03, Len=sum([4.8, 4.5, 4.9])=14.1, ϰ=[5.0, 5.2, 5.8], ∫ϰ²/L=[5.3, 5.4, 9.1], C-C-Sep=0.20, ║∇J║=9.6e-03
-----On 7/20 Initial Guess Perturbations
Iteration 271/1000-----
J=1.2e-02, Jf=1.1e-03, ⟨B·n⟩=8.5e-03, Len=sum([4.8, 4.5, 4.9])=14.1, ϰ=[5.0, 5.0, 5.8], ∫ϰ²/L=[5.3, 5.3, 9.0], C-C-Sep=0.20, ║∇J║=1.2e-02
-----On 7/20 Initial Guess Perturbations
Iteration 272/1000-----
J=1.2e-02, Jf=1.1e-03, ⟨B·n⟩=8.5e-03, Len=sum([4.8, 4.5, 4.9])=14.1, ϰ=[5.1, 5.1, 5.7], ∫ϰ²/L=[5.4, 5.3, 9.0], C-C-Sep=0.20, ║∇J║=1.2e-02
-----On 7/20 Initial Guess Perturbations
Iteration 273/1000-----
J=1.2e-02, Jf=1.1e-03, ⟨B·n⟩=8.5e-03, Len=sum([4.8, 4.5, 4.9])=14.1, ϰ=[5.2, 5.1, 5.7], ∫ϰ²/L=[5.4, 5.3, 9.1], C-C-Sep=0.20, ║∇J║=1.1e-02
-----On 7/20 Initial Guess Perturbations
Iteration 274/1000-----
J=1.2e-02, Jf=1.1e-03, ⟨B·n⟩=8.5e-03, Len=sum([4.8, 4.5, 4.9])=14.1, ϰ=[5.1, 5.1, 5.6], ∫ϰ²/L=[5.4, 5.3, 9.1], C-C-Sep=0.20, ║∇J║=9.0e-03
-----On 7/20 Initial Guess Perturbations
Iteration 275/1000-----
J=1.2e-02, Jf=1.1e-03, ⟨B·n⟩=8.5e-03, Len=sum([4.8, 4.5, 4.9])=14.1, ϰ=[5.1, 5.0, 5.6], ∫ϰ²/L=[5.4, 5.4, 9.1], C-C-Sep=0.20, ║∇J║=8.5e-03
-----On 7/20 Initial Guess Perturbations
Iteration 276/1000-----
J=1.2e-02, Jf=1.1e-03, ⟨B·n⟩=8.5e-03, Len=sum([4.8, 4.5, 4.9])=14.1, ϰ=[4.9, 5.4, 5.7], ∫ϰ²/L=[5.5, 5.5, 9.1], C-C-Sep=0.20, ║∇J║=1.2e-02
-----On 7/20 Initial Guess Perturbations
Iteration 277/1000-----
J=1.2e-02, Jf=1.1e-03, ⟨B·n⟩=8.5e-03, Len=sum([4.8, 4.5, 4.9])=14.1, ϰ=[4.9, 5.4, 5.7], ∫ϰ²/L=[5.5, 5.5, 9.0], C-C-Sep=0.20, ║∇J║=9.5e-03
-----On 7/20 Initial Guess Perturbations
Iteration 278/1000-----
J=1.2e-02, Jf=1.1e-03, ⟨B·n⟩=8.5e-03, Len=sum([4.8, 4.5, 4.9])=14.1, ϰ=[4.9, 5.4, 5.6], ∫ϰ²/L=[5.4, 5.5, 9.0], C-C-Sep=0.20, ║∇J║=8.8e-03
-----On 7/20 Initial Guess Perturbations
Iteration 279/1000-----
J=1.2e-02, Jf=1.1e-03, ⟨B·n⟩=8.5e-03, Len=sum([4.8, 4.5, 4.9])=14.1, ϰ=[5.1, 5.4, 5.4], ∫ϰ²/L=[5.4, 5.4, 9.0], C-C-Sep=0.20, ║∇J║=9.2e-03
-----On 7/20 Initial Guess Perturbations
Iteration 280/1000-----
J=1.2e-02, Jf=1.1e-03, ⟨B·n⟩=8.4e-03, Len=sum([4.8, 4.5, 4.9])=14.1, ϰ=[5.2, 5.3, 5.4], ∫ϰ²/L=[5.4, 5.4, 9.0], C-C-Sep=0.20, ║∇J║=1.2e-02
-----On 7/20 Initial Guess Perturbations
Iteration 281/1000-----
J=1.2e-02, Jf=1.1e-03, ⟨B·n⟩=8.4e-03, Len=sum([4.8, 4.5, 4.9])=14.1, ϰ=[5.3, 5.4, 5.4], ∫ϰ²/L=[5.5, 5.4, 9.0], C-C-Sep=0.20, ║∇J║=9.4e-03
-----On 7/20 Initial Guess Perturbations
Iteration 282/1000-----
J=1.2e-02, Jf=1.1e-03, ⟨B·n⟩=8.4e-03, Len=sum([4.8, 4.5, 4.9])=14.1, ϰ=[5.3, 5.4, 5.5], ∫ϰ²/L=[5.5, 5.3, 9.0], C-C-Sep=0.20, ║∇J║=7.5e-03
-----On 7/20 Initial Guess Perturbations
Iteration 283/1000-----
J=1.2e-02, Jf=1.1e-03, ⟨B·n⟩=8.4e-03, Len=sum([4.8, 4.5, 4.9])=14.1, ϰ=[5.3, 5.3, 5.7], ∫ϰ²/L=[5.5, 5.3, 9.0], C-C-Sep=0.20, ║∇J║=8.0e-03
-----On 7/20 Initial Guess Perturbations
Iteration 284/1000-----
J=1.2e-02, Jf=1.1e-03, ⟨B·n⟩=8.4e-03, Len=sum([4.8, 4.5, 4.9])=14.1, ϰ=[5.3, 5.2, 5.8], ∫ϰ²/L=[5.4, 5.2, 9.0], C-C-Sep=0.20, ║∇J║=7.0e-03
-----On 7/20 Initial Guess Perturbations
Iteration 285/1000-----
J=1.2e-02, Jf=1.1e-03, ⟨B·n⟩=8.4e-03, Len=sum([4.8, 4.5, 4.9])=14.1, ϰ=[5.3, 5.3, 5.9], ∫ϰ²/L=[5.4, 5.3, 9.0], C-C-Sep=0.20, ║∇J║=7.3e-03
-----On 7/20 Initial Guess Perturbations
Iteration 286/1000-----
J=1.2e-02, Jf=1.1e-03, ⟨B·n⟩=8.4e-03, Len=sum([4.8, 4.5, 4.9])=14.1, ϰ=[5.4, 5.4, 5.8], ∫ϰ²/L=[5.4, 5.3, 9.0], C-C-Sep=0.20, ║∇J║=7.6e-03
-----On 7/20 Initial Guess Perturbations
Iteration 287/1000-----
J=1.2e-02, Jf=1.1e-03, ⟨B·n⟩=8.4e-03, Len=sum([4.8, 4.5, 4.9])=14.1, ϰ=[5.4, 5.4, 5.7], ∫ϰ²/L=[5.4, 5.3, 9.0], C-C-Sep=0.20, ║∇J║=5.8e-03
-----On 7/20 Initial Guess Perturbations
Iteration 288/1000-----
J=1.2e-02, Jf=1.1e-03, ⟨B·n⟩=8.4e-03, Len=sum([4.8, 4.5, 4.9])=14.1, ϰ=[5.5, 5.3, 5.6], ∫ϰ²/L=[5.4, 5.3, 9.0], C-C-Sep=0.20, ║∇J║=6.5e-03
-----On 7/20 Initial Guess Perturbations
Iteration 289/1000-----
J=1.2e-02, Jf=1.1e-03, ⟨B·n⟩=8.4e-03, Len=sum([4.8, 4.5, 4.9])=14.1, ϰ=[5.5, 5.1, 5.5], ∫ϰ²/L=[5.4, 5.3, 9.0], C-C-Sep=0.20, ║∇J║=9.3e-03
-----On 7/20 Initial Guess Perturbations
Iteration 290/1000-----
J=1.2e-02, Jf=1.1e-03, ⟨B·n⟩=8.4e-03, Len=sum([4.8, 4.5, 4.9])=14.1, ϰ=[5.5, 5.1, 5.6], ∫ϰ²/L=[5.4, 5.3, 9.0], C-C-Sep=0.20, ║∇J║=6.4e-03
-----On 7/20 Initial Guess Perturbations
Iteration 291/1000-----
J=1.2e-02, Jf=1.1e-03, ⟨B·n⟩=8.4e-03, Len=sum([4.8, 4.5, 4.9])=14.1, ϰ=[5.4, 5.2, 5.7], ∫ϰ²/L=[5.3, 5.3, 9.0], C-C-Sep=0.20, ║∇J║=5.3e-03
-----On 7/20 Initial Guess Perturbations
Iteration 292/1000-----
J=1.2e-02, Jf=1.1e-03, ⟨B·n⟩=8.4e-03, Len=sum([4.8, 4.5, 4.9])=14.1, ϰ=[5.3, 5.1, 5.7], ∫ϰ²/L=[5.3, 5.3, 8.9], C-C-Sep=0.20, ║∇J║=5.9e-03
-----On 7/20 Initial Guess Perturbations
Iteration 293/1000-----
J=1.2e-02, Jf=1.1e-03, ⟨B·n⟩=8.4e-03, Len=sum([4.8, 4.5, 4.9])=14.1, ϰ=[5.1, 5.1, 5.7], ∫ϰ²/L=[5.3, 5.3, 8.9], C-C-Sep=0.20, ║∇J║=6.1e-03
-----On 7/20 Initial Guess Perturbations
Iteration 294/1000-----
J=1.2e-02, Jf=1.1e-03, ⟨B·n⟩=8.4e-03, Len=sum([4.8, 4.5, 4.9])=14.1, ϰ=[5.0, 5.1, 5.6], ∫ϰ²/L=[5.3, 5.3, 8.9], C-C-Sep=0.20, ║∇J║=6.1e-03
-----On 7/20 Initial Guess Perturbations
Iteration 295/1000-----
J=1.2e-02, Jf=1.1e-03, ⟨B·n⟩=8.4e-03, Len=sum([4.8, 4.5, 4.9])=14.1, ϰ=[4.9, 5.1, 5.7], ∫ϰ²/L=[5.3, 5.3, 8.8], C-C-Sep=0.20, ║∇J║=5.6e-03
-----On 7/20 Initial Guess Perturbations
Iteration 296/1000-----
J=1.2e-02, Jf=1.1e-03, ⟨B·n⟩=8.4e-03, Len=sum([4.8, 4.5, 4.9])=14.1, ϰ=[4.9, 5.1, 5.7], ∫ϰ²/L=[5.3, 5.3, 8.8], C-C-Sep=0.20, ║∇J║=4.8e-03
-----On 7/20 Initial Guess Perturbations
Iteration 297/1000-----
J=1.2e-02, Jf=1.1e-03, ⟨B·n⟩=8.4e-03, Len=sum([4.8, 4.5, 4.9])=14.1, ϰ=[5.0, 5.2, 5.7], ∫ϰ²/L=[5.3, 5.3, 8.8], C-C-Sep=0.20, ║∇J║=4.8e-03
-----On 7/20 Initial Guess Perturbations
Iteration 298/1000-----
J=1.2e-02, Jf=1.1e-03, ⟨B·n⟩=8.4e-03, Len=sum([4.8, 4.5, 4.9])=14.1, ϰ=[5.0, 5.2, 5.7], ∫ϰ²/L=[5.3, 5.3, 8.8], C-C-Sep=0.20, ║∇J║=5.3e-03
-----On 7/20 Initial Guess Perturbations
Iteration 299/1000-----
J=1.2e-02, Jf=1.1e-03, ⟨B·n⟩=8.4e-03, Len=sum([4.8, 4.5, 4.8])=14.1, ϰ=[5.0, 5.3, 5.7], ∫ϰ²/L=[5.3, 5.3, 8.7], C-C-Sep=0.20, ║∇J║=4.5e-03
-----On 7/20 Initial Guess Perturbations
Iteration 300/1000-----
J=1.2e-02, Jf=1.1e-03, ⟨B·n⟩=8.4e-03, Len=sum([4.8, 4.5, 4.9])=14.1, ϰ=[5.0, 5.3, 5.6], ∫ϰ²/L=[5.2, 5.3, 8.7], C-C-Sep=0.20, ║∇J║=4.9e-03
-----On 7/20 Initial Guess Perturbations
Iteration 301/1000-----
J=1.2e-02, Jf=1.1e-03, ⟨B·n⟩=8.4e-03, Len=sum([4.8, 4.5, 4.8])=14.1, ϰ=[5.1, 5.2, 5.6], ∫ϰ²/L=[5.2, 5.3, 8.7], C-C-Sep=0.20, ║∇J║=5.5e-03
-----On 7/20 Initial Guess Perturbations
Iteration 302/1000-----
J=1.2e-02, Jf=1.1e-03, ⟨B·n⟩=8.4e-03, Len=sum([4.8, 4.5, 4.9])=14.1, ϰ=[5.1, 5.2, 5.6], ∫ϰ²/L=[5.2, 5.3, 8.7], C-C-Sep=0.20, ║∇J║=4.4e-03
-----On 7/20 Initial Guess Perturbations
Iteration 303/1000-----
J=1.2e-02, Jf=1.1e-03, ⟨B·n⟩=8.4e-03, Len=sum([4.8, 4.5, 4.8])=14.1, ϰ=[5.2, 5.1, 5.5], ∫ϰ²/L=[5.2, 5.3, 8.7], C-C-Sep=0.20, ║∇J║=4.0e-03
-----On 7/20 Initial Guess Perturbations
Iteration 304/1000-----
J=1.2e-02, Jf=1.1e-03, ⟨B·n⟩=8.4e-03, Len=sum([4.8, 4.5, 4.8])=14.1, ϰ=[5.2, 5.1, 5.6], ∫ϰ²/L=[5.2, 5.3, 8.7], C-C-Sep=0.20, ║∇J║=4.7e-03
-----On 7/20 Initial Guess Perturbations
Iteration 305/1000-----
J=1.2e-02, Jf=1.1e-03, ⟨B·n⟩=8.4e-03, Len=sum([4.8, 4.5, 4.8])=14.1, ϰ=[5.1, 5.0, 5.6], ∫ϰ²/L=[5.2, 5.2, 8.7], C-C-Sep=0.20, ║∇J║=4.2e-03
-----On 7/20 Initial Guess Perturbations
Iteration 306/1000-----
J=1.2e-02, Jf=1.1e-03, ⟨B·n⟩=8.4e-03, Len=sum([4.8, 4.5, 4.8])=14.1, ϰ=[5.1, 5.0, 5.7], ∫ϰ²/L=[5.2, 5.2, 8.7], C-C-Sep=0.20, ║∇J║=4.1e-03
-----On 7/20 Initial Guess Perturbations
Iteration 307/1000-----
J=1.2e-02, Jf=1.1e-03, ⟨B·n⟩=8.3e-03, Len=sum([4.8, 4.5, 4.8])=14.1, ϰ=[5.0, 5.1, 5.8], ∫ϰ²/L=[5.2, 5.2, 8.7], C-C-Sep=0.20, ║∇J║=5.1e-03
-----On 7/20 Initial Guess Perturbations
Iteration 308/1000-----
J=1.2e-02, Jf=1.1e-03, ⟨B·n⟩=8.3e-03, Len=sum([4.8, 4.5, 4.8])=14.1, ϰ=[5.0, 5.1, 5.9], ∫ϰ²/L=[5.2, 5.2, 8.7], C-C-Sep=0.20, ║∇J║=3.9e-03
-----On 7/20 Initial Guess Perturbations
Iteration 309/1000-----
J=1.2e-02, Jf=1.1e-03, ⟨B·n⟩=8.3e-03, Len=sum([4.8, 4.5, 4.8])=14.1, ϰ=[5.0, 5.2, 5.9], ∫ϰ²/L=[5.1, 5.2, 8.7], C-C-Sep=0.20, ║∇J║=3.7e-03
-----On 7/20 Initial Guess Perturbations
Iteration 310/1000-----
J=1.2e-02, Jf=1.1e-03, ⟨B·n⟩=8.3e-03, Len=sum([4.8, 4.5, 4.8])=14.1, ϰ=[5.0, 5.3, 5.9], ∫ϰ²/L=[5.1, 5.3, 8.7], C-C-Sep=0.20, ║∇J║=4.8e-03
-----On 7/20 Initial Guess Perturbations
Iteration 311/1000-----
J=1.2e-02, Jf=1.1e-03, ⟨B·n⟩=8.3e-03, Len=sum([4.8, 4.5, 4.8])=14.1, ϰ=[5.0, 5.3, 5.8], ∫ϰ²/L=[5.1, 5.3, 8.6], C-C-Sep=0.20, ║∇J║=4.5e-03
-----On 7/20 Initial Guess Perturbations
Iteration 312/1000-----
J=1.2e-02, Jf=1.1e-03, ⟨B·n⟩=8.3e-03, Len=sum([4.8, 4.5, 4.8])=14.1, ϰ=[5.1, 5.3, 5.7], ∫ϰ²/L=[5.1, 5.3, 8.6], C-C-Sep=0.20, ║∇J║=4.3e-03
-----On 7/20 Initial Guess Perturbations
Iteration 313/1000-----
J=1.2e-02, Jf=1.1e-03, ⟨B·n⟩=8.3e-03, Len=sum([4.8, 4.5, 4.8])=14.1, ϰ=[5.1, 5.3, 5.6], ∫ϰ²/L=[5.1, 5.3, 8.7], C-C-Sep=0.20, ║∇J║=4.6e-03
-----On 7/20 Initial Guess Perturbations
Iteration 314/1000-----
J=1.2e-02, Jf=1.1e-03, ⟨B·n⟩=8.3e-03, Len=sum([4.8, 4.5, 4.8])=14.1, ϰ=[5.1, 5.3, 5.5], ∫ϰ²/L=[5.1, 5.3, 8.7], C-C-Sep=0.20, ║∇J║=5.2e-03
-----On 7/20 Initial Guess Perturbations
Iteration 315/1000-----
J=1.2e-02, Jf=1.1e-03, ⟨B·n⟩=8.3e-03, Len=sum([4.8, 4.5, 4.8])=14.1, ϰ=[5.1, 5.3, 5.5], ∫ϰ²/L=[5.1, 5.3, 8.7], C-C-Sep=0.20, ║∇J║=4.3e-03
-----On 7/20 Initial Guess Perturbations
Iteration 316/1000-----
J=1.2e-02, Jf=1.1e-03, ⟨B·n⟩=8.3e-03, Len=sum([4.8, 4.5, 4.8])=14.1, ϰ=[5.1, 5.2, 5.5], ∫ϰ²/L=[5.1, 5.3, 8.6], C-C-Sep=0.20, ║∇J║=3.8e-03
-----On 7/20 Initial Guess Perturbations
Iteration 317/1000-----
J=1.2e-02, Jf=1.1e-03, ⟨B·n⟩=8.3e-03, Len=sum([4.8, 4.5, 4.8])=14.1, ϰ=[5.1, 5.3, 5.5], ∫ϰ²/L=[5.1, 5.3, 8.6], C-C-Sep=0.20, ║∇J║=4.3e-03
-----On 7/20 Initial Guess Perturbations
Iteration 318/1000-----
J=1.2e-02, Jf=1.1e-03, ⟨B·n⟩=8.3e-03, Len=sum([4.8, 4.5, 4.8])=14.1, ϰ=[5.1, 5.3, 5.5], ∫ϰ²/L=[5.1, 5.3, 8.7], C-C-Sep=0.20, ║∇J║=5.1e-03
-----On 7/20 Initial Guess Perturbations
Iteration 319/1000-----
J=1.2e-02, Jf=1.1e-03, ⟨B·n⟩=8.3e-03, Len=sum([4.8, 4.5, 4.8])=14.1, ϰ=[5.1, 5.3, 5.5], ∫ϰ²/L=[5.1, 5.3, 8.7], C-C-Sep=0.20, ║∇J║=4.0e-03
-----On 7/20 Initial Guess Perturbations
Iteration 320/1000-----
J=1.2e-02, Jf=1.1e-03, ⟨B·n⟩=8.3e-03, Len=sum([4.8, 4.5, 4.8])=14.1, ϰ=[5.1, 5.3, 5.5], ∫ϰ²/L=[5.1, 5.3, 8.7], C-C-Sep=0.20, ║∇J║=3.6e-03
-----On 7/20 Initial Guess Perturbations
Iteration 321/1000-----
J=1.2e-02, Jf=1.1e-03, ⟨B·n⟩=8.3e-03, Len=sum([4.8, 4.5, 4.8])=14.1, ϰ=[5.0, 5.3, 5.5], ∫ϰ²/L=[5.0, 5.2, 8.7], C-C-Sep=0.20, ║∇J║=3.7e-03
-----On 7/20 Initial Guess Perturbations
Iteration 322/1000-----
J=1.2e-02, Jf=1.1e-03, ⟨B·n⟩=8.3e-03, Len=sum([4.8, 4.5, 4.8])=14.1, ϰ=[5.0, 5.2, 5.5], ∫ϰ²/L=[5.0, 5.2, 8.7], C-C-Sep=0.20, ║∇J║=3.8e-03
-----On 7/20 Initial Guess Perturbations
Iteration 323/1000-----
J=1.2e-02, Jf=1.1e-03, ⟨B·n⟩=8.3e-03, Len=sum([4.8, 4.5, 4.8])=14.1, ϰ=[5.0, 5.3, 5.5], ∫ϰ²/L=[5.0, 5.2, 8.7], C-C-Sep=0.20, ║∇J║=5.2e-03
-----On 7/20 Initial Guess Perturbations
Iteration 324/1000-----
J=1.2e-02, Jf=1.1e-03, ⟨B·n⟩=8.3e-03, Len=sum([4.8, 4.5, 4.8])=14.1, ϰ=[5.0, 5.4, 5.5], ∫ϰ²/L=[5.0, 5.2, 8.7], C-C-Sep=0.20, ║∇J║=3.8e-03
-----On 7/20 Initial Guess Perturbations
Iteration 325/1000-----
J=1.2e-02, Jf=1.1e-03, ⟨B·n⟩=8.3e-03, Len=sum([4.8, 4.5, 4.8])=14.1, ϰ=[5.0, 5.4, 5.6], ∫ϰ²/L=[5.0, 5.2, 8.7], C-C-Sep=0.20, ║∇J║=3.4e-03
-----On 7/20 Initial Guess Perturbations
Iteration 326/1000-----
J=1.2e-02, Jf=1.1e-03, ⟨B·n⟩=8.3e-03, Len=sum([4.8, 4.5, 4.8])=14.1, ϰ=[5.1, 5.5, 5.6], ∫ϰ²/L=[5.0, 5.3, 8.7], C-C-Sep=0.20, ║∇J║=4.0e-03
-----On 7/20 Initial Guess Perturbations
Iteration 327/1000-----
J=1.2e-02, Jf=1.1e-03, ⟨B·n⟩=8.3e-03, Len=sum([4.8, 4.5, 4.8])=14.1, ϰ=[5.1, 5.5, 5.6], ∫ϰ²/L=[5.1, 5.3, 8.7], C-C-Sep=0.20, ║∇J║=4.6e-03
-----On 7/20 Initial Guess Perturbations
Iteration 328/1000-----
J=1.2e-02, Jf=1.1e-03, ⟨B·n⟩=8.3e-03, Len=sum([4.8, 4.5, 4.8])=14.1, ϰ=[5.1, 5.4, 5.6], ∫ϰ²/L=[5.1, 5.3, 8.7], C-C-Sep=0.20, ║∇J║=3.5e-03
-----On 7/20 Initial Guess Perturbations
Iteration 329/1000-----
J=1.2e-02, Jf=1.1e-03, ⟨B·n⟩=8.3e-03, Len=sum([4.8, 4.5, 4.8])=14.1, ϰ=[5.0, 5.3, 5.6], ∫ϰ²/L=[5.1, 5.2, 8.7], C-C-Sep=0.20, ║∇J║=3.4e-03
-----On 7/20 Initial Guess Perturbations
Iteration 330/1000-----
J=1.2e-02, Jf=1.1e-03, ⟨B·n⟩=8.3e-03, Len=sum([4.8, 4.5, 4.8])=14.1, ϰ=[5.0, 5.2, 5.6], ∫ϰ²/L=[5.1, 5.2, 8.7], C-C-Sep=0.20, ║∇J║=4.3e-03
-----On 7/20 Initial Guess Perturbations
Iteration 331/1000-----
J=1.2e-02, Jf=1.1e-03, ⟨B·n⟩=8.3e-03, Len=sum([4.8, 4.5, 4.8])=14.1, ϰ=[5.0, 5.2, 5.7], ∫ϰ²/L=[5.0, 5.2, 8.7], C-C-Sep=0.20, ║∇J║=3.2e-03
-----On 7/20 Initial Guess Perturbations
Iteration 332/1000-----
J=1.2e-02, Jf=1.1e-03, ⟨B·n⟩=8.3e-03, Len=sum([4.8, 4.5, 4.8])=14.1, ϰ=[5.0, 5.2, 5.7], ∫ϰ²/L=[5.0, 5.2, 8.7], C-C-Sep=0.20, ║∇J║=2.9e-03
-----On 7/20 Initial Guess Perturbations
Iteration 333/1000-----
J=1.2e-02, Jf=1.1e-03, ⟨B·n⟩=8.3e-03, Len=sum([4.8, 4.5, 4.8])=14.1, ϰ=[5.0, 5.2, 5.7], ∫ϰ²/L=[5.0, 5.2, 8.7], C-C-Sep=0.20, ║∇J║=3.2e-03
-----On 7/20 Initial Guess Perturbations
Iteration 334/1000-----
J=1.2e-02, Jf=1.1e-03, ⟨B·n⟩=8.3e-03, Len=sum([4.8, 4.5, 4.8])=14.1, ϰ=[5.1, 5.2, 5.7], ∫ϰ²/L=[5.0, 5.2, 8.7], C-C-Sep=0.20, ║∇J║=3.8e-03
-----On 7/20 Initial Guess Perturbations
Iteration 335/1000-----
J=1.2e-02, Jf=1.1e-03, ⟨B·n⟩=8.3e-03, Len=sum([4.8, 4.5, 4.8])=14.1, ϰ=[5.1, 5.2, 5.7], ∫ϰ²/L=[5.1, 5.2, 8.7], C-C-Sep=0.20, ║∇J║=4.2e-03
-----On 7/20 Initial Guess Perturbations
Iteration 336/1000-----
J=1.2e-02, Jf=1.1e-03, ⟨B·n⟩=8.3e-03, Len=sum([4.8, 4.5, 4.8])=14.1, ϰ=[5.1, 5.2, 5.8], ∫ϰ²/L=[5.1, 5.2, 8.7], C-C-Sep=0.20, ║∇J║=3.3e-03
-----On 7/20 Initial Guess Perturbations
Iteration 337/1000-----
J=1.2e-02, Jf=1.1e-03, ⟨B·n⟩=8.3e-03, Len=sum([4.8, 4.5, 4.8])=14.1, ϰ=[5.0, 5.2, 5.7], ∫ϰ²/L=[5.1, 5.3, 8.7], C-C-Sep=0.20, ║∇J║=3.2e-03
-----On 7/20 Initial Guess Perturbations
Iteration 338/1000-----
J=1.2e-02, Jf=1.1e-03, ⟨B·n⟩=8.3e-03, Len=sum([4.8, 4.5, 4.8])=14.1, ϰ=[5.0, 5.2, 5.7], ∫ϰ²/L=[5.1, 5.3, 8.7], C-C-Sep=0.20, ║∇J║=4.5e-03
-----On 7/20 Initial Guess Perturbations
Iteration 339/1000-----
J=1.2e-02, Jf=1.1e-03, ⟨B·n⟩=8.3e-03, Len=sum([4.8, 4.5, 4.9])=14.1, ϰ=[5.0, 5.2, 5.7], ∫ϰ²/L=[5.1, 5.3, 8.8], C-C-Sep=0.20, ║∇J║=3.6e-03
-----On 7/20 Initial Guess Perturbations
Iteration 340/1000-----
J=1.2e-02, Jf=1.1e-03, ⟨B·n⟩=8.3e-03, Len=sum([4.8, 4.5, 4.9])=14.1, ϰ=[5.0, 5.2, 5.6], ∫ϰ²/L=[5.1, 5.3, 8.8], C-C-Sep=0.20, ║∇J║=3.6e-03
-----On 7/20 Initial Guess Perturbations
Iteration 341/1000-----
J=1.2e-02, Jf=1.0e-03, ⟨B·n⟩=8.3e-03, Len=sum([4.8, 4.5, 4.9])=14.1, ϰ=[5.0, 5.2, 5.6], ∫ϰ²/L=[5.1, 5.3, 8.8], C-C-Sep=0.20, ║∇J║=3.9e-03
-----On 7/20 Initial Guess Perturbations
Iteration 342/1000-----
J=1.2e-02, Jf=1.0e-03, ⟨B·n⟩=8.3e-03, Len=sum([4.8, 4.5, 4.9])=14.1, ϰ=[4.9, 5.2, 5.6], ∫ϰ²/L=[5.1, 5.3, 8.8], C-C-Sep=0.20, ║∇J║=4.5e-03
-----On 7/20 Initial Guess Perturbations
Iteration 343/1000-----
J=1.2e-02, Jf=1.0e-03, ⟨B·n⟩=8.3e-03, Len=sum([4.8, 4.5, 4.9])=14.1, ϰ=[5.0, 5.1, 5.5], ∫ϰ²/L=[5.1, 5.3, 8.8], C-C-Sep=0.20, ║∇J║=3.7e-03
-----On 7/20 Initial Guess Perturbations
Iteration 344/1000-----
J=1.2e-02, Jf=1.0e-03, ⟨B·n⟩=8.3e-03, Len=sum([4.8, 4.5, 4.9])=14.1, ϰ=[5.0, 5.1, 5.5], ∫ϰ²/L=[5.1, 5.3, 8.8], C-C-Sep=0.20, ║∇J║=3.5e-03
-----On 7/20 Initial Guess Perturbations
Iteration 345/1000-----
J=1.2e-02, Jf=1.0e-03, ⟨B·n⟩=8.3e-03, Len=sum([4.8, 4.5, 4.9])=14.1, ϰ=[5.1, 5.0, 5.5], ∫ϰ²/L=[5.1, 5.3, 8.8], C-C-Sep=0.20, ║∇J║=3.7e-03
-----On 7/20 Initial Guess Perturbations
Iteration 346/1000-----
J=1.2e-02, Jf=1.0e-03, ⟨B·n⟩=8.3e-03, Len=sum([4.8, 4.5, 4.9])=14.1, ϰ=[5.1, 4.9, 5.5], ∫ϰ²/L=[5.1, 5.3, 8.9], C-C-Sep=0.20, ║∇J║=3.6e-03
-----On 7/20 Initial Guess Perturbations
Iteration 347/1000-----
J=1.2e-02, Jf=1.0e-03, ⟨B·n⟩=8.2e-03, Len=sum([4.8, 4.5, 4.9])=14.1, ϰ=[5.2, 4.9, 5.5], ∫ϰ²/L=[5.1, 5.4, 8.9], C-C-Sep=0.20, ║∇J║=3.9e-03
-----On 7/20 Initial Guess Perturbations
Iteration 348/1000-----
J=1.2e-02, Jf=1.0e-03, ⟨B·n⟩=8.2e-03, Len=sum([4.8, 4.5, 4.9])=14.1, ϰ=[5.2, 5.0, 5.6], ∫ϰ²/L=[5.1, 5.4, 8.9], C-C-Sep=0.20, ║∇J║=4.3e-03
-----On 7/20 Initial Guess Perturbations
Iteration 349/1000-----
J=1.2e-02, Jf=1.0e-03, ⟨B·n⟩=8.2e-03, Len=sum([4.8, 4.5, 4.9])=14.1, ϰ=[5.2, 5.0, 5.6], ∫ϰ²/L=[5.1, 5.4, 8.9], C-C-Sep=0.20, ║∇J║=3.8e-03
-----On 7/20 Initial Guess Perturbations
Iteration 350/1000-----
J=1.2e-02, Jf=1.0e-03, ⟨B·n⟩=8.2e-03, Len=sum([4.8, 4.5, 4.9])=14.1, ϰ=[5.2, 5.1, 5.6], ∫ϰ²/L=[5.1, 5.4, 8.8], C-C-Sep=0.20, ║∇J║=2.9e-03
-----On 7/20 Initial Guess Perturbations
Iteration 351/1000-----
J=1.2e-02, Jf=1.0e-03, ⟨B·n⟩=8.2e-03, Len=sum([4.8, 4.5, 4.9])=14.1, ϰ=[5.2, 5.1, 5.6], ∫ϰ²/L=[5.1, 5.4, 8.8], C-C-Sep=0.20, ║∇J║=2.8e-03
-----On 7/20 Initial Guess Perturbations
Iteration 352/1000-----
J=1.2e-02, Jf=1.0e-03, ⟨B·n⟩=8.2e-03, Len=sum([4.8, 4.5, 4.9])=14.1, ϰ=[5.2, 5.2, 5.6], ∫ϰ²/L=[5.1, 5.4, 8.8], C-C-Sep=0.20, ║∇J║=3.1e-03
-----On 7/20 Initial Guess Perturbations
Iteration 353/1000-----
J=1.2e-02, Jf=1.0e-03, ⟨B·n⟩=8.2e-03, Len=sum([4.8, 4.5, 4.9])=14.1, ϰ=[5.2, 5.3, 5.6], ∫ϰ²/L=[5.1, 5.4, 8.8], C-C-Sep=0.20, ║∇J║=4.9e-03
-----On 7/20 Initial Guess Perturbations
Iteration 354/1000-----
J=1.2e-02, Jf=1.0e-03, ⟨B·n⟩=8.2e-03, Len=sum([4.8, 4.5, 4.9])=14.1, ϰ=[5.1, 5.3, 5.6], ∫ϰ²/L=[5.1, 5.5, 8.8], C-C-Sep=0.20, ║∇J║=4.3e-03
-----On 7/20 Initial Guess Perturbations
Iteration 355/1000-----
J=1.2e-02, Jf=1.0e-03, ⟨B·n⟩=8.2e-03, Len=sum([4.8, 4.5, 4.9])=14.1, ϰ=[5.1, 5.3, 5.6], ∫ϰ²/L=[5.1, 5.5, 8.8], C-C-Sep=0.20, ║∇J║=3.2e-03
-----On 7/20 Initial Guess Perturbations
Iteration 356/1000-----
J=1.2e-02, Jf=1.0e-03, ⟨B·n⟩=8.2e-03, Len=sum([4.8, 4.5, 4.9])=14.1, ϰ=[5.0, 5.2, 5.5], ∫ϰ²/L=[5.1, 5.4, 8.8], C-C-Sep=0.20, ║∇J║=3.2e-03
-----On 7/20 Initial Guess Perturbations
Iteration 357/1000-----
J=1.2e-02, Jf=1.0e-03, ⟨B·n⟩=8.2e-03, Len=sum([4.8, 4.5, 4.9])=14.1, ϰ=[5.0, 5.2, 5.5], ∫ϰ²/L=[5.1, 5.4, 8.8], C-C-Sep=0.20, ║∇J║=3.2e-03
-----On 7/20 Initial Guess Perturbations
Iteration 358/1000-----
J=1.2e-02, Jf=1.0e-03, ⟨B·n⟩=8.2e-03, Len=sum([4.8, 4.5, 4.9])=14.1, ϰ=[5.0, 5.1, 5.5], ∫ϰ²/L=[5.1, 5.4, 8.8], C-C-Sep=0.20, ║∇J║=3.1e-03
-----On 7/20 Initial Guess Perturbations
Iteration 359/1000-----
J=1.2e-02, Jf=1.0e-03, ⟨B·n⟩=8.2e-03, Len=sum([4.8, 4.5, 4.9])=14.1, ϰ=[5.0, 5.2, 5.5], ∫ϰ²/L=[5.1, 5.4, 8.9], C-C-Sep=0.20, ║∇J║=4.3e-03
-----On 7/20 Initial Guess Perturbations
Iteration 360/1000-----
J=1.2e-02, Jf=1.0e-03, ⟨B·n⟩=8.2e-03, Len=sum([4.8, 4.5, 4.9])=14.1, ϰ=[5.1, 5.2, 5.4], ∫ϰ²/L=[5.1, 5.4, 8.9], C-C-Sep=0.20, ║∇J║=3.3e-03
-----On 7/20 Initial Guess Perturbations
Iteration 361/1000-----
J=1.2e-02, Jf=1.0e-03, ⟨B·n⟩=8.2e-03, Len=sum([4.8, 4.5, 4.9])=14.1, ϰ=[5.1, 5.2, 5.4], ∫ϰ²/L=[5.1, 5.4, 8.9], C-C-Sep=0.20, ║∇J║=2.8e-03
-----On 7/20 Initial Guess Perturbations
Iteration 362/1000-----
J=1.2e-02, Jf=1.0e-03, ⟨B·n⟩=8.2e-03, Len=sum([4.8, 4.5, 4.9])=14.1, ϰ=[5.1, 5.3, 5.4], ∫ϰ²/L=[5.1, 5.4, 8.9], C-C-Sep=0.20, ║∇J║=3.9e-03
-----On 7/20 Initial Guess Perturbations
Iteration 363/1000-----
J=1.2e-02, Jf=1.0e-03, ⟨B·n⟩=8.2e-03, Len=sum([4.8, 4.5, 4.9])=14.1, ϰ=[5.1, 5.3, 5.3], ∫ϰ²/L=[5.1, 5.4, 8.9], C-C-Sep=0.20, ║∇J║=2.9e-03
-----On 7/20 Initial Guess Perturbations
Iteration 364/1000-----
J=1.2e-02, Jf=1.0e-03, ⟨B·n⟩=8.2e-03, Len=sum([4.8, 4.5, 4.9])=14.1, ϰ=[5.1, 5.3, 5.4], ∫ϰ²/L=[5.1, 5.4, 8.9], C-C-Sep=0.20, ║∇J║=2.9e-03
-----On 7/20 Initial Guess Perturbations
Iteration 365/1000-----
J=1.2e-02, Jf=1.0e-03, ⟨B·n⟩=8.2e-03, Len=sum([4.8, 4.5, 4.9])=14.1, ϰ=[5.0, 5.3, 5.4], ∫ϰ²/L=[5.1, 5.4, 8.9], C-C-Sep=0.20, ║∇J║=4.5e-03
-----On 7/20 Initial Guess Perturbations
Iteration 366/1000-----
J=1.2e-02, Jf=1.0e-03, ⟨B·n⟩=8.2e-03, Len=sum([4.8, 4.5, 4.9])=14.1, ϰ=[5.1, 5.3, 5.4], ∫ϰ²/L=[5.1, 5.4, 8.9], C-C-Sep=0.20, ║∇J║=3.6e-03
-----On 7/20 Initial Guess Perturbations
slurmstepd: error: *** JOB 65237822 ON cm039 CANCELLED AT 2025-08-20T01:19:01 ***
