Running initial guess perturbation 10
Coil 0: RMS error: 0.000005, Relative: 0.000003
Max point error: 0.000026, Min point error: 0.000000
Coil 1: RMS error: 0.000005, Relative: 0.000003
Max point error: 0.000028, Min point error: 0.000000
Coil 2: RMS error: 0.000006, Relative: 0.000003
Max point error: 0.000027, Min point error: 0.000000
Overall fit errors: [4.765169348199298e-06, 5.1860905165088535e-06, 5.629203850103299e-06]
Mean fit error: 0.000005

################################################################################
### Perform a Taylor test ######################################################
################################################################################

Iteration 1/2000-----
J=6.6e-01, ⟨Jf⟩=4.5e-02, ⟨B·n⟩=5.2e-02, Len=sum([5.9, 5.6, 6.0])=17.5, ϰ=[7.2, 6.9, 5.0], ∫ϰ²/L>=[3.7, 4.0, 2.9], C-C-Sep=0.02, ║∇J║=1.8e+01
-----On 11/20 Initial Guess Perturbations
Iteration 2/2000-----
J=6.7e-01, ⟨Jf⟩=4.5e-02, ⟨B·n⟩=5.2e-02, Len=sum([5.9, 5.6, 6.0])=17.5, ϰ=[7.3, 9.6, 6.8], ∫ϰ²/L>=[5.2, 6.2, 4.3], C-C-Sep=0.02, ║∇J║=1.8e+01
-----On 11/20 Initial Guess Perturbations
Iteration 3/2000-----
J=6.7e-01, ⟨Jf⟩=4.5e-02, ⟨B·n⟩=5.2e-02, Len=sum([5.9, 5.6, 6.0])=17.5, ϰ=[7.8, 8.0, 6.0], ∫ϰ²/L>=[5.4, 5.8, 4.2], C-C-Sep=0.02, ║∇J║=1.8e+01
-----On 11/20 Initial Guess Perturbations
err -0.14094618896615874
Iteration 4/2000-----
J=6.6e-01, ⟨Jf⟩=4.5e-02, ⟨B·n⟩=5.2e-02, Len=sum([5.9, 5.6, 6.0])=17.5, ϰ=[7.2, 7.1, 4.9], ∫ϰ²/L>=[3.7, 4.0, 2.9], C-C-Sep=0.02, ║∇J║=1.8e+01
-----On 11/20 Initial Guess Perturbations
Iteration 5/2000-----
J=6.6e-01, ⟨Jf⟩=4.5e-02, ⟨B·n⟩=5.2e-02, Len=sum([5.9, 5.6, 6.0])=17.5, ϰ=[7.2, 6.7, 5.1], ∫ϰ²/L>=[3.8, 4.0, 2.9], C-C-Sep=0.02, ║∇J║=1.8e+01
-----On 11/20 Initial Guess Perturbations
err -0.0014509554665607105
slurmstepd: error: *** JOB 65237860 ON cl004 CANCELLED AT 2025-08-20T01:19:01 ***
