Running initial guess perturbation 1
Coil 0: RMS error: 0.000006, Relative: 0.000004
Max point error: 0.000030, Min point error: 0.000000
Coil 1: RMS error: 0.000004, Relative: 0.000002
Max point error: 0.000024, Min point error: 0.000000
Coil 2: RMS error: 0.000005, Relative: 0.000003
Max point error: 0.000022, Min point error: 0.000000
Overall fit errors: [6.2689030896862524e-06, 3.835410500422632e-06, 4.690136123649997e-06]
Mean fit error: 0.000005

################################################################################
### Perform a Taylor test ######################################################
################################################################################

Iteration 1/2000-----
J=6.4e-01, ⟨Jf⟩=5.0e-02, ⟨B·n⟩=5.5e-02, Len=sum([5.7, 5.3, 5.6])=16.5, ϰ=[10.0, 3.2, 8.9], ∫ϰ²/L>=[8.0, 2.2, 6.0], C-C-Sep=0.05, ║∇J║=2.3e+01
-----On 2/20 Initial Guess Perturbations
Iteration 2/2000-----
J=6.3e-01, ⟨Jf⟩=5.0e-02, ⟨B·n⟩=5.5e-02, Len=sum([5.7, 5.3, 5.6])=16.6, ϰ=[12.2, 8.2, 9.0], ∫ϰ²/L>=[11.0, 4.5, 8.3], C-C-Sep=0.04, ║∇J║=2.3e+01
-----On 2/20 Initial Guess Perturbations
Iteration 3/2000-----
J=6.5e-01, ⟨Jf⟩=5.0e-02, ⟨B·n⟩=5.5e-02, Len=sum([5.7, 5.3, 5.6])=16.6, ϰ=[9.4, 5.9, 8.9], ∫ϰ²/L>=[10.3, 4.2, 7.9], C-C-Sep=0.05, ║∇J║=2.3e+01
-----On 2/20 Initial Guess Perturbations
err -0.17055014361833365
Iteration 4/2000-----
J=6.4e-01, ⟨Jf⟩=5.0e-02, ⟨B·n⟩=5.5e-02, Len=sum([5.7, 5.3, 5.6])=16.5, ϰ=[10.2, 3.3, 8.9], ∫ϰ²/L>=[8.1, 2.2, 6.1], C-C-Sep=0.05, ║∇J║=2.3e+01
-----On 2/20 Initial Guess Perturbations
Iteration 5/2000-----
J=6.4e-01, ⟨Jf⟩=5.0e-02, ⟨B·n⟩=5.5e-02, Len=sum([5.7, 5.3, 5.6])=16.5, ϰ=[9.8, 3.2, 8.9], ∫ϰ²/L>=[8.0, 2.2, 6.0], C-C-Sep=0.05, ║∇J║=2.3e+01
-----On 2/20 Initial Guess Perturbations
err -0.0018160381672380765
slurmstepd: error: *** JOB 65237851 ON cl004 CANCELLED AT 2025-08-20T01:19:01 ***
