Running initial guess perturbation 7
Coil 0: RMS error: 0.000006, Relative: 0.000003
Max point error: 0.000031, Min point error: 0.000000
Coil 1: RMS error: 0.000004, Relative: 0.000002
Max point error: 0.000020, Min point error: 0.000000
Coil 2: RMS error: 0.000004, Relative: 0.000002
Max point error: 0.000019, Min point error: 0.000000
Overall fit errors: [5.841702614674591e-06, 3.6226879512414794e-06, 4.3784805159541795e-06]
Mean fit error: 0.000005

################################################################################
### Perform a Taylor test ######################################################
################################################################################

Iteration 1/1000-----
J=4.4e-01, Jf=5.5e-02, ⟨B·n⟩=5.8e-02, Len=sum([5.3, 5.7, 5.7])=16.8, ϰ=[8.8, 5.8, 5.1], ∫ϰ²/L=[4.6, 3.5, 2.5], C-C-Sep=0.03, ║∇J║=1.1e+01
-----On 8/20 Initial Guess Perturbations
Iteration 2/1000-----
J=4.4e-01, Jf=5.5e-02, ⟨B·n⟩=5.8e-02, Len=sum([5.3, 5.7, 5.7])=16.8, ϰ=[13.0, 7.9, 7.5], ∫ϰ²/L=[7.6, 5.3, 4.3], C-C-Sep=0.03, ║∇J║=1.1e+01
-----On 8/20 Initial Guess Perturbations
Iteration 3/1000-----
J=4.4e-01, Jf=5.5e-02, ⟨B·n⟩=5.8e-02, Len=sum([5.3, 5.7, 5.7])=16.8, ϰ=[9.5, 5.9, 6.0], ∫ϰ²/L=[6.3, 5.1, 4.1], C-C-Sep=0.03, ║∇J║=1.1e+01
-----On 8/20 Initial Guess Perturbations
err -0.15842805626713385
Iteration 4/1000-----
J=4.4e-01, Jf=5.5e-02, ⟨B·n⟩=5.8e-02, Len=sum([5.3, 5.7, 5.7])=16.8, ϰ=[9.1, 5.9, 5.1], ∫ϰ²/L=[4.6, 3.6, 2.5], C-C-Sep=0.03, ║∇J║=1.1e+01
-----On 8/20 Initial Guess Perturbations
Iteration 5/1000-----
J=4.4e-01, Jf=5.5e-02, ⟨B·n⟩=5.8e-02, Len=sum([5.3, 5.7, 5.7])=16.8, ϰ=[8.4, 5.7, 5.2], ∫ϰ²/L=[4.5, 3.6, 2.5], C-C-Sep=0.03, ║∇J║=1.1e+01
-----On 8/20 Initial Guess Perturbations
err -0.0016607371414334438
Iteration 6/1000-----
J=4.4e-01, Jf=5.5e-02, ⟨B·n⟩=5.8e-02, Len=sum([5.3, 5.7, 5.7])=16.8, ϰ=[8.8, 5.8, 5.1], ∫ϰ²/L=[4.6, 3.5, 2.5], C-C-Sep=0.03, ║∇J║=1.1e+01
-----On 8/20 Initial Guess Perturbations
Iteration 7/1000-----
J=4.4e-01, Jf=5.5e-02, ⟨B·n⟩=5.8e-02, Len=sum([5.3, 5.7, 5.7])=16.8, ϰ=[8.7, 5.7, 5.1], ∫ϰ²/L=[4.5, 3.5, 2.5], C-C-Sep=0.03, ║∇J║=1.1e+01
-----On 8/20 Initial Guess Perturbations
err -1.6565463738515973e-05
Iteration 8/1000-----
J=4.4e-01, Jf=5.5e-02, ⟨B·n⟩=5.8e-02, Len=sum([5.3, 5.7, 5.7])=16.8, ϰ=[8.8, 5.8, 5.1], ∫ϰ²/L=[4.6, 3.5, 2.5], C-C-Sep=0.03, ║∇J║=1.1e+01
-----On 8/20 Initial Guess Perturbations
Iteration 9/1000-----
J=4.4e-01, Jf=5.5e-02, ⟨B·n⟩=5.8e-02, Len=sum([5.3, 5.7, 5.7])=16.8, ϰ=[8.8, 5.8, 5.1], ∫ϰ²/L=[4.6, 3.5, 2.5], C-C-Sep=0.03, ║∇J║=1.1e+01
-----On 8/20 Initial Guess Perturbations
err -1.658681680893892e-07
Iteration 10/1000-----
J=4.4e-01, Jf=5.5e-02, ⟨B·n⟩=5.8e-02, Len=sum([5.3, 5.7, 5.7])=16.8, ϰ=[8.8, 5.8, 5.1], ∫ϰ²/L=[4.6, 3.5, 2.5], C-C-Sep=0.03, ║∇J║=1.1e+01
-----On 8/20 Initial Guess Perturbations
Iteration 11/1000-----
J=4.4e-01, Jf=5.5e-02, ⟨B·n⟩=5.8e-02, Len=sum([5.3, 5.7, 5.7])=16.8, ϰ=[8.8, 5.8, 5.1], ∫ϰ²/L=[4.6, 3.5, 2.5], C-C-Sep=0.03, ║∇J║=1.1e+01
-----On 8/20 Initial Guess Perturbations
err -4.386229157660182e-09

################################################################################
### Run the optimisation #######################################################
################################################################################

Iteration 1/1000-----
J=4.4e-01, Jf=5.5e-02, ⟨B·n⟩=5.8e-02, Len=sum([5.3, 5.7, 5.7])=16.8, ϰ=[8.8, 5.8, 5.1], ∫ϰ²/L=[4.6, 3.5, 2.5], C-C-Sep=0.03, ║∇J║=1.1e+01
-----On 8/20 Initial Guess Perturbations
Iteration 2/1000-----
J=7.1e+00, Jf=1.9e+00, ⟨B·n⟩=1.5e-01, Len=sum([11.5, 13.0, 6.8])=31.4, ϰ=[61.6, 68.7, 71.0], ∫ϰ²/L=[36.9, 24.2, 34.5], C-C-Sep=0.00, ║∇J║=2.2e+03
-----On 8/20 Initial Guess Perturbations
Iteration 3/1000-----
J=1.7e-01, Jf=5.5e-02, ⟨B·n⟩=5.8e-02, Len=sum([5.3, 5.7, 5.7])=16.8, ϰ=[13.2, 6.5, 5.1], ∫ϰ²/L=[6.5, 4.5, 2.6], C-C-Sep=0.10, ║∇J║=5.9e+00
-----On 8/20 Initial Guess Perturbations
Iteration 4/1000-----
J=1.1e-01, Jf=5.5e-02, ⟨B·n⟩=5.8e-02, Len=sum([5.4, 5.8, 5.7])=16.9, ϰ=[16.9, 13.6, 5.2], ∫ϰ²/L=[9.5, 7.4, 2.8], C-C-Sep=0.14, ║∇J║=4.8e+00
-----On 8/20 Initial Guess Perturbations
Iteration 5/1000-----
J=8.8e-02, Jf=5.5e-02, ⟨B·n⟩=5.8e-02, Len=sum([5.4, 5.8, 5.7])=16.9, ϰ=[15.2, 11.9, 5.3], ∫ϰ²/L=[8.6, 7.5, 2.8], C-C-Sep=0.18, ║∇J║=7.5e-01
-----On 8/20 Initial Guess Perturbations
Iteration 6/1000-----
J=8.6e-02, Jf=5.5e-02, ⟨B·n⟩=5.8e-02, Len=sum([5.4, 5.8, 5.7])=16.9, ϰ=[16.2, 10.8, 5.3], ∫ϰ²/L=[8.9, 7.7, 2.8], C-C-Sep=0.19, ║∇J║=6.7e-01
-----On 8/20 Initial Guess Perturbations
Iteration 7/1000-----
J=7.6e-02, Jf=5.4e-02, ⟨B·n⟩=5.7e-02, Len=sum([5.5, 5.9, 5.7])=17.0, ϰ=[15.4, 25.1, 5.0], ∫ϰ²/L=[19.5, 15.1, 3.0], C-C-Sep=0.17, ║∇J║=7.2e-01
-----On 8/20 Initial Guess Perturbations
Iteration 8/1000-----
J=7.3e-02, Jf=5.3e-02, ⟨B·n⟩=5.7e-02, Len=sum([5.4, 5.8, 5.7])=17.0, ϰ=[17.3, 17.4, 4.9], ∫ϰ²/L=[19.3, 11.6, 3.1], C-C-Sep=0.19, ║∇J║=6.4e-01
-----On 8/20 Initial Guess Perturbations
Iteration 9/1000-----
J=7.2e-02, Jf=5.3e-02, ⟨B·n⟩=5.7e-02, Len=sum([5.4, 5.8, 5.7])=17.0, ϰ=[16.7, 15.9, 4.7], ∫ϰ²/L=[18.1, 10.6, 3.0], C-C-Sep=0.19, ║∇J║=3.0e-01
-----On 8/20 Initial Guess Perturbations
Iteration 10/1000-----
J=7.0e-02, Jf=5.2e-02, ⟨B·n⟩=5.6e-02, Len=sum([5.4, 5.8, 5.7])=17.0, ϰ=[17.1, 13.8, 4.5], ∫ϰ²/L=[19.9, 10.4, 3.0], C-C-Sep=0.20, ║∇J║=2.9e-01
-----On 8/20 Initial Guess Perturbations
Iteration 11/1000-----
J=6.8e-02, Jf=5.0e-02, ⟨B·n⟩=5.5e-02, Len=sum([5.5, 5.8, 5.7])=17.0, ϰ=[21.3, 10.8, 4.7], ∫ϰ²/L=[25.0, 11.3, 3.2], C-C-Sep=0.19, ║∇J║=3.9e-01
-----On 8/20 Initial Guess Perturbations
Iteration 12/1000-----
J=6.8e-02, Jf=4.8e-02, ⟨B·n⟩=5.4e-02, Len=sum([5.5, 5.9, 5.7])=17.1, ϰ=[24.1, 12.2, 6.7], ∫ϰ²/L=[30.0, 15.9, 4.0], C-C-Sep=0.19, ║∇J║=8.4e-01
-----On 8/20 Initial Guess Perturbations
Iteration 13/1000-----
J=6.5e-02, Jf=4.8e-02, ⟨B·n⟩=5.4e-02, Len=sum([5.5, 5.9, 5.7])=17.1, ϰ=[19.6, 12.0, 6.2], ∫ϰ²/L=[27.8, 15.5, 3.8], C-C-Sep=0.19, ║∇J║=3.1e-01
-----On 8/20 Initial Guess Perturbations
Iteration 14/1000-----
J=6.4e-02, Jf=4.7e-02, ⟨B·n⟩=5.4e-02, Len=sum([5.5, 5.9, 5.7])=17.1, ϰ=[19.2, 12.0, 6.3], ∫ϰ²/L=[25.8, 15.8, 3.8], C-C-Sep=0.19, ║∇J║=2.6e-01
-----On 8/20 Initial Guess Perturbations
Iteration 15/1000-----
J=6.3e-02, Jf=4.6e-02, ⟨B·n⟩=5.3e-02, Len=sum([5.6, 5.9, 5.7])=17.1, ϰ=[17.4, 12.3, 6.9], ∫ϰ²/L=[24.9, 17.4, 4.4], C-C-Sep=0.19, ║∇J║=3.7e-01
-----On 8/20 Initial Guess Perturbations
Iteration 16/1000-----
J=6.1e-02, Jf=4.4e-02, ⟨B·n⟩=5.1e-02, Len=sum([5.7, 5.9, 5.7])=17.2, ϰ=[18.5, 12.5, 8.0], ∫ϰ²/L=[26.7, 18.5, 5.8], C-C-Sep=0.19, ║∇J║=4.3e-01
-----On 8/20 Initial Guess Perturbations
Iteration 17/1000-----
J=6.0e-02, Jf=4.0e-02, ⟨B·n⟩=4.9e-02, Len=sum([5.9, 5.9, 5.8])=17.5, ϰ=[20.4, 13.6, 11.2], ∫ϰ²/L=[30.8, 21.9, 11.5], C-C-Sep=0.18, ║∇J║=1.0e+00
-----On 8/20 Initial Guess Perturbations
Iteration 18/1000-----
J=5.6e-02, Jf=4.0e-02, ⟨B·n⟩=4.9e-02, Len=sum([5.8, 5.9, 5.7])=17.5, ϰ=[16.5, 13.8, 10.0], ∫ϰ²/L=[27.3, 19.7, 10.7], C-C-Sep=0.19, ║∇J║=3.3e-01
-----On 8/20 Initial Guess Perturbations
Iteration 19/1000-----
J=5.5e-02, Jf=3.9e-02, ⟨B·n⟩=4.8e-02, Len=sum([5.9, 5.9, 5.8])=17.5, ϰ=[15.8, 14.0, 10.0], ∫ϰ²/L=[27.1, 19.3, 12.2], C-C-Sep=0.19, ║∇J║=2.7e-01
-----On 8/20 Initial Guess Perturbations
Iteration 20/1000-----
J=5.4e-02, Jf=3.7e-02, ⟨B·n⟩=4.7e-02, Len=sum([5.9, 5.9, 5.8])=17.6, ϰ=[18.5, 13.4, 9.9], ∫ϰ²/L=[26.7, 18.9, 13.8], C-C-Sep=0.19, ║∇J║=2.7e-01
-----On 8/20 Initial Guess Perturbations
Iteration 21/1000-----
J=5.3e-02, Jf=3.4e-02, ⟨B·n⟩=4.4e-02, Len=sum([6.1, 5.9, 5.8])=17.8, ϰ=[16.6, 12.5, 10.4], ∫ϰ²/L=[27.4, 21.8, 16.6], C-C-Sep=0.18, ║∇J║=6.3e-01
-----On 8/20 Initial Guess Perturbations
Iteration 22/1000-----
J=5.1e-02, Jf=3.4e-02, ⟨B·n⟩=4.4e-02, Len=sum([6.1, 5.9, 5.8])=17.7, ϰ=[19.3, 11.2, 9.3], ∫ϰ²/L=[26.8, 21.1, 14.9], C-C-Sep=0.19, ║∇J║=4.1e-01
-----On 8/20 Initial Guess Perturbations
Iteration 23/1000-----
J=5.0e-02, Jf=3.3e-02, ⟨B·n⟩=4.3e-02, Len=sum([6.1, 5.9, 5.8])=17.8, ϰ=[17.6, 10.6, 9.5], ∫ϰ²/L=[26.0, 20.8, 15.0], C-C-Sep=0.19, ║∇J║=3.1e-01
-----On 8/20 Initial Guess Perturbations
Iteration 24/1000-----
J=4.8e-02, Jf=3.2e-02, ⟨B·n⟩=4.2e-02, Len=sum([6.1, 5.9, 5.8])=17.8, ϰ=[16.7, 10.3, 10.3], ∫ϰ²/L=[26.2, 21.4, 15.7], C-C-Sep=0.19, ║∇J║=3.1e-01
-----On 8/20 Initial Guess Perturbations
Iteration 25/1000-----
J=4.7e-02, Jf=2.9e-02, ⟨B·n⟩=4.0e-02, Len=sum([6.3, 6.0, 5.8])=18.1, ϰ=[18.7, 11.3, 11.5], ∫ϰ²/L=[27.7, 23.2, 17.7], C-C-Sep=0.19, ║∇J║=4.4e-01
-----On 8/20 Initial Guess Perturbations
Iteration 26/1000-----
J=4.5e-02, Jf=2.6e-02, ⟨B·n⟩=3.7e-02, Len=sum([6.5, 6.0, 5.9])=18.4, ϰ=[17.7, 11.9, 10.2], ∫ϰ²/L=[29.6, 25.4, 19.2], C-C-Sep=0.19, ║∇J║=5.2e-01
-----On 8/20 Initial Guess Perturbations
Iteration 27/1000-----
J=4.4e-02, Jf=2.6e-02, ⟨B·n⟩=3.7e-02, Len=sum([6.5, 6.0, 5.9])=18.4, ϰ=[15.6, 11.1, 9.5], ∫ϰ²/L=[29.1, 24.5, 17.5], C-C-Sep=0.19, ║∇J║=2.9e-01
-----On 8/20 Initial Guess Perturbations
Iteration 28/1000-----
J=4.3e-02, Jf=2.4e-02, ⟨B·n⟩=3.6e-02, Len=sum([6.7, 6.1, 5.9])=18.6, ϰ=[14.7, 10.4, 8.3], ∫ϰ²/L=[31.1, 25.7, 17.4], C-C-Sep=0.19, ║∇J║=2.9e-01
-----On 8/20 Initial Guess Perturbations
Iteration 29/1000-----
J=4.2e-02, Jf=2.4e-02, ⟨B·n⟩=3.5e-02, Len=sum([6.8, 6.1, 5.9])=18.7, ϰ=[14.6, 10.4, 8.6], ∫ϰ²/L=[33.7, 25.6, 16.4], C-C-Sep=0.19, ║∇J║=3.1e-01
-----On 8/20 Initial Guess Perturbations
Iteration 30/1000-----
J=4.0e-02, Jf=2.1e-02, ⟨B·n⟩=3.3e-02, Len=sum([7.2, 6.1, 6.0])=19.3, ϰ=[14.5, 11.0, 10.0], ∫ϰ²/L=[38.8, 28.2, 19.3], C-C-Sep=0.19, ║∇J║=3.9e-01
-----On 8/20 Initial Guess Perturbations
Iteration 31/1000-----
J=3.9e-02, Jf=2.0e-02, ⟨B·n⟩=3.2e-02, Len=sum([7.4, 6.2, 6.0])=19.5, ϰ=[14.0, 11.4, 11.9], ∫ϰ²/L=[40.4, 26.9, 20.2], C-C-Sep=0.19, ║∇J║=3.9e-01
-----On 8/20 Initial Guess Perturbations
Iteration 32/1000-----
J=3.8e-02, Jf=2.0e-02, ⟨B·n⟩=3.2e-02, Len=sum([7.3, 6.1, 6.0])=19.4, ϰ=[14.1, 10.6, 10.6], ∫ϰ²/L=[40.0, 24.4, 18.5], C-C-Sep=0.20, ║∇J║=2.3e-01
-----On 8/20 Initial Guess Perturbations
Iteration 33/1000-----
J=3.7e-02, Jf=1.9e-02, ⟨B·n⟩=3.1e-02, Len=sum([7.5, 6.2, 6.0])=19.7, ϰ=[13.1, 10.1, 9.9], ∫ϰ²/L=[39.8, 24.6, 19.4], C-C-Sep=0.19, ║∇J║=2.6e-01
-----On 8/20 Initial Guess Perturbations
Iteration 34/1000-----
J=3.6e-02, Jf=1.8e-02, ⟨B·n⟩=3.1e-02, Len=sum([7.7, 6.2, 6.0])=19.9, ϰ=[13.1, 9.9, 10.6], ∫ϰ²/L=[39.3, 23.3, 19.2], C-C-Sep=0.19, ║∇J║=2.7e-01
-----On 8/20 Initial Guess Perturbations
Iteration 35/1000-----
J=3.6e-02, Jf=1.8e-02, ⟨B·n⟩=3.0e-02, Len=sum([7.9, 6.2, 6.1])=20.2, ϰ=[12.6, 10.1, 11.1], ∫ϰ²/L=[38.7, 23.0, 20.1], C-C-Sep=0.19, ║∇J║=2.1e-01
-----On 8/20 Initial Guess Perturbations
Iteration 36/1000-----
J=3.5e-02, Jf=1.7e-02, ⟨B·n⟩=3.0e-02, Len=sum([8.0, 6.2, 6.1])=20.3, ϰ=[12.8, 10.4, 11.1], ∫ϰ²/L=[37.9, 22.5, 20.4], C-C-Sep=0.19, ║∇J║=2.1e-01
-----On 8/20 Initial Guess Perturbations
Iteration 37/1000-----
J=3.4e-02, Jf=1.7e-02, ⟨B·n⟩=3.0e-02, Len=sum([8.1, 6.2, 6.1])=20.4, ϰ=[12.6, 10.5, 10.6], ∫ϰ²/L=[37.1, 22.1, 20.4], C-C-Sep=0.19, ║∇J║=1.7e-01
-----On 8/20 Initial Guess Perturbations
Iteration 38/1000-----
J=3.4e-02, Jf=1.6e-02, ⟨B·n⟩=3.0e-02, Len=sum([8.1, 6.2, 6.1])=20.4, ϰ=[12.5, 10.4, 10.3], ∫ϰ²/L=[36.0, 21.6, 20.1], C-C-Sep=0.19, ║∇J║=1.6e-01
-----On 8/20 Initial Guess Perturbations
Iteration 39/1000-----
J=3.4e-02, Jf=1.6e-02, ⟨B·n⟩=3.0e-02, Len=sum([8.2, 6.2, 6.1])=20.5, ϰ=[12.6, 10.1, 11.1], ∫ϰ²/L=[34.6, 21.3, 20.2], C-C-Sep=0.20, ║∇J║=2.1e-01
-----On 8/20 Initial Guess Perturbations
Iteration 40/1000-----
J=3.3e-02, Jf=1.6e-02, ⟨B·n⟩=2.9e-02, Len=sum([8.2, 6.2, 6.1])=20.5, ϰ=[12.9, 9.4, 11.5], ∫ϰ²/L=[33.7, 20.8, 19.9], C-C-Sep=0.20, ║∇J║=1.5e-01
-----On 8/20 Initial Guess Perturbations
Iteration 41/1000-----
J=3.3e-02, Jf=1.5e-02, ⟨B·n⟩=2.9e-02, Len=sum([8.2, 6.2, 6.1])=20.5, ϰ=[12.7, 9.5, 11.4], ∫ϰ²/L=[32.9, 20.1, 19.3], C-C-Sep=0.20, ║∇J║=1.4e-01
-----On 8/20 Initial Guess Perturbations
Iteration 42/1000-----
J=3.2e-02, Jf=1.5e-02, ⟨B·n⟩=2.9e-02, Len=sum([8.2, 6.2, 6.1])=20.5, ϰ=[13.0, 10.0, 10.9], ∫ϰ²/L=[31.9, 19.4, 18.8], C-C-Sep=0.20, ║∇J║=1.8e-01
-----On 8/20 Initial Guess Perturbations
Iteration 43/1000-----
J=3.2e-02, Jf=1.4e-02, ⟨B·n⟩=2.8e-02, Len=sum([8.2, 6.2, 6.1])=20.5, ϰ=[13.4, 9.5, 10.3], ∫ϰ²/L=[30.5, 18.7, 18.5], C-C-Sep=0.20, ║∇J║=2.2e-01
-----On 8/20 Initial Guess Perturbations
Iteration 44/1000-----
J=3.2e-02, Jf=1.4e-02, ⟨B·n⟩=2.8e-02, Len=sum([8.2, 6.2, 6.1])=20.4, ϰ=[13.4, 9.4, 10.0], ∫ϰ²/L=[29.9, 18.2, 18.2], C-C-Sep=0.20, ║∇J║=1.5e-01
-----On 8/20 Initial Guess Perturbations
Iteration 45/1000-----
J=3.1e-02, Jf=1.4e-02, ⟨B·n⟩=2.8e-02, Len=sum([8.1, 6.2, 6.1])=20.4, ϰ=[13.0, 8.8, 10.1], ∫ϰ²/L=[29.2, 17.4, 17.6], C-C-Sep=0.20, ║∇J║=1.5e-01
-----On 8/20 Initial Guess Perturbations
Iteration 46/1000-----
J=3.1e-02, Jf=1.3e-02, ⟨B·n⟩=2.7e-02, Len=sum([8.1, 6.1, 6.1])=20.3, ϰ=[12.5, 8.7, 9.6], ∫ϰ²/L=[28.6, 16.7, 16.8], C-C-Sep=0.20, ║∇J║=2.1e-01
-----On 8/20 Initial Guess Perturbations
Iteration 47/1000-----
J=3.0e-02, Jf=1.3e-02, ⟨B·n⟩=2.6e-02, Len=sum([8.1, 6.1, 6.1])=20.3, ϰ=[13.0, 8.7, 9.5], ∫ϰ²/L=[28.2, 16.8, 16.4], C-C-Sep=0.20, ║∇J║=1.9e-01
-----On 8/20 Initial Guess Perturbations
Iteration 48/1000-----
J=3.0e-02, Jf=1.2e-02, ⟨B·n⟩=2.6e-02, Len=sum([8.1, 6.2, 6.1])=20.3, ϰ=[13.0, 8.6, 9.2], ∫ϰ²/L=[27.9, 17.1, 15.9], C-C-Sep=0.19, ║∇J║=2.0e-01
-----On 8/20 Initial Guess Perturbations
Iteration 49/1000-----
J=2.9e-02, Jf=1.2e-02, ⟨B·n⟩=2.6e-02, Len=sum([8.2, 6.2, 6.1])=20.4, ϰ=[12.5, 8.5, 8.8], ∫ϰ²/L=[27.5, 17.4, 15.6], C-C-Sep=0.20, ║∇J║=1.8e-01
-----On 8/20 Initial Guess Perturbations
Iteration 50/1000-----
J=2.9e-02, Jf=1.2e-02, ⟨B·n⟩=2.5e-02, Len=sum([8.2, 6.2, 6.1])=20.4, ϰ=[11.9, 8.6, 9.0], ∫ϰ²/L=[27.1, 17.3, 15.2], C-C-Sep=0.20, ║∇J║=1.6e-01
-----On 8/20 Initial Guess Perturbations
Iteration 51/1000-----
J=2.8e-02, Jf=1.1e-02, ⟨B·n⟩=2.5e-02, Len=sum([8.3, 6.2, 6.1])=20.6, ϰ=[11.6, 9.0, 9.9], ∫ϰ²/L=[26.5, 17.6, 15.1], C-C-Sep=0.20, ║∇J║=1.8e-01
-----On 8/20 Initial Guess Perturbations
Iteration 52/1000-----
J=2.8e-02, Jf=1.0e-02, ⟨B·n⟩=2.4e-02, Len=sum([8.3, 6.2, 6.1])=20.6, ϰ=[11.9, 8.8, 9.7], ∫ϰ²/L=[27.3, 18.6, 16.7], C-C-Sep=0.19, ║∇J║=3.8e-01
-----On 8/20 Initial Guess Perturbations
Iteration 53/1000-----
J=2.8e-02, Jf=1.0e-02, ⟨B·n⟩=2.4e-02, Len=sum([8.3, 6.2, 6.1])=20.6, ϰ=[11.7, 8.9, 9.7], ∫ϰ²/L=[26.7, 17.9, 15.5], C-C-Sep=0.20, ║∇J║=1.6e-01
-----On 8/20 Initial Guess Perturbations
Iteration 54/1000-----
J=2.8e-02, Jf=9.8e-03, ⟨B·n⟩=2.4e-02, Len=sum([8.3, 6.2, 6.1])=20.7, ϰ=[11.7, 8.5, 9.4], ∫ϰ²/L=[26.9, 17.8, 16.1], C-C-Sep=0.19, ║∇J║=3.2e-01
-----On 8/20 Initial Guess Perturbations
Iteration 55/1000-----
J=2.8e-02, Jf=1.0e-02, ⟨B·n⟩=2.4e-02, Len=sum([8.2, 6.2, 6.1])=20.4, ϰ=[14.0, 8.0, 9.7], ∫ϰ²/L=[25.6, 14.1, 14.3], C-C-Sep=0.20, ║∇J║=3.7e-01
-----On 8/20 Initial Guess Perturbations
Iteration 56/1000-----
J=2.7e-02, Jf=9.9e-03, ⟨B·n⟩=2.4e-02, Len=sum([8.3, 6.2, 6.1])=20.6, ϰ=[11.9, 8.3, 9.5], ∫ϰ²/L=[26.2, 16.2, 15.1], C-C-Sep=0.19, ║∇J║=2.0e-01
-----On 8/20 Initial Guess Perturbations
Iteration 57/1000-----
J=2.7e-02, Jf=9.8e-03, ⟨B·n⟩=2.3e-02, Len=sum([8.2, 6.2, 6.1])=20.5, ϰ=[12.3, 8.0, 9.3], ∫ϰ²/L=[26.8, 16.6, 14.9], C-C-Sep=0.20, ║∇J║=1.4e-01
-----On 8/20 Initial Guess Perturbations
Iteration 58/1000-----
J=2.7e-02, Jf=9.5e-03, ⟨B·n⟩=2.3e-02, Len=sum([8.2, 6.2, 6.1])=20.6, ϰ=[12.3, 7.6, 9.3], ∫ϰ²/L=[26.7, 15.9, 14.7], C-C-Sep=0.20, ║∇J║=1.3e-01
-----On 8/20 Initial Guess Perturbations
Iteration 59/1000-----
J=2.6e-02, Jf=8.6e-03, ⟨B·n⟩=2.2e-02, Len=sum([8.3, 6.2, 6.2])=20.7, ϰ=[12.3, 7.8, 10.2], ∫ϰ²/L=[27.1, 15.4, 15.5], C-C-Sep=0.19, ║∇J║=1.8e-01
-----On 8/20 Initial Guess Perturbations
Iteration 60/1000-----
J=2.6e-02, Jf=7.9e-03, ⟨B·n⟩=2.1e-02, Len=sum([8.3, 6.2, 6.2])=20.7, ϰ=[12.2, 8.0, 9.8], ∫ϰ²/L=[27.3, 16.0, 16.5], C-C-Sep=0.18, ║∇J║=7.1e-01
-----On 8/20 Initial Guess Perturbations
Iteration 61/1000-----
J=2.6e-02, Jf=8.2e-03, ⟨B·n⟩=2.1e-02, Len=sum([8.3, 6.2, 6.2])=20.7, ϰ=[12.3, 7.9, 10.0], ∫ϰ²/L=[27.1, 15.3, 15.8], C-C-Sep=0.19, ║∇J║=2.5e-01
-----On 8/20 Initial Guess Perturbations
Iteration 62/1000-----
J=2.5e-02, Jf=8.2e-03, ⟨B·n⟩=2.1e-02, Len=sum([8.2, 6.2, 6.2])=20.6, ϰ=[12.0, 8.1, 8.8], ∫ϰ²/L=[25.5, 14.4, 14.6], C-C-Sep=0.20, ║∇J║=2.4e-01
-----On 8/20 Initial Guess Perturbations
Iteration 63/1000-----
J=2.5e-02, Jf=7.7e-03, ⟨B·n⟩=2.1e-02, Len=sum([8.2, 6.2, 6.2])=20.6, ϰ=[12.0, 7.7, 8.7], ∫ϰ²/L=[25.4, 15.2, 15.1], C-C-Sep=0.20, ║∇J║=1.9e-01
-----On 8/20 Initial Guess Perturbations
Iteration 64/1000-----
J=2.5e-02, Jf=7.3e-03, ⟨B·n⟩=2.0e-02, Len=sum([8.2, 6.3, 6.2])=20.7, ϰ=[12.5, 7.6, 8.3], ∫ϰ²/L=[25.9, 16.0, 15.8], C-C-Sep=0.19, ║∇J║=2.4e-01
-----On 8/20 Initial Guess Perturbations
Iteration 65/1000-----
J=2.4e-02, Jf=7.1e-03, ⟨B·n⟩=2.0e-02, Len=sum([8.3, 6.3, 6.2])=20.8, ϰ=[12.9, 7.4, 8.1], ∫ϰ²/L=[24.5, 15.3, 15.0], C-C-Sep=0.19, ║∇J║=1.9e-01
-----On 8/20 Initial Guess Perturbations
Iteration 66/1000-----
J=2.4e-02, Jf=6.9e-03, ⟨B·n⟩=2.0e-02, Len=sum([8.1, 6.2, 6.2])=20.6, ϰ=[13.0, 7.5, 8.1], ∫ϰ²/L=[24.4, 15.8, 14.8], C-C-Sep=0.20, ║∇J║=1.6e-01
-----On 8/20 Initial Guess Perturbations
Iteration 67/1000-----
J=2.4e-02, Jf=6.1e-03, ⟨B·n⟩=1.9e-02, Len=sum([8.2, 6.3, 6.3])=20.8, ϰ=[11.9, 7.7, 8.2], ∫ϰ²/L=[24.7, 18.5, 15.7], C-C-Sep=0.19, ║∇J║=3.8e-01
-----On 8/20 Initial Guess Perturbations
Iteration 68/1000-----
J=2.4e-02, Jf=6.5e-03, ⟨B·n⟩=1.9e-02, Len=sum([8.2, 6.3, 6.3])=20.7, ϰ=[12.5, 7.5, 8.1], ∫ϰ²/L=[24.4, 16.9, 15.1], C-C-Sep=0.20, ║∇J║=1.3e-01
-----On 8/20 Initial Guess Perturbations
Iteration 69/1000-----
J=2.4e-02, Jf=6.0e-03, ⟨B·n⟩=1.8e-02, Len=sum([8.1, 6.3, 6.3])=20.7, ϰ=[12.0, 7.7, 8.2], ∫ϰ²/L=[24.8, 17.9, 14.9], C-C-Sep=0.19, ║∇J║=2.6e-01
-----On 8/20 Initial Guess Perturbations
Iteration 70/1000-----
J=2.3e-02, Jf=6.2e-03, ⟨B·n⟩=1.8e-02, Len=sum([8.0, 6.2, 6.3])=20.4, ϰ=[12.7, 7.5, 8.3], ∫ϰ²/L=[24.6, 15.7, 13.5], C-C-Sep=0.19, ║∇J║=2.4e-01
-----On 8/20 Initial Guess Perturbations
Iteration 71/1000-----
J=2.3e-02, Jf=6.0e-03, ⟨B·n⟩=1.8e-02, Len=sum([8.0, 6.2, 6.3])=20.5, ϰ=[12.1, 7.5, 8.1], ∫ϰ²/L=[24.1, 15.7, 13.6], C-C-Sep=0.19, ║∇J║=1.5e-01
-----On 8/20 Initial Guess Perturbations
Iteration 72/1000-----
J=2.3e-02, Jf=5.9e-03, ⟨B·n⟩=1.8e-02, Len=sum([8.0, 6.2, 6.3])=20.6, ϰ=[11.8, 7.1, 7.7], ∫ϰ²/L=[24.0, 15.1, 13.4], C-C-Sep=0.20, ║∇J║=9.5e-02
-----On 8/20 Initial Guess Perturbations
Iteration 73/1000-----
J=2.3e-02, Jf=5.6e-03, ⟨B·n⟩=1.8e-02, Len=sum([8.0, 6.3, 6.3])=20.6, ϰ=[11.4, 7.2, 7.6], ∫ϰ²/L=[24.0, 15.1, 13.6], C-C-Sep=0.19, ║∇J║=1.3e-01
-----On 8/20 Initial Guess Perturbations
Iteration 74/1000-----
J=2.2e-02, Jf=5.4e-03, ⟨B·n⟩=1.8e-02, Len=sum([8.0, 6.2, 6.3])=20.6, ϰ=[11.2, 7.8, 7.6], ∫ϰ²/L=[23.1, 13.8, 13.5], C-C-Sep=0.20, ║∇J║=1.6e-01
-----On 8/20 Initial Guess Perturbations
Iteration 75/1000-----
J=2.2e-02, Jf=5.3e-03, ⟨B·n⟩=1.7e-02, Len=sum([8.0, 6.2, 6.3])=20.5, ϰ=[11.3, 8.0, 7.5], ∫ϰ²/L=[22.7, 13.6, 13.7], C-C-Sep=0.20, ║∇J║=1.0e-01
-----On 8/20 Initial Guess Perturbations
Iteration 76/1000-----
J=2.2e-02, Jf=5.2e-03, ⟨B·n⟩=1.7e-02, Len=sum([7.9, 6.2, 6.3])=20.4, ϰ=[11.4, 7.7, 7.1], ∫ϰ²/L=[22.1, 13.5, 13.9], C-C-Sep=0.19, ║∇J║=1.2e-01
-----On 8/20 Initial Guess Perturbations
Iteration 77/1000-----
J=2.2e-02, Jf=5.3e-03, ⟨B·n⟩=1.7e-02, Len=sum([7.8, 6.2, 6.3])=20.3, ϰ=[11.2, 8.4, 6.8], ∫ϰ²/L=[20.5, 12.6, 13.0], C-C-Sep=0.20, ║∇J║=1.4e-01
-----On 8/20 Initial Guess Perturbations
Iteration 78/1000-----
J=2.2e-02, Jf=5.1e-03, ⟨B·n⟩=1.7e-02, Len=sum([7.8, 6.2, 6.3])=20.3, ϰ=[11.0, 8.8, 6.6], ∫ϰ²/L=[19.7, 12.3, 12.8], C-C-Sep=0.20, ║∇J║=1.2e-01
-----On 8/20 Initial Guess Perturbations
Iteration 79/1000-----
J=2.2e-02, Jf=4.9e-03, ⟨B·n⟩=1.7e-02, Len=sum([7.8, 6.2, 6.3])=20.3, ϰ=[10.5, 9.2, 6.6], ∫ϰ²/L=[18.8, 12.5, 12.9], C-C-Sep=0.19, ║∇J║=1.2e-01
-----On 8/20 Initial Guess Perturbations
Iteration 80/1000-----
J=2.1e-02, Jf=4.8e-03, ⟨B·n⟩=1.7e-02, Len=sum([7.7, 6.2, 6.3])=20.2, ϰ=[10.1, 8.9, 6.6], ∫ϰ²/L=[18.0, 12.8, 12.9], C-C-Sep=0.20, ║∇J║=1.2e-01
-----On 8/20 Initial Guess Perturbations
Iteration 81/1000-----
J=2.1e-02, Jf=4.6e-03, ⟨B·n⟩=1.6e-02, Len=sum([7.6, 6.2, 6.3])=20.1, ϰ=[9.5, 8.9, 7.3], ∫ϰ²/L=[17.7, 13.5, 13.2], C-C-Sep=0.20, ║∇J║=1.1e-01
-----On 8/20 Initial Guess Perturbations
Iteration 82/1000-----
J=2.1e-02, Jf=4.4e-03, ⟨B·n⟩=1.6e-02, Len=sum([7.6, 6.1, 6.3])=20.1, ϰ=[9.3, 9.1, 7.8], ∫ϰ²/L=[17.2, 12.9, 13.3], C-C-Sep=0.20, ║∇J║=1.3e-01
-----On 8/20 Initial Guess Perturbations
Iteration 83/1000-----
J=2.1e-02, Jf=4.3e-03, ⟨B·n⟩=1.6e-02, Len=sum([7.6, 6.1, 6.3])=20.0, ϰ=[9.4, 9.5, 8.2], ∫ϰ²/L=[17.2, 12.3, 13.6], C-C-Sep=0.20, ║∇J║=1.2e-01
-----On 8/20 Initial Guess Perturbations
Iteration 84/1000-----
J=2.1e-02, Jf=4.2e-03, ⟨B·n⟩=1.6e-02, Len=sum([7.6, 6.1, 6.3])=20.0, ϰ=[9.6, 9.9, 8.1], ∫ϰ²/L=[17.2, 11.4, 13.6], C-C-Sep=0.20, ║∇J║=1.0e-01
-----On 8/20 Initial Guess Perturbations
Iteration 85/1000-----
J=2.0e-02, Jf=4.1e-03, ⟨B·n⟩=1.5e-02, Len=sum([7.5, 6.1, 6.3])=19.9, ϰ=[9.5, 9.7, 8.8], ∫ϰ²/L=[17.1, 10.9, 13.9], C-C-Sep=0.20, ║∇J║=1.2e-01
-----On 8/20 Initial Guess Perturbations
Iteration 86/1000-----
J=2.0e-02, Jf=3.9e-03, ⟨B·n⟩=1.5e-02, Len=sum([7.5, 6.1, 6.4])=19.9, ϰ=[9.2, 9.5, 9.0], ∫ϰ²/L=[16.9, 10.7, 14.0], C-C-Sep=0.19, ║∇J║=1.1e-01
-----On 8/20 Initial Guess Perturbations
Iteration 87/1000-----
J=2.0e-02, Jf=3.8e-03, ⟨B·n⟩=1.5e-02, Len=sum([7.5, 6.1, 6.4])=19.9, ϰ=[9.2, 9.0, 8.9], ∫ϰ²/L=[15.9, 10.3, 13.7], C-C-Sep=0.20, ║∇J║=9.8e-02
-----On 8/20 Initial Guess Perturbations
Iteration 88/1000-----
J=2.0e-02, Jf=3.5e-03, ⟨B·n⟩=1.4e-02, Len=sum([7.4, 6.1, 6.4])=19.9, ϰ=[8.9, 9.2, 8.7], ∫ϰ²/L=[15.9, 11.0, 14.3], C-C-Sep=0.20, ║∇J║=1.2e-01
-----On 8/20 Initial Guess Perturbations
Iteration 89/1000-----
J=2.0e-02, Jf=3.3e-03, ⟨B·n⟩=1.4e-02, Len=sum([7.4, 6.1, 6.4])=19.9, ϰ=[8.5, 9.4, 8.6], ∫ϰ²/L=[15.1, 11.2, 14.3], C-C-Sep=0.20, ║∇J║=1.2e-01
-----On 8/20 Initial Guess Perturbations
Iteration 90/1000-----
J=1.9e-02, Jf=3.2e-03, ⟨B·n⟩=1.4e-02, Len=sum([7.4, 6.1, 6.4])=19.9, ϰ=[8.7, 9.0, 8.8], ∫ϰ²/L=[15.1, 11.5, 14.5], C-C-Sep=0.20, ║∇J║=1.0e-01
-----On 8/20 Initial Guess Perturbations
Iteration 91/1000-----
J=1.9e-02, Jf=3.1e-03, ⟨B·n⟩=1.4e-02, Len=sum([7.4, 6.1, 6.4])=19.8, ϰ=[8.8, 8.5, 8.4], ∫ϰ²/L=[14.9, 11.2, 14.4], C-C-Sep=0.20, ║∇J║=9.8e-02
-----On 8/20 Initial Guess Perturbations
Iteration 92/1000-----
J=1.9e-02, Jf=2.9e-03, ⟨B·n⟩=1.3e-02, Len=sum([7.3, 6.1, 6.5])=19.9, ϰ=[9.2, 8.6, 8.3], ∫ϰ²/L=[15.6, 11.3, 14.5], C-C-Sep=0.20, ║∇J║=1.1e-01
-----On 8/20 Initial Guess Perturbations
Iteration 93/1000-----
J=1.9e-02, Jf=2.9e-03, ⟨B·n⟩=1.3e-02, Len=sum([7.3, 6.0, 6.4])=19.8, ϰ=[8.9, 8.6, 8.1], ∫ϰ²/L=[14.3, 10.3, 13.8], C-C-Sep=0.20, ║∇J║=1.1e-01
-----On 8/20 Initial Guess Perturbations
Iteration 94/1000-----
J=1.9e-02, Jf=2.8e-03, ⟨B·n⟩=1.3e-02, Len=sum([7.3, 6.0, 6.5])=19.8, ϰ=[8.9, 8.5, 7.9], ∫ϰ²/L=[14.3, 10.6, 13.9], C-C-Sep=0.20, ║∇J║=9.4e-02
-----On 8/20 Initial Guess Perturbations
Iteration 95/1000-----
J=1.9e-02, Jf=2.7e-03, ⟨B·n⟩=1.3e-02, Len=sum([7.3, 6.0, 6.5])=19.8, ϰ=[9.0, 8.5, 7.7], ∫ϰ²/L=[14.3, 10.5, 13.8], C-C-Sep=0.20, ║∇J║=8.2e-02
-----On 8/20 Initial Guess Perturbations
Iteration 96/1000-----
J=1.9e-02, Jf=2.5e-03, ⟨B·n⟩=1.2e-02, Len=sum([7.2, 6.0, 6.5])=19.8, ϰ=[9.2, 8.5, 7.5], ∫ϰ²/L=[14.4, 10.7, 13.7], C-C-Sep=0.20, ║∇J║=8.7e-02
-----On 8/20 Initial Guess Perturbations
Iteration 97/1000-----
J=1.9e-02, Jf=2.4e-03, ⟨B·n⟩=1.2e-02, Len=sum([7.2, 6.0, 6.5])=19.7, ϰ=[9.6, 8.4, 7.4], ∫ϰ²/L=[14.4, 11.1, 13.5], C-C-Sep=0.20, ║∇J║=1.2e-01
-----On 8/20 Initial Guess Perturbations
Iteration 98/1000-----
J=1.8e-02, Jf=2.3e-03, ⟨B·n⟩=1.2e-02, Len=sum([7.2, 6.0, 6.5])=19.7, ϰ=[9.8, 8.4, 7.4], ∫ϰ²/L=[14.6, 11.4, 13.5], C-C-Sep=0.19, ║∇J║=9.5e-02
-----On 8/20 Initial Guess Perturbations
Iteration 99/1000-----
J=1.8e-02, Jf=2.3e-03, ⟨B·n⟩=1.2e-02, Len=sum([7.1, 6.0, 6.5])=19.7, ϰ=[9.9, 8.2, 7.3], ∫ϰ²/L=[14.5, 11.1, 13.3], C-C-Sep=0.20, ║∇J║=7.4e-02
-----On 8/20 Initial Guess Perturbations
Iteration 100/1000-----
J=1.8e-02, Jf=2.1e-03, ⟨B·n⟩=1.1e-02, Len=sum([7.1, 6.0, 6.5])=19.6, ϰ=[10.1, 7.7, 7.2], ∫ϰ²/L=[15.1, 11.3, 13.4], C-C-Sep=0.20, ║∇J║=9.5e-02
-----On 8/20 Initial Guess Perturbations
Iteration 101/1000-----
J=1.8e-02, Jf=2.1e-03, ⟨B·n⟩=1.1e-02, Len=sum([7.1, 6.0, 6.5])=19.5, ϰ=[9.8, 7.3, 7.2], ∫ϰ²/L=[13.8, 10.2, 13.0], C-C-Sep=0.20, ║∇J║=1.3e-01
-----On 8/20 Initial Guess Perturbations
Iteration 102/1000-----
J=1.8e-02, Jf=2.0e-03, ⟨B·n⟩=1.1e-02, Len=sum([7.0, 6.0, 6.5])=19.6, ϰ=[9.7, 6.6, 7.2], ∫ϰ²/L=[14.4, 10.1, 13.2], C-C-Sep=0.20, ║∇J║=1.1e-01
-----On 8/20 Initial Guess Perturbations
Iteration 103/1000-----
J=1.8e-02, Jf=1.9e-03, ⟨B·n⟩=1.1e-02, Len=sum([7.0, 6.0, 6.5])=19.6, ϰ=[9.4, 6.2, 7.3], ∫ϰ²/L=[13.9, 9.7, 13.0], C-C-Sep=0.20, ║∇J║=7.5e-02
-----On 8/20 Initial Guess Perturbations
Iteration 104/1000-----
J=1.8e-02, Jf=1.8e-03, ⟨B·n⟩=1.1e-02, Len=sum([7.0, 6.0, 6.5])=19.5, ϰ=[9.4, 5.7, 7.5], ∫ϰ²/L=[13.8, 9.3, 13.1], C-C-Sep=0.20, ║∇J║=7.3e-02
-----On 8/20 Initial Guess Perturbations
Iteration 105/1000-----
J=1.8e-02, Jf=1.8e-03, ⟨B·n⟩=1.0e-02, Len=sum([7.0, 6.0, 6.5])=19.5, ϰ=[9.4, 6.0, 7.8], ∫ϰ²/L=[13.2, 8.7, 13.1], C-C-Sep=0.19, ║∇J║=1.1e-01
-----On 8/20 Initial Guess Perturbations
Iteration 106/1000-----
J=1.7e-02, Jf=1.8e-03, ⟨B·n⟩=1.0e-02, Len=sum([6.9, 6.0, 6.5])=19.4, ϰ=[9.3, 6.1, 7.6], ∫ϰ²/L=[12.2, 8.0, 12.5], C-C-Sep=0.20, ║∇J║=8.9e-02
-----On 8/20 Initial Guess Perturbations
Iteration 107/1000-----
J=1.7e-02, Jf=1.7e-03, ⟨B·n⟩=1.0e-02, Len=sum([6.9, 6.0, 6.5])=19.4, ϰ=[9.1, 6.5, 7.1], ∫ϰ²/L=[12.6, 8.6, 12.5], C-C-Sep=0.19, ║∇J║=1.6e-01
-----On 8/20 Initial Guess Perturbations
Iteration 108/1000-----
J=1.7e-02, Jf=1.7e-03, ⟨B·n⟩=1.0e-02, Len=sum([6.9, 6.0, 6.5])=19.4, ϰ=[9.2, 6.2, 7.2], ∫ϰ²/L=[12.3, 8.2, 12.5], C-C-Sep=0.20, ║∇J║=7.5e-02
-----On 8/20 Initial Guess Perturbations
Iteration 109/1000-----
J=1.7e-02, Jf=1.7e-03, ⟨B·n⟩=1.0e-02, Len=sum([6.9, 6.0, 6.5])=19.4, ϰ=[9.0, 6.1, 7.2], ∫ϰ²/L=[12.0, 8.2, 12.1], C-C-Sep=0.20, ║∇J║=7.3e-02
-----On 8/20 Initial Guess Perturbations
Iteration 110/1000-----
J=1.7e-02, Jf=1.7e-03, ⟨B·n⟩=1.0e-02, Len=sum([6.9, 6.0, 6.5])=19.4, ϰ=[8.8, 6.3, 7.2], ∫ϰ²/L=[11.9, 8.3, 11.9], C-C-Sep=0.20, ║∇J║=6.1e-02
-----On 8/20 Initial Guess Perturbations
Iteration 111/1000-----
J=1.7e-02, Jf=1.7e-03, ⟨B·n⟩=1.0e-02, Len=sum([6.9, 6.0, 6.5])=19.3, ϰ=[8.5, 6.5, 7.4], ∫ϰ²/L=[11.5, 8.3, 11.7], C-C-Sep=0.20, ║∇J║=5.9e-02
-----On 8/20 Initial Guess Perturbations
Iteration 112/1000-----
J=1.7e-02, Jf=1.6e-03, ⟨B·n⟩=9.8e-03, Len=sum([6.8, 6.0, 6.5])=19.3, ϰ=[8.5, 6.7, 7.6], ∫ϰ²/L=[11.4, 8.7, 11.5], C-C-Sep=0.19, ║∇J║=8.4e-02
-----On 8/20 Initial Guess Perturbations
Iteration 113/1000-----
J=1.7e-02, Jf=1.6e-03, ⟨B·n⟩=9.6e-03, Len=sum([6.8, 6.0, 6.5])=19.3, ϰ=[8.4, 6.3, 7.8], ∫ϰ²/L=[10.6, 8.1, 11.6], C-C-Sep=0.19, ║∇J║=8.5e-02
-----On 8/20 Initial Guess Perturbations
Iteration 114/1000-----
J=1.7e-02, Jf=1.5e-03, ⟨B·n⟩=9.6e-03, Len=sum([6.8, 6.0, 6.5])=19.2, ϰ=[8.3, 6.2, 7.9], ∫ϰ²/L=[10.4, 7.9, 11.6], C-C-Sep=0.20, ║∇J║=8.1e-02
-----On 8/20 Initial Guess Perturbations
Iteration 115/1000-----
J=1.7e-02, Jf=1.5e-03, ⟨B·n⟩=9.5e-03, Len=sum([6.8, 6.0, 6.5])=19.2, ϰ=[8.2, 6.0, 8.0], ∫ϰ²/L=[10.2, 7.8, 11.5], C-C-Sep=0.20, ║∇J║=7.0e-02
-----On 8/20 Initial Guess Perturbations
Iteration 116/1000-----
J=1.7e-02, Jf=1.5e-03, ⟨B·n⟩=9.4e-03, Len=sum([6.8, 5.9, 6.5])=19.2, ϰ=[8.1, 6.0, 8.2], ∫ϰ²/L=[10.0, 7.9, 11.5], C-C-Sep=0.20, ║∇J║=6.0e-02
-----On 8/20 Initial Guess Perturbations
Iteration 117/1000-----
J=1.7e-02, Jf=1.5e-03, ⟨B·n⟩=9.2e-03, Len=sum([6.7, 5.9, 6.5])=19.1, ϰ=[7.8, 5.8, 8.6], ∫ϰ²/L=[9.8, 8.0, 11.7], C-C-Sep=0.20, ║∇J║=7.2e-02
-----On 8/20 Initial Guess Perturbations
Iteration 118/1000-----
J=1.7e-02, Jf=1.4e-03, ⟨B·n⟩=9.0e-03, Len=sum([6.7, 5.9, 6.4])=19.1, ϰ=[7.6, 5.6, 8.7], ∫ϰ²/L=[9.6, 8.1, 11.7], C-C-Sep=0.20, ║∇J║=9.0e-02
-----On 8/20 Initial Guess Perturbations
Iteration 119/1000-----
J=1.7e-02, Jf=1.4e-03, ⟨B·n⟩=8.9e-03, Len=sum([6.7, 5.9, 6.4])=19.0, ϰ=[7.1, 5.8, 8.7], ∫ϰ²/L=[9.5, 8.2, 11.8], C-C-Sep=0.20, ║∇J║=5.4e-02
-----On 8/20 Initial Guess Perturbations
Iteration 120/1000-----
J=1.7e-02, Jf=1.4e-03, ⟨B·n⟩=8.8e-03, Len=sum([6.7, 5.9, 6.4])=19.0, ϰ=[6.8, 5.9, 8.5], ∫ϰ²/L=[9.2, 7.9, 11.7], C-C-Sep=0.20, ║∇J║=5.7e-02
-----On 8/20 Initial Guess Perturbations
Iteration 121/1000-----
J=1.7e-02, Jf=1.3e-03, ⟨B·n⟩=8.7e-03, Len=sum([6.6, 5.9, 6.4])=19.0, ϰ=[6.7, 5.9, 8.6], ∫ϰ²/L=[9.2, 7.9, 11.8], C-C-Sep=0.19, ║∇J║=6.8e-02
-----On 8/20 Initial Guess Perturbations
Iteration 122/1000-----
J=1.7e-02, Jf=1.3e-03, ⟨B·n⟩=8.7e-03, Len=sum([6.6, 5.9, 6.4])=18.9, ϰ=[6.6, 5.7, 8.5], ∫ϰ²/L=[8.8, 7.6, 11.6], C-C-Sep=0.19, ║∇J║=5.3e-02
-----On 8/20 Initial Guess Perturbations
Iteration 123/1000-----
J=1.7e-02, Jf=1.3e-03, ⟨B·n⟩=8.6e-03, Len=sum([6.6, 5.9, 6.4])=18.9, ϰ=[6.6, 6.0, 8.6], ∫ϰ²/L=[8.9, 7.8, 11.7], C-C-Sep=0.20, ║∇J║=6.0e-02
-----On 8/20 Initial Guess Perturbations
Iteration 124/1000-----
J=1.7e-02, Jf=1.3e-03, ⟨B·n⟩=8.6e-03, Len=sum([6.6, 5.9, 6.4])=18.8, ϰ=[6.6, 5.9, 8.4], ∫ϰ²/L=[8.5, 7.3, 11.6], C-C-Sep=0.20, ║∇J║=6.0e-02
-----On 8/20 Initial Guess Perturbations
Iteration 125/1000-----
J=1.6e-02, Jf=1.3e-03, ⟨B·n⟩=8.6e-03, Len=sum([6.6, 5.9, 6.4])=18.8, ϰ=[6.6, 5.6, 8.3], ∫ϰ²/L=[8.5, 7.3, 11.6], C-C-Sep=0.20, ║∇J║=5.9e-02
-----On 8/20 Initial Guess Perturbations
Iteration 126/1000-----
J=1.6e-02, Jf=1.3e-03, ⟨B·n⟩=8.5e-03, Len=sum([6.5, 5.9, 6.3])=18.7, ϰ=[6.4, 5.5, 8.1], ∫ϰ²/L=[8.4, 7.2, 11.7], C-C-Sep=0.20, ║∇J║=5.1e-02
-----On 8/20 Initial Guess Perturbations
Iteration 127/1000-----
J=1.6e-02, Jf=1.3e-03, ⟨B·n⟩=8.5e-03, Len=sum([6.5, 5.9, 6.3])=18.7, ϰ=[6.2, 5.3, 7.8], ∫ϰ²/L=[8.3, 7.1, 11.6], C-C-Sep=0.20, ║∇J║=6.0e-02
-----On 8/20 Initial Guess Perturbations
Iteration 128/1000-----
J=1.6e-02, Jf=1.3e-03, ⟨B·n⟩=8.4e-03, Len=sum([6.5, 5.9, 6.3])=18.7, ϰ=[5.8, 5.4, 7.7], ∫ϰ²/L=[8.2, 7.1, 11.4], C-C-Sep=0.20, ║∇J║=6.2e-02
-----On 8/20 Initial Guess Perturbations
Iteration 129/1000-----
J=1.6e-02, Jf=1.3e-03, ⟨B·n⟩=8.4e-03, Len=sum([6.5, 5.8, 6.3])=18.6, ϰ=[5.5, 5.8, 7.6], ∫ϰ²/L=[8.1, 7.3, 11.1], C-C-Sep=0.20, ║∇J║=6.2e-02
-----On 8/20 Initial Guess Perturbations
Iteration 130/1000-----
J=1.6e-02, Jf=1.3e-03, ⟨B·n⟩=8.3e-03, Len=sum([6.4, 5.8, 6.3])=18.5, ϰ=[5.4, 5.8, 7.3], ∫ϰ²/L=[7.7, 7.5, 10.6], C-C-Sep=0.20, ║∇J║=7.1e-02
-----On 8/20 Initial Guess Perturbations
Iteration 131/1000-----
J=1.6e-02, Jf=1.3e-03, ⟨B·n⟩=8.3e-03, Len=sum([6.4, 5.8, 6.3])=18.5, ϰ=[5.5, 6.0, 6.8], ∫ϰ²/L=[8.0, 8.2, 10.7], C-C-Sep=0.20, ║∇J║=6.3e-02
-----On 8/20 Initial Guess Perturbations
Iteration 132/1000-----
J=1.6e-02, Jf=1.2e-03, ⟨B·n⟩=8.2e-03, Len=sum([6.4, 5.8, 6.2])=18.4, ϰ=[5.5, 6.0, 6.5], ∫ϰ²/L=[7.7, 8.2, 10.6], C-C-Sep=0.20, ║∇J║=6.1e-02
-----On 8/20 Initial Guess Perturbations
Iteration 133/1000-----
J=1.6e-02, Jf=1.2e-03, ⟨B·n⟩=8.2e-03, Len=sum([6.4, 5.8, 6.2])=18.4, ϰ=[6.4, 6.2, 6.6], ∫ϰ²/L=[8.3, 8.7, 10.5], C-C-Sep=0.20, ║∇J║=7.1e-02
-----On 8/20 Initial Guess Perturbations
Iteration 134/1000-----
J=1.6e-02, Jf=1.2e-03, ⟨B·n⟩=8.2e-03, Len=sum([6.4, 5.8, 6.2])=18.4, ϰ=[6.2, 6.2, 6.6], ∫ϰ²/L=[8.0, 8.2, 10.3], C-C-Sep=0.20, ║∇J║=5.3e-02
-----On 8/20 Initial Guess Perturbations
Iteration 135/1000-----
J=1.6e-02, Jf=1.2e-03, ⟨B·n⟩=8.2e-03, Len=sum([6.3, 5.8, 6.2])=18.4, ϰ=[6.2, 6.3, 6.4], ∫ϰ²/L=[8.2, 8.4, 10.4], C-C-Sep=0.20, ║∇J║=4.9e-02
-----On 8/20 Initial Guess Perturbations
Iteration 136/1000-----
J=1.6e-02, Jf=1.2e-03, ⟨B·n⟩=8.1e-03, Len=sum([6.3, 5.8, 6.2])=18.3, ϰ=[6.1, 6.3, 6.5], ∫ϰ²/L=[8.5, 8.2, 10.3], C-C-Sep=0.20, ║∇J║=5.7e-02
-----On 8/20 Initial Guess Perturbations
Iteration 137/1000-----
J=1.6e-02, Jf=1.2e-03, ⟨B·n⟩=8.1e-03, Len=sum([6.3, 5.8, 6.1])=18.2, ϰ=[6.7, 6.3, 6.3], ∫ϰ²/L=[9.6, 8.4, 10.2], C-C-Sep=0.20, ║∇J║=9.5e-02
-----On 8/20 Initial Guess Perturbations
Iteration 138/1000-----
J=1.6e-02, Jf=1.2e-03, ⟨B·n⟩=8.1e-03, Len=sum([6.3, 5.8, 6.1])=18.1, ϰ=[6.6, 5.9, 6.3], ∫ϰ²/L=[9.2, 7.9, 10.0], C-C-Sep=0.20, ║∇J║=5.0e-02
-----On 8/20 Initial Guess Perturbations
Iteration 139/1000-----
J=1.6e-02, Jf=1.2e-03, ⟨B·n⟩=8.2e-03, Len=sum([6.3, 5.7, 6.1])=18.1, ϰ=[6.9, 5.7, 6.4], ∫ϰ²/L=[9.1, 7.8, 9.9], C-C-Sep=0.20, ║∇J║=4.4e-02
-----On 8/20 Initial Guess Perturbations
Iteration 140/1000-----
J=1.6e-02, Jf=1.2e-03, ⟨B·n⟩=8.2e-03, Len=sum([6.2, 5.7, 6.1])=18.0, ϰ=[7.1, 5.7, 6.3], ∫ϰ²/L=[9.0, 7.6, 9.8], C-C-Sep=0.20, ║∇J║=5.2e-02
-----On 8/20 Initial Guess Perturbations
Iteration 141/1000-----
J=1.6e-02, Jf=1.2e-03, ⟨B·n⟩=8.2e-03, Len=sum([6.2, 5.7, 6.0])=18.0, ϰ=[7.9, 6.3, 6.5], ∫ϰ²/L=[9.4, 7.9, 9.9], C-C-Sep=0.20, ║∇J║=6.6e-02
-----On 8/20 Initial Guess Perturbations
Iteration 142/1000-----
J=1.6e-02, Jf=1.2e-03, ⟨B·n⟩=8.2e-03, Len=sum([6.2, 5.7, 6.0])=17.9, ϰ=[7.8, 6.4, 6.4], ∫ϰ²/L=[9.1, 7.7, 9.8], C-C-Sep=0.20, ║∇J║=5.5e-02
-----On 8/20 Initial Guess Perturbations
Iteration 143/1000-----
J=1.6e-02, Jf=1.2e-03, ⟨B·n⟩=8.2e-03, Len=sum([6.2, 5.7, 6.0])=17.9, ϰ=[7.7, 6.6, 6.3], ∫ϰ²/L=[9.3, 7.8, 9.8], C-C-Sep=0.20, ║∇J║=4.9e-02
-----On 8/20 Initial Guess Perturbations
Iteration 144/1000-----
J=1.6e-02, Jf=1.2e-03, ⟨B·n⟩=8.1e-03, Len=sum([6.2, 5.7, 6.0])=17.9, ϰ=[7.0, 6.5, 6.2], ∫ϰ²/L=[8.5, 7.5, 9.4], C-C-Sep=0.20, ║∇J║=6.3e-02
-----On 8/20 Initial Guess Perturbations
Iteration 145/1000-----
J=1.6e-02, Jf=1.2e-03, ⟨B·n⟩=8.1e-03, Len=sum([6.1, 5.7, 6.0])=17.8, ϰ=[6.7, 6.5, 6.3], ∫ϰ²/L=[8.7, 7.9, 9.3], C-C-Sep=0.20, ║∇J║=7.0e-02
-----On 8/20 Initial Guess Perturbations
Iteration 146/1000-----
J=1.5e-02, Jf=1.2e-03, ⟨B·n⟩=8.1e-03, Len=sum([6.1, 5.7, 5.9])=17.8, ϰ=[6.5, 6.4, 6.3], ∫ϰ²/L=[8.4, 7.9, 9.3], C-C-Sep=0.20, ║∇J║=4.9e-02
-----On 8/20 Initial Guess Perturbations
Iteration 147/1000-----
J=1.5e-02, Jf=1.2e-03, ⟨B·n⟩=8.2e-03, Len=sum([6.1, 5.7, 5.9])=17.7, ϰ=[6.5, 6.6, 6.4], ∫ϰ²/L=[8.3, 8.1, 9.2], C-C-Sep=0.20, ║∇J║=5.2e-02
-----On 8/20 Initial Guess Perturbations
Iteration 148/1000-----
J=1.5e-02, Jf=1.2e-03, ⟨B·n⟩=8.2e-03, Len=sum([6.1, 5.7, 5.9])=17.7, ϰ=[6.7, 6.3, 6.5], ∫ϰ²/L=[8.1, 8.2, 9.2], C-C-Sep=0.20, ║∇J║=5.4e-02
-----On 8/20 Initial Guess Perturbations
Iteration 149/1000-----
J=1.5e-02, Jf=1.2e-03, ⟨B·n⟩=8.1e-03, Len=sum([6.0, 5.7, 5.9])=17.6, ϰ=[6.4, 6.3, 6.6], ∫ϰ²/L=[8.1, 8.5, 9.2], C-C-Sep=0.20, ║∇J║=5.1e-02
-----On 8/20 Initial Guess Perturbations
Iteration 150/1000-----
J=1.5e-02, Jf=1.2e-03, ⟨B·n⟩=8.1e-03, Len=sum([6.0, 5.7, 5.9])=17.5, ϰ=[6.2, 6.0, 6.5], ∫ϰ²/L=[8.1, 8.5, 9.0], C-C-Sep=0.20, ║∇J║=5.2e-02
-----On 8/20 Initial Guess Perturbations
Iteration 151/1000-----
J=1.5e-02, Jf=1.2e-03, ⟨B·n⟩=8.1e-03, Len=sum([6.0, 5.7, 5.8])=17.5, ϰ=[6.3, 5.9, 6.5], ∫ϰ²/L=[8.1, 8.6, 8.9], C-C-Sep=0.20, ║∇J║=5.2e-02
-----On 8/20 Initial Guess Perturbations
Iteration 152/1000-----
J=1.5e-02, Jf=1.2e-03, ⟨B·n⟩=8.1e-03, Len=sum([6.0, 5.7, 5.8])=17.5, ϰ=[6.2, 5.8, 6.6], ∫ϰ²/L=[8.2, 8.7, 8.9], C-C-Sep=0.20, ║∇J║=5.0e-02
-----On 8/20 Initial Guess Perturbations
Iteration 153/1000-----
J=1.5e-02, Jf=1.2e-03, ⟨B·n⟩=8.1e-03, Len=sum([6.0, 5.7, 5.8])=17.4, ϰ=[6.3, 5.7, 6.6], ∫ϰ²/L=[8.2, 8.7, 8.9], C-C-Sep=0.20, ║∇J║=4.6e-02
-----On 8/20 Initial Guess Perturbations
Iteration 154/1000-----
J=1.5e-02, Jf=1.2e-03, ⟨B·n⟩=8.1e-03, Len=sum([6.0, 5.6, 5.8])=17.4, ϰ=[6.1, 5.6, 6.7], ∫ϰ²/L=[8.0, 8.5, 8.7], C-C-Sep=0.20, ║∇J║=4.3e-02
-----On 8/20 Initial Guess Perturbations
Iteration 155/1000-----
J=1.5e-02, Jf=1.2e-03, ⟨B·n⟩=8.1e-03, Len=sum([6.0, 5.6, 5.8])=17.3, ϰ=[6.8, 5.9, 6.8], ∫ϰ²/L=[8.3, 8.7, 8.6], C-C-Sep=0.20, ║∇J║=4.6e-02
-----On 8/20 Initial Guess Perturbations
Iteration 156/1000-----
J=1.5e-02, Jf=1.2e-03, ⟨B·n⟩=8.1e-03, Len=sum([5.9, 5.6, 5.7])=17.3, ϰ=[6.7, 6.5, 6.8], ∫ϰ²/L=[7.7, 8.3, 8.2], C-C-Sep=0.20, ║∇J║=7.5e-02
-----On 8/20 Initial Guess Perturbations
Iteration 157/1000-----
J=1.5e-02, Jf=1.2e-03, ⟨B·n⟩=8.1e-03, Len=sum([5.9, 5.6, 5.7])=17.3, ϰ=[7.0, 6.2, 6.9], ∫ϰ²/L=[8.0, 8.4, 8.3], C-C-Sep=0.20, ║∇J║=4.5e-02
-----On 8/20 Initial Guess Perturbations
Iteration 158/1000-----
J=1.5e-02, Jf=1.2e-03, ⟨B·n⟩=8.1e-03, Len=sum([5.9, 5.6, 5.7])=17.3, ϰ=[7.0, 6.2, 7.1], ∫ϰ²/L=[8.1, 8.5, 8.4], C-C-Sep=0.20, ║∇J║=3.8e-02
-----On 8/20 Initial Guess Perturbations
Iteration 159/1000-----
J=1.5e-02, Jf=1.2e-03, ⟨B·n⟩=8.1e-03, Len=sum([5.9, 5.6, 5.7])=17.2, ϰ=[6.9, 6.4, 7.3], ∫ϰ²/L=[8.0, 8.4, 8.4], C-C-Sep=0.20, ║∇J║=3.8e-02
-----On 8/20 Initial Guess Perturbations
Iteration 160/1000-----
J=1.5e-02, Jf=1.2e-03, ⟨B·n⟩=8.1e-03, Len=sum([5.9, 5.6, 5.7])=17.2, ϰ=[6.9, 7.1, 7.5], ∫ϰ²/L=[8.0, 8.5, 8.6], C-C-Sep=0.20, ║∇J║=4.9e-02
-----On 8/20 Initial Guess Perturbations
Iteration 161/1000-----
J=1.5e-02, Jf=1.2e-03, ⟨B·n⟩=8.1e-03, Len=sum([5.9, 5.6, 5.7])=17.1, ϰ=[7.4, 7.2, 7.6], ∫ϰ²/L=[7.8, 8.5, 8.8], C-C-Sep=0.20, ║∇J║=6.3e-02
-----On 8/20 Initial Guess Perturbations
Iteration 162/1000-----
J=1.5e-02, Jf=1.2e-03, ⟨B·n⟩=8.1e-03, Len=sum([5.9, 5.6, 5.7])=17.1, ϰ=[7.5, 7.1, 7.3], ∫ϰ²/L=[7.8, 8.4, 8.8], C-C-Sep=0.20, ║∇J║=4.2e-02
-----On 8/20 Initial Guess Perturbations
Iteration 163/1000-----
J=1.5e-02, Jf=1.2e-03, ⟨B·n⟩=8.1e-03, Len=sum([5.9, 5.6, 5.7])=17.1, ϰ=[7.2, 6.9, 7.0], ∫ϰ²/L=[7.7, 8.3, 8.8], C-C-Sep=0.20, ║∇J║=4.0e-02
-----On 8/20 Initial Guess Perturbations
Iteration 164/1000-----
J=1.5e-02, Jf=1.1e-03, ⟨B·n⟩=8.1e-03, Len=sum([5.8, 5.6, 5.6])=17.0, ϰ=[7.2, 7.4, 6.7], ∫ϰ²/L=[7.9, 8.5, 9.0], C-C-Sep=0.20, ║∇J║=4.3e-02
-----On 8/20 Initial Guess Perturbations
Iteration 165/1000-----
J=1.5e-02, Jf=1.1e-03, ⟨B·n⟩=8.0e-03, Len=sum([5.8, 5.6, 5.6])=17.0, ϰ=[7.0, 7.5, 6.8], ∫ϰ²/L=[8.1, 8.6, 9.1], C-C-Sep=0.20, ║∇J║=4.2e-02
-----On 8/20 Initial Guess Perturbations
Iteration 166/1000-----
J=1.5e-02, Jf=1.1e-03, ⟨B·n⟩=8.1e-03, Len=sum([5.8, 5.5, 5.6])=17.0, ϰ=[7.2, 7.4, 6.9], ∫ϰ²/L=[8.3, 8.8, 9.1], C-C-Sep=0.20, ║∇J║=4.6e-02
-----On 8/20 Initial Guess Perturbations
Iteration 167/1000-----
J=1.5e-02, Jf=1.1e-03, ⟨B·n⟩=8.1e-03, Len=sum([5.8, 5.5, 5.6])=16.9, ϰ=[7.3, 7.2, 7.0], ∫ϰ²/L=[8.5, 8.9, 9.0], C-C-Sep=0.20, ║∇J║=4.3e-02
-----On 8/20 Initial Guess Perturbations
Iteration 168/1000-----
J=1.5e-02, Jf=1.1e-03, ⟨B·n⟩=8.1e-03, Len=sum([5.8, 5.5, 5.6])=16.9, ϰ=[6.6, 6.9, 7.1], ∫ϰ²/L=[8.4, 8.7, 8.7], C-C-Sep=0.20, ║∇J║=4.9e-02
-----On 8/20 Initial Guess Perturbations
Iteration 169/1000-----
J=1.5e-02, Jf=1.1e-03, ⟨B·n⟩=8.2e-03, Len=sum([5.8, 5.5, 5.5])=16.8, ϰ=[7.0, 6.8, 7.0], ∫ϰ²/L=[9.1, 9.1, 8.9], C-C-Sep=0.20, ║∇J║=5.8e-02
-----On 8/20 Initial Guess Perturbations
Iteration 170/1000-----
J=1.5e-02, Jf=1.1e-03, ⟨B·n⟩=8.1e-03, Len=sum([5.7, 5.5, 5.5])=16.7, ϰ=[7.2, 5.8, 6.7], ∫ϰ²/L=[9.1, 8.9, 8.7], C-C-Sep=0.20, ║∇J║=6.9e-02
-----On 8/20 Initial Guess Perturbations
Iteration 171/1000-----
J=1.5e-02, Jf=1.1e-03, ⟨B·n⟩=8.2e-03, Len=sum([5.7, 5.5, 5.5])=16.7, ϰ=[7.3, 6.0, 6.7], ∫ϰ²/L=[9.4, 9.1, 8.7], C-C-Sep=0.20, ║∇J║=5.8e-02
-----On 8/20 Initial Guess Perturbations
Iteration 172/1000-----
J=1.5e-02, Jf=1.1e-03, ⟨B·n⟩=8.1e-03, Len=sum([5.7, 5.5, 5.5])=16.7, ϰ=[7.0, 5.8, 6.6], ∫ϰ²/L=[9.2, 9.1, 8.5], C-C-Sep=0.20, ║∇J║=4.9e-02
-----On 8/20 Initial Guess Perturbations
Iteration 173/1000-----
J=1.4e-02, Jf=1.1e-03, ⟨B·n⟩=8.2e-03, Len=sum([5.7, 5.5, 5.5])=16.7, ϰ=[6.9, 6.3, 6.6], ∫ϰ²/L=[9.2, 9.4, 8.6], C-C-Sep=0.20, ║∇J║=5.0e-02
-----On 8/20 Initial Guess Perturbations
Iteration 174/1000-----
J=1.4e-02, Jf=1.1e-03, ⟨B·n⟩=8.1e-03, Len=sum([5.7, 5.5, 5.4])=16.6, ϰ=[6.9, 6.7, 6.7], ∫ϰ²/L=[8.7, 9.4, 8.4], C-C-Sep=0.20, ║∇J║=5.0e-02
-----On 8/20 Initial Guess Perturbations
Iteration 175/1000-----
J=1.4e-02, Jf=1.1e-03, ⟨B·n⟩=8.2e-03, Len=sum([5.7, 5.4, 5.4])=16.6, ϰ=[7.3, 7.1, 6.4], ∫ϰ²/L=[8.9, 9.9, 8.9], C-C-Sep=0.20, ║∇J║=5.7e-02
-----On 8/20 Initial Guess Perturbations
Iteration 176/1000-----
J=1.4e-02, Jf=1.1e-03, ⟨B·n⟩=8.2e-03, Len=sum([5.7, 5.4, 5.4])=16.5, ϰ=[7.2, 7.2, 6.3], ∫ϰ²/L=[8.9, 10.0, 8.8], C-C-Sep=0.20, ║∇J║=3.7e-02
-----On 8/20 Initial Guess Perturbations
Iteration 177/1000-----
J=1.4e-02, Jf=1.1e-03, ⟨B·n⟩=8.2e-03, Len=sum([5.7, 5.4, 5.4])=16.5, ϰ=[7.1, 7.1, 6.0], ∫ϰ²/L=[8.8, 9.9, 8.7], C-C-Sep=0.20, ║∇J║=3.8e-02
-----On 8/20 Initial Guess Perturbations
Iteration 178/1000-----
J=1.4e-02, Jf=1.1e-03, ⟨B·n⟩=8.2e-03, Len=sum([5.7, 5.4, 5.4])=16.4, ϰ=[7.4, 7.2, 5.9], ∫ϰ²/L=[8.9, 10.3, 8.8], C-C-Sep=0.20, ║∇J║=4.7e-02
-----On 8/20 Initial Guess Perturbations
Iteration 179/1000-----
J=1.4e-02, Jf=1.1e-03, ⟨B·n⟩=8.2e-03, Len=sum([5.6, 5.4, 5.4])=16.4, ϰ=[7.8, 6.9, 6.1], ∫ϰ²/L=[8.7, 9.8, 8.6], C-C-Sep=0.20, ║∇J║=6.0e-02
-----On 8/20 Initial Guess Perturbations
Iteration 180/1000-----
J=1.4e-02, Jf=1.1e-03, ⟨B·n⟩=8.2e-03, Len=sum([5.6, 5.4, 5.3])=16.4, ϰ=[7.9, 7.2, 6.1], ∫ϰ²/L=[8.8, 9.7, 8.7], C-C-Sep=0.20, ║∇J║=5.1e-02
-----On 8/20 Initial Guess Perturbations
Iteration 181/1000-----
J=1.4e-02, Jf=1.1e-03, ⟨B·n⟩=8.2e-03, Len=sum([5.6, 5.4, 5.3])=16.3, ϰ=[7.9, 6.8, 6.2], ∫ϰ²/L=[8.2, 9.0, 8.4], C-C-Sep=0.20, ║∇J║=6.8e-02
-----On 8/20 Initial Guess Perturbations
Iteration 182/1000-----
J=1.4e-02, Jf=1.1e-03, ⟨B·n⟩=8.2e-03, Len=sum([5.6, 5.4, 5.3])=16.3, ϰ=[7.6, 6.6, 6.3], ∫ϰ²/L=[8.3, 9.1, 8.8], C-C-Sep=0.20, ║∇J║=6.1e-02
-----On 8/20 Initial Guess Perturbations
Iteration 183/1000-----
J=1.4e-02, Jf=1.1e-03, ⟨B·n⟩=8.2e-03, Len=sum([5.6, 5.4, 5.3])=16.3, ϰ=[7.5, 6.5, 6.0], ∫ϰ²/L=[8.3, 8.8, 8.7], C-C-Sep=0.20, ║∇J║=5.2e-02
-----On 8/20 Initial Guess Perturbations
Iteration 184/1000-----
J=1.4e-02, Jf=1.1e-03, ⟨B·n⟩=8.2e-03, Len=sum([5.6, 5.4, 5.3])=16.2, ϰ=[7.7, 6.8, 6.1], ∫ϰ²/L=[8.5, 8.9, 9.0], C-C-Sep=0.20, ║∇J║=4.4e-02
-----On 8/20 Initial Guess Perturbations
Iteration 185/1000-----
J=1.4e-02, Jf=1.1e-03, ⟨B·n⟩=8.2e-03, Len=sum([5.6, 5.3, 5.3])=16.2, ϰ=[7.6, 6.5, 6.1], ∫ϰ²/L=[8.5, 8.5, 9.2], C-C-Sep=0.20, ║∇J║=4.6e-02
-----On 8/20 Initial Guess Perturbations
Iteration 186/1000-----
J=1.4e-02, Jf=1.1e-03, ⟨B·n⟩=8.2e-03, Len=sum([5.6, 5.3, 5.3])=16.1, ϰ=[7.7, 6.6, 6.4], ∫ϰ²/L=[9.2, 8.7, 9.6], C-C-Sep=0.20, ║∇J║=4.8e-02
-----On 8/20 Initial Guess Perturbations
Iteration 187/1000-----
J=1.4e-02, Jf=1.1e-03, ⟨B·n⟩=8.2e-03, Len=sum([5.5, 5.3, 5.3])=16.1, ϰ=[7.6, 6.2, 6.4], ∫ϰ²/L=[9.9, 8.8, 9.7], C-C-Sep=0.20, ║∇J║=5.3e-02
-----On 8/20 Initial Guess Perturbations
Iteration 188/1000-----
J=1.4e-02, Jf=1.1e-03, ⟨B·n⟩=8.2e-03, Len=sum([5.5, 5.3, 5.2])=16.0, ϰ=[7.2, 5.9, 6.3], ∫ϰ²/L=[10.0, 9.0, 9.2], C-C-Sep=0.20, ║∇J║=5.4e-02
-----On 8/20 Initial Guess Perturbations
Iteration 189/1000-----
J=1.4e-02, Jf=1.1e-03, ⟨B·n⟩=8.2e-03, Len=sum([5.5, 5.3, 5.2])=16.0, ϰ=[7.5, 5.7, 6.7], ∫ϰ²/L=[10.3, 9.1, 9.5], C-C-Sep=0.20, ║∇J║=5.7e-02
-----On 8/20 Initial Guess Perturbations
Iteration 190/1000-----
J=1.4e-02, Jf=1.1e-03, ⟨B·n⟩=8.1e-03, Len=sum([5.5, 5.3, 5.2])=16.0, ϰ=[7.7, 5.9, 6.3], ∫ϰ²/L=[9.7, 8.9, 9.0], C-C-Sep=0.20, ║∇J║=4.1e-02
-----On 8/20 Initial Guess Perturbations
Iteration 191/1000-----
J=1.4e-02, Jf=1.1e-03, ⟨B·n⟩=8.2e-03, Len=sum([5.5, 5.3, 5.2])=15.9, ϰ=[8.0, 6.3, 6.2], ∫ϰ²/L=[9.8, 9.1, 9.1], C-C-Sep=0.20, ║∇J║=4.5e-02
-----On 8/20 Initial Guess Perturbations
Iteration 192/1000-----
J=1.4e-02, Jf=1.1e-03, ⟨B·n⟩=8.1e-03, Len=sum([5.5, 5.3, 5.2])=15.9, ϰ=[8.1, 6.8, 5.6], ∫ϰ²/L=[9.5, 9.1, 8.6], C-C-Sep=0.20, ║∇J║=4.8e-02
-----On 8/20 Initial Guess Perturbations
Iteration 193/1000-----
J=1.4e-02, Jf=1.1e-03, ⟨B·n⟩=8.1e-03, Len=sum([5.5, 5.2, 5.2])=15.9, ϰ=[8.2, 6.9, 5.5], ∫ϰ²/L=[9.5, 9.2, 8.4], C-C-Sep=0.20, ║∇J║=4.2e-02
-----On 8/20 Initial Guess Perturbations
Iteration 194/1000-----
J=1.4e-02, Jf=1.1e-03, ⟨B·n⟩=8.1e-03, Len=sum([5.4, 5.2, 5.2])=15.8, ϰ=[8.4, 7.0, 5.2], ∫ϰ²/L=[9.6, 9.3, 8.4], C-C-Sep=0.20, ║∇J║=4.2e-02
-----On 8/20 Initial Guess Perturbations
Iteration 195/1000-----
J=1.4e-02, Jf=1.1e-03, ⟨B·n⟩=8.1e-03, Len=sum([5.4, 5.2, 5.1])=15.8, ϰ=[8.2, 6.7, 5.5], ∫ϰ²/L=[9.5, 9.4, 8.3], C-C-Sep=0.20, ║∇J║=4.9e-02
-----On 8/20 Initial Guess Perturbations
Iteration 196/1000-----
J=1.4e-02, Jf=1.1e-03, ⟨B·n⟩=8.1e-03, Len=sum([5.4, 5.2, 5.1])=15.8, ϰ=[8.1, 6.5, 5.5], ∫ϰ²/L=[9.1, 9.3, 8.3], C-C-Sep=0.20, ║∇J║=4.2e-02
-----On 8/20 Initial Guess Perturbations
Iteration 197/1000-----
J=1.4e-02, Jf=1.1e-03, ⟨B·n⟩=8.0e-03, Len=sum([5.4, 5.2, 5.1])=15.7, ϰ=[7.9, 6.8, 5.7], ∫ϰ²/L=[9.3, 9.8, 8.9], C-C-Sep=0.20, ║∇J║=5.4e-02
-----On 8/20 Initial Guess Perturbations
Iteration 198/1000-----
J=1.4e-02, Jf=1.0e-03, ⟨B·n⟩=8.0e-03, Len=sum([5.4, 5.2, 5.1])=15.7, ϰ=[7.5, 6.3, 5.7], ∫ϰ²/L=[8.8, 9.2, 8.6], C-C-Sep=0.20, ║∇J║=4.4e-02
-----On 8/20 Initial Guess Perturbations
Iteration 199/1000-----
J=1.4e-02, Jf=1.1e-03, ⟨B·n⟩=8.0e-03, Len=sum([5.4, 5.2, 5.1])=15.7, ϰ=[7.6, 6.5, 5.7], ∫ϰ²/L=[8.8, 9.3, 8.5], C-C-Sep=0.20, ║∇J║=4.2e-02
-----On 8/20 Initial Guess Perturbations
Iteration 200/1000-----
J=1.4e-02, Jf=1.1e-03, ⟨B·n⟩=8.0e-03, Len=sum([5.4, 5.2, 5.1])=15.6, ϰ=[7.5, 6.4, 5.7], ∫ϰ²/L=[8.9, 9.4, 8.5], C-C-Sep=0.20, ║∇J║=3.8e-02
-----On 8/20 Initial Guess Perturbations
Iteration 201/1000-----
J=1.4e-02, Jf=1.1e-03, ⟨B·n⟩=8.0e-03, Len=sum([5.3, 5.1, 5.1])=15.6, ϰ=[7.4, 6.3, 5.5], ∫ϰ²/L=[8.9, 9.3, 8.4], C-C-Sep=0.20, ║∇J║=4.6e-02
-----On 8/20 Initial Guess Perturbations
Iteration 202/1000-----
J=1.4e-02, Jf=1.0e-03, ⟨B·n⟩=7.9e-03, Len=sum([5.3, 5.1, 5.1])=15.5, ϰ=[7.3, 5.8, 6.0], ∫ϰ²/L=[8.6, 9.0, 8.3], C-C-Sep=0.20, ║∇J║=6.1e-02
-----On 8/20 Initial Guess Perturbations
Iteration 203/1000-----
J=1.4e-02, Jf=1.0e-03, ⟨B·n⟩=7.9e-03, Len=sum([5.3, 5.1, 5.1])=15.5, ϰ=[7.5, 5.6, 6.1], ∫ϰ²/L=[8.9, 9.2, 8.3], C-C-Sep=0.20, ║∇J║=6.5e-02
-----On 8/20 Initial Guess Perturbations
Iteration 204/1000-----
J=1.3e-02, Jf=1.0e-03, ⟨B·n⟩=7.9e-03, Len=sum([5.3, 5.1, 5.1])=15.5, ϰ=[7.6, 5.7, 6.0], ∫ϰ²/L=[8.7, 9.0, 8.0], C-C-Sep=0.20, ║∇J║=4.1e-02
-----On 8/20 Initial Guess Perturbations
Iteration 205/1000-----
J=1.3e-02, Jf=1.0e-03, ⟨B·n⟩=7.9e-03, Len=sum([5.3, 5.1, 5.0])=15.4, ϰ=[7.7, 5.9, 6.0], ∫ϰ²/L=[8.9, 9.3, 8.0], C-C-Sep=0.20, ║∇J║=4.2e-02
-----On 8/20 Initial Guess Perturbations
Iteration 206/1000-----
J=1.3e-02, Jf=1.0e-03, ⟨B·n⟩=7.8e-03, Len=sum([5.3, 5.1, 5.0])=15.4, ϰ=[7.5, 5.9, 5.9], ∫ϰ²/L=[8.9, 9.3, 7.9], C-C-Sep=0.20, ║∇J║=4.5e-02
-----On 8/20 Initial Guess Perturbations
Iteration 207/1000-----
J=1.3e-02, Jf=1.0e-03, ⟨B·n⟩=7.8e-03, Len=sum([5.3, 5.1, 5.0])=15.4, ϰ=[7.2, 6.0, 6.5], ∫ϰ²/L=[9.5, 9.9, 8.5], C-C-Sep=0.19, ║∇J║=5.4e-02
-----On 8/20 Initial Guess Perturbations
Iteration 208/1000-----
J=1.3e-02, Jf=1.0e-03, ⟨B·n⟩=7.8e-03, Len=sum([5.3, 5.1, 5.0])=15.4, ϰ=[6.9, 6.1, 6.8], ∫ϰ²/L=[9.6, 10.1, 8.7], C-C-Sep=0.20, ║∇J║=7.4e-02
-----On 8/20 Initial Guess Perturbations
Iteration 209/1000-----
J=1.3e-02, Jf=1.0e-03, ⟨B·n⟩=7.8e-03, Len=sum([5.3, 5.1, 5.0])=15.3, ϰ=[6.7, 5.6, 6.3], ∫ϰ²/L=[9.0, 9.2, 8.0], C-C-Sep=0.20, ║∇J║=4.6e-02
-----On 8/20 Initial Guess Perturbations
Iteration 210/1000-----
J=1.3e-02, Jf=1.0e-03, ⟨B·n⟩=7.8e-03, Len=sum([5.3, 5.0, 5.0])=15.3, ϰ=[6.6, 5.5, 5.9], ∫ϰ²/L=[8.9, 9.1, 7.9], C-C-Sep=0.20, ║∇J║=2.9e-02
-----On 8/20 Initial Guess Perturbations
Iteration 211/1000-----
J=1.3e-02, Jf=1.0e-03, ⟨B·n⟩=7.8e-03, Len=sum([5.3, 5.0, 5.0])=15.3, ϰ=[6.5, 5.7, 5.7], ∫ϰ²/L=[9.1, 9.4, 8.1], C-C-Sep=0.20, ║∇J║=2.9e-02
-----On 8/20 Initial Guess Perturbations
Iteration 212/1000-----
J=1.3e-02, Jf=1.0e-03, ⟨B·n⟩=7.8e-03, Len=sum([5.2, 5.0, 5.0])=15.2, ϰ=[6.7, 5.7, 5.5], ∫ϰ²/L=[9.3, 9.5, 8.3], C-C-Sep=0.19, ║∇J║=8.0e-02
-----On 8/20 Initial Guess Perturbations
Iteration 213/1000-----
J=1.3e-02, Jf=1.0e-03, ⟨B·n⟩=7.8e-03, Len=sum([5.3, 5.0, 5.0])=15.3, ϰ=[6.5, 5.7, 5.5], ∫ϰ²/L=[9.1, 9.4, 8.1], C-C-Sep=0.20, ║∇J║=3.6e-02
-----On 8/20 Initial Guess Perturbations
Iteration 214/1000-----
J=1.3e-02, Jf=1.0e-03, ⟨B·n⟩=7.8e-03, Len=sum([5.2, 5.0, 5.0])=15.2, ϰ=[7.0, 5.8, 5.5], ∫ϰ²/L=[9.3, 9.4, 8.1], C-C-Sep=0.20, ║∇J║=5.2e-02
-----On 8/20 Initial Guess Perturbations
Iteration 215/1000-----
J=1.3e-02, Jf=1.0e-03, ⟨B·n⟩=7.8e-03, Len=sum([5.2, 5.0, 5.0])=15.2, ϰ=[7.2, 6.1, 5.6], ∫ϰ²/L=[9.7, 9.7, 8.5], C-C-Sep=0.19, ║∇J║=1.1e-01
-----On 8/20 Initial Guess Perturbations
Iteration 216/1000-----
J=1.3e-02, Jf=1.0e-03, ⟨B·n⟩=7.8e-03, Len=sum([5.2, 5.0, 5.0])=15.2, ϰ=[7.1, 5.9, 5.5], ∫ϰ²/L=[9.4, 9.5, 8.2], C-C-Sep=0.20, ║∇J║=5.0e-02
-----On 8/20 Initial Guess Perturbations
Iteration 217/1000-----
J=1.3e-02, Jf=1.0e-03, ⟨B·n⟩=7.9e-03, Len=sum([5.2, 5.0, 5.0])=15.1, ϰ=[7.2, 6.0, 5.6], ∫ϰ²/L=[8.9, 9.2, 8.0], C-C-Sep=0.20, ║∇J║=5.9e-02
-----On 8/20 Initial Guess Perturbations
Iteration 218/1000-----
J=1.3e-02, Jf=1.0e-03, ⟨B·n⟩=7.8e-03, Len=sum([5.2, 5.0, 5.0])=15.1, ϰ=[7.2, 6.1, 5.6], ∫ϰ²/L=[8.8, 9.4, 8.1], C-C-Sep=0.20, ║∇J║=3.8e-02
-----On 8/20 Initial Guess Perturbations
Iteration 219/1000-----
J=1.3e-02, Jf=1.0e-03, ⟨B·n⟩=7.9e-03, Len=sum([5.2, 5.0, 4.9])=15.1, ϰ=[7.1, 6.1, 5.8], ∫ϰ²/L=[8.8, 9.6, 8.4], C-C-Sep=0.20, ║∇J║=4.0e-02
-----On 8/20 Initial Guess Perturbations
Iteration 220/1000-----
J=1.3e-02, Jf=1.0e-03, ⟨B·n⟩=7.8e-03, Len=sum([5.2, 4.9, 4.9])=15.1, ϰ=[6.9, 6.1, 5.6], ∫ϰ²/L=[8.6, 9.7, 8.4], C-C-Sep=0.20, ║∇J║=4.2e-02
-----On 8/20 Initial Guess Perturbations
Iteration 221/1000-----
J=1.3e-02, Jf=1.0e-03, ⟨B·n⟩=7.9e-03, Len=sum([5.2, 4.9, 4.9])=15.0, ϰ=[7.0, 6.3, 5.9], ∫ϰ²/L=[9.0, 10.3, 8.7], C-C-Sep=0.19, ║∇J║=5.5e-02
-----On 8/20 Initial Guess Perturbations
Iteration 222/1000-----
J=1.3e-02, Jf=1.0e-03, ⟨B·n⟩=7.9e-03, Len=sum([5.2, 4.9, 4.9])=15.0, ϰ=[6.5, 6.7, 6.1], ∫ϰ²/L=[8.9, 10.2, 8.2], C-C-Sep=0.20, ║∇J║=8.1e-02
-----On 8/20 Initial Guess Perturbations
Iteration 223/1000-----
J=1.3e-02, Jf=1.0e-03, ⟨B·n⟩=7.9e-03, Len=sum([5.2, 4.9, 4.9])=15.0, ϰ=[6.3, 6.8, 6.0], ∫ϰ²/L=[8.6, 9.6, 7.9], C-C-Sep=0.20, ║∇J║=4.0e-02
-----On 8/20 Initial Guess Perturbations
Iteration 224/1000-----
J=1.3e-02, Jf=1.0e-03, ⟨B·n⟩=7.9e-03, Len=sum([5.1, 4.9, 4.9])=15.0, ϰ=[6.2, 6.7, 5.8], ∫ϰ²/L=[8.6, 9.5, 7.9], C-C-Sep=0.20, ║∇J║=3.0e-02
-----On 8/20 Initial Guess Perturbations
Iteration 225/1000-----
J=1.3e-02, Jf=1.0e-03, ⟨B·n⟩=7.9e-03, Len=sum([5.1, 4.9, 4.9])=14.9, ϰ=[6.2, 6.7, 5.8], ∫ϰ²/L=[8.8, 9.5, 7.9], C-C-Sep=0.20, ║∇J║=3.4e-02
-----On 8/20 Initial Guess Perturbations
Iteration 226/1000-----
J=1.3e-02, Jf=1.0e-03, ⟨B·n⟩=8.0e-03, Len=sum([5.1, 4.9, 4.9])=14.9, ϰ=[6.2, 7.0, 5.9], ∫ϰ²/L=[9.1, 9.5, 7.9], C-C-Sep=0.20, ║∇J║=5.0e-02
-----On 8/20 Initial Guess Perturbations
Iteration 227/1000-----
J=1.3e-02, Jf=1.0e-03, ⟨B·n⟩=8.0e-03, Len=sum([5.1, 4.9, 4.9])=14.9, ϰ=[6.4, 6.7, 5.9], ∫ϰ²/L=[8.8, 9.2, 7.6], C-C-Sep=0.20, ║∇J║=4.0e-02
-----On 8/20 Initial Guess Perturbations
Iteration 228/1000-----
J=1.3e-02, Jf=1.0e-03, ⟨B·n⟩=8.0e-03, Len=sum([5.1, 4.9, 4.9])=14.8, ϰ=[6.4, 6.7, 5.9], ∫ϰ²/L=[8.8, 9.2, 7.4], C-C-Sep=0.20, ║∇J║=4.0e-02
-----On 8/20 Initial Guess Perturbations
Iteration 229/1000-----
J=1.3e-02, Jf=1.0e-03, ⟨B·n⟩=8.0e-03, Len=sum([5.1, 4.9, 4.9])=14.8, ϰ=[6.2, 6.7, 5.8], ∫ϰ²/L=[8.5, 9.1, 7.2], C-C-Sep=0.20, ║∇J║=2.9e-02
-----On 8/20 Initial Guess Perturbations
Iteration 230/1000-----
J=1.3e-02, Jf=1.0e-03, ⟨B·n⟩=8.0e-03, Len=sum([5.1, 4.9, 4.9])=14.8, ϰ=[6.0, 6.8, 5.5], ∫ϰ²/L=[8.3, 9.2, 7.0], C-C-Sep=0.20, ║∇J║=2.9e-02
-----On 8/20 Initial Guess Perturbations
Iteration 231/1000-----
J=1.3e-02, Jf=1.0e-03, ⟨B·n⟩=8.0e-03, Len=sum([5.1, 4.8, 4.8])=14.8, ϰ=[5.8, 6.7, 5.2], ∫ϰ²/L=[8.1, 9.2, 7.0], C-C-Sep=0.20, ║∇J║=3.2e-02
-----On 8/20 Initial Guess Perturbations
Iteration 232/1000-----
J=1.3e-02, Jf=1.0e-03, ⟨B·n⟩=8.0e-03, Len=sum([5.1, 4.8, 4.8])=14.7, ϰ=[5.9, 6.6, 5.1], ∫ϰ²/L=[8.2, 9.3, 7.1], C-C-Sep=0.20, ║∇J║=2.8e-02
-----On 8/20 Initial Guess Perturbations
Iteration 233/1000-----
J=1.3e-02, Jf=1.1e-03, ⟨B·n⟩=8.0e-03, Len=sum([5.0, 4.8, 4.8])=14.7, ϰ=[6.1, 6.6, 5.0], ∫ϰ²/L=[8.2, 9.2, 7.2], C-C-Sep=0.20, ║∇J║=2.9e-02
-----On 8/20 Initial Guess Perturbations
Iteration 234/1000-----
J=1.3e-02, Jf=1.1e-03, ⟨B·n⟩=8.1e-03, Len=sum([5.0, 4.8, 4.8])=14.7, ϰ=[6.4, 6.5, 4.9], ∫ϰ²/L=[8.3, 9.1, 7.0], C-C-Sep=0.20, ║∇J║=3.1e-02
-----On 8/20 Initial Guess Perturbations
Iteration 235/1000-----
J=1.3e-02, Jf=1.1e-03, ⟨B·n⟩=8.1e-03, Len=sum([5.0, 4.8, 4.8])=14.6, ϰ=[6.3, 6.5, 5.0], ∫ϰ²/L=[8.2, 9.0, 6.9], C-C-Sep=0.20, ║∇J║=2.9e-02
-----On 8/20 Initial Guess Perturbations
Iteration 236/1000-----
J=1.3e-02, Jf=1.1e-03, ⟨B·n⟩=8.1e-03, Len=sum([5.0, 4.8, 4.8])=14.6, ϰ=[6.2, 6.5, 5.4], ∫ϰ²/L=[8.0, 8.9, 6.9], C-C-Sep=0.20, ║∇J║=3.0e-02
-----On 8/20 Initial Guess Perturbations
Iteration 237/1000-----
J=1.3e-02, Jf=1.1e-03, ⟨B·n⟩=8.2e-03, Len=sum([5.0, 4.8, 4.8])=14.6, ϰ=[5.9, 6.6, 5.8], ∫ϰ²/L=[8.0, 9.1, 7.1], C-C-Sep=0.20, ║∇J║=2.8e-02
-----On 8/20 Initial Guess Perturbations
Iteration 238/1000-----
J=1.3e-02, Jf=1.1e-03, ⟨B·n⟩=8.2e-03, Len=sum([5.0, 4.8, 4.8])=14.5, ϰ=[5.9, 6.6, 5.8], ∫ϰ²/L=[7.7, 9.2, 7.2], C-C-Sep=0.20, ║∇J║=3.2e-02
-----On 8/20 Initial Guess Perturbations
Iteration 239/1000-----
J=1.3e-02, Jf=1.1e-03, ⟨B·n⟩=8.2e-03, Len=sum([5.0, 4.8, 4.8])=14.5, ϰ=[5.6, 6.7, 5.8], ∫ϰ²/L=[7.5, 9.1, 7.2], C-C-Sep=0.20, ║∇J║=2.8e-02
-----On 8/20 Initial Guess Perturbations
Iteration 240/1000-----
J=1.3e-02, Jf=1.1e-03, ⟨B·n⟩=8.2e-03, Len=sum([5.0, 4.8, 4.8])=14.5, ϰ=[5.3, 6.7, 5.8], ∫ϰ²/L=[7.4, 8.8, 7.0], C-C-Sep=0.20, ║∇J║=2.6e-02
-----On 8/20 Initial Guess Perturbations
Iteration 241/1000-----
J=1.3e-02, Jf=1.1e-03, ⟨B·n⟩=8.2e-03, Len=sum([4.9, 4.8, 4.8])=14.5, ϰ=[5.5, 6.9, 5.7], ∫ϰ²/L=[7.5, 8.6, 7.1], C-C-Sep=0.20, ║∇J║=2.7e-02
-----On 8/20 Initial Guess Perturbations
Iteration 242/1000-----
J=1.3e-02, Jf=1.1e-03, ⟨B·n⟩=8.2e-03, Len=sum([4.9, 4.8, 4.7])=14.4, ϰ=[5.7, 7.0, 5.6], ∫ϰ²/L=[7.6, 8.6, 7.1], C-C-Sep=0.20, ║∇J║=3.0e-02
-----On 8/20 Initial Guess Perturbations
Iteration 243/1000-----
J=1.3e-02, Jf=1.1e-03, ⟨B·n⟩=8.2e-03, Len=sum([4.9, 4.7, 4.7])=14.4, ϰ=[6.1, 7.1, 5.4], ∫ϰ²/L=[7.8, 8.8, 7.2], C-C-Sep=0.20, ║∇J║=3.1e-02
-----On 8/20 Initial Guess Perturbations
Iteration 244/1000-----
J=1.3e-02, Jf=1.1e-03, ⟨B·n⟩=8.1e-03, Len=sum([4.9, 4.8, 4.7])=14.4, ϰ=[6.0, 7.0, 5.5], ∫ϰ²/L=[7.4, 8.9, 6.9], C-C-Sep=0.20, ║∇J║=3.9e-02
-----On 8/20 Initial Guess Perturbations
Iteration 245/1000-----
J=1.3e-02, Jf=1.1e-03, ⟨B·n⟩=8.1e-03, Len=sum([4.9, 4.8, 4.7])=14.4, ϰ=[5.9, 6.9, 5.2], ∫ϰ²/L=[7.2, 8.7, 6.8], C-C-Sep=0.20, ║∇J║=2.7e-02
-----On 8/20 Initial Guess Perturbations
Iteration 246/1000-----
J=1.3e-02, Jf=1.1e-03, ⟨B·n⟩=8.2e-03, Len=sum([4.9, 4.8, 4.7])=14.4, ϰ=[5.7, 7.0, 5.0], ∫ϰ²/L=[7.1, 8.6, 6.6], C-C-Sep=0.20, ║∇J║=2.2e-02
-----On 8/20 Initial Guess Perturbations
Iteration 247/1000-----
J=1.3e-02, Jf=1.1e-03, ⟨B·n⟩=8.2e-03, Len=sum([4.9, 4.8, 4.7])=14.4, ϰ=[5.6, 7.1, 4.9], ∫ϰ²/L=[7.0, 8.7, 6.6], C-C-Sep=0.20, ║∇J║=2.4e-02
-----On 8/20 Initial Guess Perturbations
Iteration 248/1000-----
J=1.3e-02, Jf=1.1e-03, ⟨B·n⟩=8.2e-03, Len=sum([4.9, 4.7, 4.7])=14.4, ϰ=[5.6, 7.2, 4.9], ∫ϰ²/L=[7.0, 8.8, 6.6], C-C-Sep=0.20, ║∇J║=2.8e-02
-----On 8/20 Initial Guess Perturbations
Iteration 249/1000-----
J=1.3e-02, Jf=1.1e-03, ⟨B·n⟩=8.2e-03, Len=sum([4.9, 4.7, 4.7])=14.3, ϰ=[5.3, 7.4, 5.2], ∫ϰ²/L=[6.9, 8.9, 6.8], C-C-Sep=0.20, ║∇J║=3.9e-02
-----On 8/20 Initial Guess Perturbations
Iteration 250/1000-----
J=1.3e-02, Jf=1.1e-03, ⟨B·n⟩=8.2e-03, Len=sum([4.9, 4.7, 4.7])=14.3, ϰ=[5.4, 7.2, 5.2], ∫ϰ²/L=[6.9, 8.8, 6.8], C-C-Sep=0.20, ║∇J║=2.5e-02
-----On 8/20 Initial Guess Perturbations
Iteration 251/1000-----
J=1.3e-02, Jf=1.1e-03, ⟨B·n⟩=8.2e-03, Len=sum([4.9, 4.7, 4.7])=14.3, ϰ=[5.8, 7.0, 5.4], ∫ϰ²/L=[6.7, 8.6, 6.7], C-C-Sep=0.20, ║∇J║=2.1e-02
-----On 8/20 Initial Guess Perturbations
Iteration 252/1000-----
J=1.3e-02, Jf=1.1e-03, ⟨B·n⟩=8.2e-03, Len=sum([4.9, 4.7, 4.7])=14.3, ϰ=[6.0, 6.8, 5.5], ∫ϰ²/L=[6.7, 8.6, 6.7], C-C-Sep=0.20, ║∇J║=2.3e-02
-----On 8/20 Initial Guess Perturbations
slurmstepd: error: *** JOB 65237823 ON cl004 CANCELLED AT 2025-08-20T01:19:01 ***
