Running initial guess perturbation 16
Coil 0: RMS error: 0.000008, Relative: 0.000005
Max point error: 0.000039, Min point error: 0.000000
Coil 1: RMS error: 0.000005, Relative: 0.000003
Max point error: 0.000020, Min point error: 0.000000
Coil 2: RMS error: 0.000008, Relative: 0.000006
Max point error: 0.000040, Min point error: 0.000000
Overall fit errors: [8.091719083312507e-06, 4.5065704229448126e-06, 7.933188521452294e-06]
Mean fit error: 0.000007

################################################################################
### Perform a Taylor test ######################################################
################################################################################

Iteration 1/2000-----
J=5.0e-01, ⟨Jf⟩=6.0e-02, ⟨B·n⟩=6.1e-02, Len=sum([6.0, 5.7, 5.3])=17.1, ϰ=[12.7, 7.7, 11.6], ∫ϰ²/L>=[9.4, 4.1, 10.8], C-C-Sep=0.01, ║∇J║=1.5e+01
-----On 17/20 Initial Guess Perturbations
Iteration 2/2000-----
J=5.0e-01, ⟨Jf⟩=6.0e-02, ⟨B·n⟩=6.1e-02, Len=sum([6.0, 5.7, 5.3])=17.1, ϰ=[13.4, 8.3, 11.7], ∫ϰ²/L>=[10.8, 6.0, 13.2], C-C-Sep=0.02, ║∇J║=1.5e+01
-----On 17/20 Initial Guess Perturbations
Iteration 3/2000-----
J=5.1e-01, ⟨Jf⟩=6.0e-02, ⟨B·n⟩=6.1e-02, Len=sum([6.0, 5.7, 5.4])=17.1, ϰ=[12.0, 7.9, 11.6], ∫ϰ²/L>=[10.8, 5.6, 13.2], C-C-Sep=0.01, ║∇J║=1.5e+01
-----On 17/20 Initial Guess Perturbations
err -0.1423740894804375
Iteration 4/2000-----
J=5.0e-01, ⟨Jf⟩=6.0e-02, ⟨B·n⟩=6.1e-02, Len=sum([6.0, 5.7, 5.3])=17.1, ϰ=[12.7, 7.7, 11.6], ∫ϰ²/L>=[9.4, 4.2, 10.8], C-C-Sep=0.02, ║∇J║=1.5e+01
-----On 17/20 Initial Guess Perturbations
Iteration 5/2000-----
J=5.0e-01, ⟨Jf⟩=6.0e-02, ⟨B·n⟩=6.1e-02, Len=sum([6.0, 5.7, 5.3])=17.1, ϰ=[12.6, 7.7, 11.6], ∫ϰ²/L>=[9.4, 4.1, 10.8], C-C-Sep=0.01, ║∇J║=1.5e+01
-----On 17/20 Initial Guess Perturbations
err -0.0015111095144213493
slurmstepd: error: *** JOB 65237866 ON cm030 CANCELLED AT 2025-08-20T01:19:01 ***
