Running initial guess perturbation 3
Coil 0: RMS error: 0.000005, Relative: 0.000003
Max point error: 0.000032, Min point error: 0.000000
Coil 1: RMS error: 0.000005, Relative: 0.000002
Max point error: 0.000023, Min point error: 0.000000
Coil 2: RMS error: 0.000003, Relative: 0.000002
Max point error: 0.000022, Min point error: 0.000000
Overall fit errors: [5.297481581667568e-06, 4.877402324519754e-06, 3.257639965216025e-06]
Mean fit error: 0.000004

################################################################################
### Perform a Taylor test ######################################################
################################################################################

Iteration 1/2000-----
J=2.4e-01, ⟨Jf⟩=5.0e-02, ⟨B·n⟩=5.5e-02, Len=sum([5.9, 5.6, 5.9])=17.4, ϰ=[11.7, 5.8, 4.5], ∫ϰ²/L>=[5.7, 2.5, 2.3], C-C-Sep=0.01, ║∇J║=5.5e+00
-----On 4/20 Initial Guess Perturbations
Iteration 2/2000-----
J=2.4e-01, ⟨Jf⟩=5.0e-02, ⟨B·n⟩=5.5e-02, Len=sum([5.9, 5.6, 5.9])=17.5, ϰ=[12.5, 12.2, 7.7], ∫ϰ²/L>=[7.8, 5.0, 3.9], C-C-Sep=0.01, ║∇J║=5.6e+00
-----On 4/20 Initial Guess Perturbations
Iteration 3/2000-----
J=2.4e-01, ⟨Jf⟩=5.0e-02, ⟨B·n⟩=5.5e-02, Len=sum([5.9, 5.6, 5.9])=17.4, ϰ=[11.2, 9.5, 5.9], ∫ϰ²/L>=[6.7, 4.7, 3.7], C-C-Sep=0.01, ║∇J║=5.5e+00
-----On 4/20 Initial Guess Perturbations
err -0.17224845321622662
Iteration 4/2000-----
J=2.4e-01, ⟨Jf⟩=5.0e-02, ⟨B·n⟩=5.5e-02, Len=sum([5.9, 5.6, 5.9])=17.4, ϰ=[11.7, 5.8, 4.6], ∫ϰ²/L>=[5.7, 2.6, 2.3], C-C-Sep=0.01, ║∇J║=5.5e+00
-----On 4/20 Initial Guess Perturbations
Iteration 5/2000-----
J=2.4e-01, ⟨Jf⟩=5.0e-02, ⟨B·n⟩=5.5e-02, Len=sum([5.9, 5.6, 5.9])=17.4, ϰ=[11.6, 5.9, 4.5], ∫ϰ²/L>=[5.6, 2.6, 2.3], C-C-Sep=0.01, ║∇J║=5.5e+00
-----On 4/20 Initial Guess Perturbations
err -0.001835917195434647
slurmstepd: error: *** JOB 65237853 ON cl004 CANCELLED AT 2025-08-20T01:19:01 ***
