Running initial guess perturbation 8
Coil 0: RMS error: 0.000004, Relative: 0.000003
Max point error: 0.000023, Min point error: 0.000000
Coil 1: RMS error: 0.000007, Relative: 0.000004
Max point error: 0.000035, Min point error: 0.000000
Coil 2: RMS error: 0.000005, Relative: 0.000003
Max point error: 0.000025, Min point error: 0.000000
Overall fit errors: [4.134441935420038e-06, 6.6796401994348136e-06, 4.862246367069633e-06]
Mean fit error: 0.000005

################################################################################
### Perform a Taylor test ######################################################
################################################################################

Iteration 1/1000-----
J=5.2e-01, Jf=4.3e-02, ⟨B·n⟩=5.2e-02, Len=sum([5.8, 6.0, 5.4])=17.1, ϰ=[10.6, 7.1, 7.4], ∫ϰ²/L=[2.9, 5.4, 5.8], C-C-Sep=0.04, ║∇J║=1.8e+01
-----On 9/20 Initial Guess Perturbations
Iteration 2/1000-----
J=5.3e-01, Jf=4.3e-02, ⟨B·n⟩=5.1e-02, Len=sum([5.8, 6.0, 5.4])=17.2, ϰ=[11.4, 9.9, 10.1], ∫ϰ²/L=[5.0, 7.4, 8.0], C-C-Sep=0.04, ║∇J║=1.8e+01
-----On 9/20 Initial Guess Perturbations
Iteration 3/1000-----
J=5.2e-01, Jf=4.4e-02, ⟨B·n⟩=5.2e-02, Len=sum([5.8, 6.0, 5.4])=17.2, ϰ=[10.3, 7.0, 7.7], ∫ϰ²/L=[4.7, 6.9, 8.0], C-C-Sep=0.04, ║∇J║=1.8e+01
-----On 9/20 Initial Guess Perturbations
err -0.16925792822665553
Iteration 4/1000-----
J=5.3e-01, Jf=4.3e-02, ⟨B·n⟩=5.2e-02, Len=sum([5.8, 6.0, 5.4])=17.1, ϰ=[10.6, 7.3, 7.4], ∫ϰ²/L=[2.9, 5.4, 5.8], C-C-Sep=0.04, ║∇J║=1.8e+01
-----On 9/20 Initial Guess Perturbations
Iteration 5/1000-----
J=5.2e-01, Jf=4.3e-02, ⟨B·n⟩=5.2e-02, Len=sum([5.8, 6.0, 5.4])=17.1, ϰ=[10.5, 6.9, 7.5], ∫ϰ²/L=[2.9, 5.4, 5.8], C-C-Sep=0.04, ║∇J║=1.8e+01
-----On 9/20 Initial Guess Perturbations
err -0.001709970053735077
Iteration 6/1000-----
J=5.2e-01, Jf=4.3e-02, ⟨B·n⟩=5.2e-02, Len=sum([5.8, 6.0, 5.4])=17.1, ϰ=[10.6, 7.1, 7.4], ∫ϰ²/L=[2.9, 5.4, 5.8], C-C-Sep=0.04, ║∇J║=1.8e+01
-----On 9/20 Initial Guess Perturbations
Iteration 7/1000-----
J=5.2e-01, Jf=4.3e-02, ⟨B·n⟩=5.2e-02, Len=sum([5.8, 6.0, 5.4])=17.1, ϰ=[10.6, 7.1, 7.5], ∫ϰ²/L=[2.9, 5.4, 5.8], C-C-Sep=0.04, ║∇J║=1.8e+01
-----On 9/20 Initial Guess Perturbations
err -1.683788870998626e-05
Iteration 8/1000-----
J=5.2e-01, Jf=4.3e-02, ⟨B·n⟩=5.2e-02, Len=sum([5.8, 6.0, 5.4])=17.1, ϰ=[10.6, 7.1, 7.4], ∫ϰ²/L=[2.9, 5.4, 5.8], C-C-Sep=0.04, ║∇J║=1.8e+01
-----On 9/20 Initial Guess Perturbations
Iteration 9/1000-----
J=5.2e-01, Jf=4.3e-02, ⟨B·n⟩=5.2e-02, Len=sum([5.8, 6.0, 5.4])=17.1, ϰ=[10.6, 7.1, 7.5], ∫ϰ²/L=[2.9, 5.4, 5.8], C-C-Sep=0.04, ║∇J║=1.8e+01
-----On 9/20 Initial Guess Perturbations
err -1.7955288722504292e-07
Iteration 10/1000-----
J=5.2e-01, Jf=4.3e-02, ⟨B·n⟩=5.2e-02, Len=sum([5.8, 6.0, 5.4])=17.1, ϰ=[10.6, 7.1, 7.4], ∫ϰ²/L=[2.9, 5.4, 5.8], C-C-Sep=0.04, ║∇J║=1.8e+01
-----On 9/20 Initial Guess Perturbations
Iteration 11/1000-----
J=5.2e-01, Jf=4.3e-02, ⟨B·n⟩=5.2e-02, Len=sum([5.8, 6.0, 5.4])=17.1, ϰ=[10.6, 7.1, 7.4], ∫ϰ²/L=[2.9, 5.4, 5.8], C-C-Sep=0.04, ║∇J║=1.8e+01
-----On 9/20 Initial Guess Perturbations
err -4.970316602737057e-09

################################################################################
### Run the optimisation #######################################################
################################################################################

Iteration 1/1000-----
J=5.2e-01, Jf=4.3e-02, ⟨B·n⟩=5.2e-02, Len=sum([5.8, 6.0, 5.4])=17.1, ϰ=[10.6, 7.1, 7.4], ∫ϰ²/L=[2.9, 5.4, 5.8], C-C-Sep=0.04, ║∇J║=1.8e+01
-----On 9/20 Initial Guess Perturbations
Iteration 2/1000-----
J=7.5e+00, Jf=1.8e-01, ⟨B·n⟩=1.0e-01, Len=sum([6.0, 14.1, 12.6])=32.7, ϰ=[19.7, 296.7, 192.1], ∫ϰ²/L=[13.6, 138.3, 76.2], C-C-Sep=0.02, ║∇J║=5.9e+01
-----On 9/20 Initial Guess Perturbations
Iteration 3/1000-----
J=1.1e+00, Jf=4.7e-02, ⟨B·n⟩=5.2e-02, Len=sum([5.8, 7.3, 6.8])=19.8, ϰ=[11.5, 49.2, 50.4], ∫ϰ²/L=[4.8, 47.8, 36.7], C-C-Sep=0.03, ║∇J║=2.6e+01
-----On 9/20 Initial Guess Perturbations
Iteration 4/1000-----
J=1.1e-01, Jf=4.4e-02, ⟨B·n⟩=5.2e-02, Len=sum([5.8, 6.0, 5.6])=17.4, ϰ=[11.2, 163.4, 15.6], ∫ϰ²/L=[3.2, 60.2, 16.8], C-C-Sep=0.14, ║∇J║=3.6e+00
-----On 9/20 Initial Guess Perturbations
Iteration 5/1000-----
J=9.3e-02, Jf=4.4e-02, ⟨B·n⟩=5.2e-02, Len=sum([5.8, 6.0, 5.6])=17.3, ϰ=[11.9, 64.8, 42.0], ∫ϰ²/L=[3.5, 25.4, 18.7], C-C-Sep=0.19, ║∇J║=1.3e+00
-----On 9/20 Initial Guess Perturbations
Iteration 6/1000-----
J=8.6e-02, Jf=4.4e-02, ⟨B·n⟩=5.2e-02, Len=sum([5.8, 6.0, 5.5])=17.3, ϰ=[12.5, 34.5, 27.4], ∫ϰ²/L=[3.8, 16.5, 15.3], C-C-Sep=0.20, ║∇J║=9.4e-01
-----On 9/20 Initial Guess Perturbations
Iteration 7/1000-----
J=7.3e-02, Jf=4.3e-02, ⟨B·n⟩=5.1e-02, Len=sum([5.8, 6.0, 5.5])=17.3, ϰ=[14.9, 13.4, 20.0], ∫ϰ²/L=[6.1, 11.1, 15.5], C-C-Sep=0.19, ║∇J║=6.5e-01
-----On 9/20 Initial Guess Perturbations
Iteration 8/1000-----
J=6.9e-02, Jf=4.3e-02, ⟨B·n⟩=5.1e-02, Len=sum([5.8, 6.0, 5.5])=17.3, ϰ=[14.6, 13.0, 18.2], ∫ϰ²/L=[8.2, 13.1, 16.5], C-C-Sep=0.19, ║∇J║=8.6e-01
-----On 9/20 Initial Guess Perturbations
Iteration 9/1000-----
J=6.6e-02, Jf=4.3e-02, ⟨B·n⟩=5.1e-02, Len=sum([5.8, 6.0, 5.5])=17.4, ϰ=[14.3, 14.0, 17.3], ∫ϰ²/L=[9.2, 16.4, 16.6], C-C-Sep=0.19, ║∇J║=5.3e-01
-----On 9/20 Initial Guess Perturbations
Iteration 10/1000-----
J=6.2e-02, Jf=4.2e-02, ⟨B·n⟩=5.1e-02, Len=sum([5.9, 6.1, 5.5])=17.5, ϰ=[14.2, 19.4, 14.7], ∫ϰ²/L=[10.4, 26.8, 16.4], C-C-Sep=0.18, ║∇J║=6.9e-01
-----On 9/20 Initial Guess Perturbations
Iteration 11/1000-----
J=6.1e-02, Jf=4.2e-02, ⟨B·n⟩=5.1e-02, Len=sum([5.9, 6.2, 5.5])=17.5, ϰ=[13.0, 20.9, 12.4], ∫ϰ²/L=[10.0, 29.9, 13.8], C-C-Sep=0.20, ║∇J║=4.8e-01
-----On 9/20 Initial Guess Perturbations
Iteration 12/1000-----
J=5.9e-02, Jf=4.2e-02, ⟨B·n⟩=5.0e-02, Len=sum([5.9, 6.2, 5.5])=17.5, ϰ=[12.5, 20.1, 12.2], ∫ϰ²/L=[10.3, 30.6, 13.6], C-C-Sep=0.19, ║∇J║=2.9e-01
-----On 9/20 Initial Guess Perturbations
Iteration 13/1000-----
J=5.8e-02, Jf=4.1e-02, ⟨B·n⟩=5.0e-02, Len=sum([5.9, 6.2, 5.5])=17.6, ϰ=[12.3, 16.3, 11.7], ∫ϰ²/L=[10.9, 28.6, 13.8], C-C-Sep=0.19, ║∇J║=2.8e-01
-----On 9/20 Initial Guess Perturbations
Iteration 14/1000-----
J=5.7e-02, Jf=4.1e-02, ⟨B·n⟩=5.0e-02, Len=sum([5.9, 6.2, 5.5])=17.6, ϰ=[12.7, 13.9, 10.1], ∫ϰ²/L=[11.0, 24.5, 14.2], C-C-Sep=0.20, ║∇J║=3.1e-01
-----On 9/20 Initial Guess Perturbations
Iteration 15/1000-----
J=5.5e-02, Jf=4.0e-02, ⟨B·n⟩=4.9e-02, Len=sum([5.9, 6.2, 5.5])=17.6, ϰ=[12.4, 12.2, 9.5], ∫ϰ²/L=[10.5, 18.5, 16.2], C-C-Sep=0.19, ║∇J║=3.8e-01
-----On 9/20 Initial Guess Perturbations
Iteration 16/1000-----
J=5.5e-02, Jf=3.9e-02, ⟨B·n⟩=4.8e-02, Len=sum([5.9, 6.2, 5.5])=17.6, ϰ=[11.2, 11.5, 9.1], ∫ϰ²/L=[9.0, 16.2, 16.3], C-C-Sep=0.20, ║∇J║=2.2e-01
-----On 9/20 Initial Guess Perturbations
Iteration 17/1000-----
J=5.4e-02, Jf=3.9e-02, ⟨B·n⟩=4.8e-02, Len=sum([5.9, 6.2, 5.5])=17.6, ϰ=[9.8, 10.9, 9.2], ∫ϰ²/L=[7.7, 15.4, 16.0], C-C-Sep=0.20, ║∇J║=2.0e-01
-----On 9/20 Initial Guess Perturbations
Iteration 18/1000-----
J=5.3e-02, Jf=3.8e-02, ⟨B·n⟩=4.7e-02, Len=sum([5.9, 6.2, 5.5])=17.6, ϰ=[8.7, 10.5, 9.6], ∫ϰ²/L=[6.9, 18.9, 16.2], C-C-Sep=0.20, ║∇J║=2.6e-01
-----On 9/20 Initial Guess Perturbations
Iteration 19/1000-----
J=5.2e-02, Jf=3.6e-02, ⟨B·n⟩=4.6e-02, Len=sum([5.9, 6.3, 5.5])=17.8, ϰ=[9.4, 14.9, 9.4], ∫ϰ²/L=[10.1, 30.0, 16.6], C-C-Sep=0.19, ║∇J║=5.0e-01
-----On 9/20 Initial Guess Perturbations
Iteration 20/1000-----
J=5.1e-02, Jf=3.6e-02, ⟨B·n⟩=4.6e-02, Len=sum([5.9, 6.3, 5.5])=17.7, ϰ=[9.6, 13.8, 9.0], ∫ϰ²/L=[9.1, 23.6, 14.4], C-C-Sep=0.20, ║∇J║=2.2e-01
-----On 9/20 Initial Guess Perturbations
Iteration 21/1000-----
J=5.0e-02, Jf=3.5e-02, ⟨B·n⟩=4.5e-02, Len=sum([5.9, 6.3, 5.5])=17.7, ϰ=[9.0, 13.7, 9.8], ∫ϰ²/L=[10.0, 23.2, 14.0], C-C-Sep=0.20, ║∇J║=2.3e-01
-----On 9/20 Initial Guess Perturbations
Iteration 22/1000-----
J=4.9e-02, Jf=3.3e-02, ⟨B·n⟩=4.4e-02, Len=sum([6.0, 6.3, 5.5])=17.7, ϰ=[9.4, 13.3, 11.8], ∫ϰ²/L=[11.7, 21.1, 15.0], C-C-Sep=0.18, ║∇J║=3.7e-01
-----On 9/20 Initial Guess Perturbations
Iteration 23/1000-----
J=4.8e-02, Jf=3.2e-02, ⟨B·n⟩=4.2e-02, Len=sum([6.0, 6.2, 5.5])=17.7, ϰ=[9.2, 12.0, 12.3], ∫ϰ²/L=[12.3, 18.7, 16.1], C-C-Sep=0.19, ║∇J║=3.9e-01
-----On 9/20 Initial Guess Perturbations
Iteration 24/1000-----
J=4.6e-02, Jf=2.9e-02, ⟨B·n⟩=4.0e-02, Len=sum([6.1, 6.3, 5.5])=17.9, ϰ=[10.1, 15.3, 12.0], ∫ϰ²/L=[15.9, 21.6, 18.7], C-C-Sep=0.18, ║∇J║=4.0e-01
-----On 9/20 Initial Guess Perturbations
Iteration 25/1000-----
J=4.4e-02, Jf=2.7e-02, ⟨B·n⟩=3.8e-02, Len=sum([6.1, 6.4, 5.5])=18.0, ϰ=[8.9, 16.1, 10.4], ∫ϰ²/L=[17.5, 22.6, 18.8], C-C-Sep=0.18, ║∇J║=3.8e-01
-----On 9/20 Initial Guess Perturbations
Iteration 26/1000-----
J=4.3e-02, Jf=2.6e-02, ⟨B·n⟩=3.7e-02, Len=sum([6.2, 6.4, 5.5])=18.1, ϰ=[9.7, 15.2, 10.9], ∫ϰ²/L=[18.9, 23.1, 19.8], C-C-Sep=0.19, ║∇J║=3.6e-01
-----On 9/20 Initial Guess Perturbations
Iteration 27/1000-----
J=4.1e-02, Jf=2.3e-02, ⟨B·n⟩=3.4e-02, Len=sum([6.2, 6.4, 5.6])=18.3, ϰ=[10.4, 12.0, 11.3], ∫ϰ²/L=[20.3, 23.8, 21.3], C-C-Sep=0.19, ║∇J║=3.7e-01
-----On 9/20 Initial Guess Perturbations
Iteration 28/1000-----
J=3.9e-02, Jf=2.2e-02, ⟨B·n⟩=3.3e-02, Len=sum([6.3, 6.5, 5.6])=18.3, ϰ=[10.9, 12.1, 10.8], ∫ϰ²/L=[17.8, 24.2, 20.2], C-C-Sep=0.19, ║∇J║=3.6e-01
-----On 9/20 Initial Guess Perturbations
Iteration 29/1000-----
J=3.8e-02, Jf=1.9e-02, ⟨B·n⟩=3.0e-02, Len=sum([6.4, 6.6, 5.7])=18.7, ϰ=[12.9, 14.1, 12.8], ∫ϰ²/L=[19.3, 29.1, 23.8], C-C-Sep=0.18, ║∇J║=7.1e-01
-----On 9/20 Initial Guess Perturbations
Iteration 30/1000-----
J=3.8e-02, Jf=1.9e-02, ⟨B·n⟩=3.0e-02, Len=sum([6.3, 6.6, 5.6])=18.6, ϰ=[12.3, 15.4, 13.0], ∫ϰ²/L=[15.2, 26.8, 22.3], C-C-Sep=0.19, ║∇J║=7.2e-01
-----On 9/20 Initial Guess Perturbations
Iteration 31/1000-----
J=3.6e-02, Jf=1.9e-02, ⟨B·n⟩=3.0e-02, Len=sum([6.3, 6.6, 5.6])=18.6, ϰ=[11.2, 12.4, 11.3], ∫ϰ²/L=[14.9, 25.0, 20.5], C-C-Sep=0.20, ║∇J║=2.9e-01
-----On 9/20 Initial Guess Perturbations
Iteration 32/1000-----
J=3.5e-02, Jf=1.8e-02, ⟨B·n⟩=2.9e-02, Len=sum([6.4, 6.6, 5.7])=18.7, ϰ=[11.8, 11.2, 11.2], ∫ϰ²/L=[15.7, 25.0, 21.7], C-C-Sep=0.19, ║∇J║=2.3e-01
-----On 9/20 Initial Guess Perturbations
Iteration 33/1000-----
J=3.4e-02, Jf=1.5e-02, ⟨B·n⟩=2.6e-02, Len=sum([6.7, 6.9, 5.9])=19.4, ϰ=[12.4, 11.3, 13.2], ∫ϰ²/L=[20.6, 27.9, 27.4], C-C-Sep=0.17, ║∇J║=9.8e-01
-----On 9/20 Initial Guess Perturbations
Iteration 34/1000-----
J=3.4e-02, Jf=1.7e-02, ⟨B·n⟩=2.7e-02, Len=sum([6.5, 6.7, 5.7])=19.0, ϰ=[12.2, 11.2, 11.9], ∫ϰ²/L=[17.4, 25.9, 23.7], C-C-Sep=0.19, ║∇J║=2.7e-01
-----On 9/20 Initial Guess Perturbations
Iteration 35/1000-----
J=3.5e-02, Jf=1.3e-02, ⟨B·n⟩=2.5e-02, Len=sum([6.8, 7.0, 6.0])=19.8, ϰ=[12.6, 13.0, 14.7], ∫ϰ²/L=[23.7, 29.0, 30.4], C-C-Sep=0.16, ║∇J║=1.3e+00
-----On 9/20 Initial Guess Perturbations
Iteration 36/1000-----
J=3.3e-02, Jf=1.5e-02, ⟨B·n⟩=2.6e-02, Len=sum([6.6, 6.8, 5.8])=19.3, ϰ=[12.5, 11.4, 11.9], ∫ϰ²/L=[19.8, 26.6, 25.7], C-C-Sep=0.18, ║∇J║=3.3e-01
-----On 9/20 Initial Guess Perturbations
Iteration 37/1000-----
J=3.2e-02, Jf=1.4e-02, ⟨B·n⟩=2.6e-02, Len=sum([6.7, 6.9, 5.9])=19.5, ϰ=[11.9, 10.6, 13.3], ∫ϰ²/L=[22.3, 27.1, 25.7], C-C-Sep=0.19, ║∇J║=3.2e-01
-----On 9/20 Initial Guess Perturbations
Iteration 38/1000-----
J=3.1e-02, Jf=1.4e-02, ⟨B·n⟩=2.5e-02, Len=sum([6.8, 7.0, 5.9])=19.6, ϰ=[11.9, 9.9, 14.1], ∫ϰ²/L=[23.3, 26.8, 23.4], C-C-Sep=0.19, ║∇J║=2.1e-01
-----On 9/20 Initial Guess Perturbations
Iteration 39/1000-----
J=3.0e-02, Jf=1.3e-02, ⟨B·n⟩=2.5e-02, Len=sum([6.9, 7.1, 6.0])=20.0, ϰ=[13.4, 10.0, 14.6], ∫ϰ²/L=[26.0, 27.3, 23.0], C-C-Sep=0.19, ║∇J║=2.4e-01
-----On 9/20 Initial Guess Perturbations
Iteration 40/1000-----
J=3.0e-02, Jf=1.3e-02, ⟨B·n⟩=2.5e-02, Len=sum([6.9, 7.0, 5.9])=19.9, ϰ=[12.3, 10.1, 13.1], ∫ϰ²/L=[25.0, 25.6, 20.8], C-C-Sep=0.19, ║∇J║=2.6e-01
-----On 9/20 Initial Guess Perturbations
Iteration 41/1000-----
J=2.9e-02, Jf=1.2e-02, ⟨B·n⟩=2.5e-02, Len=sum([6.9, 7.0, 5.9])=19.9, ϰ=[11.7, 10.0, 12.5], ∫ϰ²/L=[24.3, 24.8, 20.0], C-C-Sep=0.20, ║∇J║=1.4e-01
-----On 9/20 Initial Guess Perturbations
Iteration 42/1000-----
J=2.9e-02, Jf=1.2e-02, ⟨B·n⟩=2.5e-02, Len=sum([7.0, 7.1, 6.0])=20.0, ϰ=[11.8, 9.8, 11.6], ∫ϰ²/L=[23.9, 24.0, 19.6], C-C-Sep=0.20, ║∇J║=1.4e-01
-----On 9/20 Initial Guess Perturbations
Iteration 43/1000-----
J=2.9e-02, Jf=1.2e-02, ⟨B·n⟩=2.4e-02, Len=sum([7.0, 7.1, 6.0])=20.1, ϰ=[12.2, 9.1, 10.2], ∫ϰ²/L=[23.3, 23.1, 18.8], C-C-Sep=0.20, ║∇J║=1.6e-01
-----On 9/20 Initial Guess Perturbations
Iteration 44/1000-----
J=2.8e-02, Jf=1.1e-02, ⟨B·n⟩=2.4e-02, Len=sum([7.0, 7.1, 6.0])=20.1, ϰ=[11.8, 9.5, 10.1], ∫ϰ²/L=[22.6, 22.3, 18.0], C-C-Sep=0.20, ║∇J║=1.7e-01
-----On 9/20 Initial Guess Perturbations
Iteration 45/1000-----
J=2.8e-02, Jf=1.1e-02, ⟨B·n⟩=2.4e-02, Len=sum([7.0, 7.0, 6.0])=20.1, ϰ=[11.2, 9.2, 10.5], ∫ϰ²/L=[22.1, 21.9, 17.2], C-C-Sep=0.20, ║∇J║=1.2e-01
-----On 9/20 Initial Guess Perturbations
Iteration 46/1000-----
J=2.8e-02, Jf=1.1e-02, ⟨B·n⟩=2.4e-02, Len=sum([7.0, 7.0, 6.0])=20.0, ϰ=[12.0, 9.2, 10.6], ∫ϰ²/L=[20.9, 20.9, 16.2], C-C-Sep=0.20, ║∇J║=1.4e-01
-----On 9/20 Initial Guess Perturbations
Iteration 47/1000-----
J=2.7e-02, Jf=1.1e-02, ⟨B·n⟩=2.3e-02, Len=sum([7.0, 7.0, 6.0])=20.0, ϰ=[12.6, 9.0, 10.7], ∫ϰ²/L=[19.9, 19.9, 16.5], C-C-Sep=0.20, ║∇J║=1.9e-01
-----On 9/20 Initial Guess Perturbations
Iteration 48/1000-----
J=2.7e-02, Jf=1.0e-02, ⟨B·n⟩=2.3e-02, Len=sum([7.0, 6.9, 6.0])=20.0, ϰ=[12.8, 9.1, 10.8], ∫ϰ²/L=[19.1, 19.0, 17.4], C-C-Sep=0.20, ║∇J║=1.5e-01
-----On 9/20 Initial Guess Perturbations
Iteration 49/1000-----
J=2.7e-02, Jf=9.9e-03, ⟨B·n⟩=2.2e-02, Len=sum([7.0, 6.9, 6.1])=19.9, ϰ=[12.0, 9.7, 11.0], ∫ϰ²/L=[18.3, 18.3, 18.3], C-C-Sep=0.20, ║∇J║=1.5e-01
-----On 9/20 Initial Guess Perturbations
Iteration 50/1000-----
J=2.6e-02, Jf=9.6e-03, ⟨B·n⟩=2.2e-02, Len=sum([7.0, 6.9, 6.1])=20.0, ϰ=[11.1, 9.7, 10.4], ∫ϰ²/L=[17.9, 18.1, 18.0], C-C-Sep=0.20, ║∇J║=1.4e-01
-----On 9/20 Initial Guess Perturbations
Iteration 51/1000-----
J=2.6e-02, Jf=9.3e-03, ⟨B·n⟩=2.2e-02, Len=sum([7.0, 6.9, 6.1])=20.0, ϰ=[10.5, 9.5, 9.4], ∫ϰ²/L=[17.6, 17.8, 17.5], C-C-Sep=0.19, ║∇J║=1.6e-01
-----On 9/20 Initial Guess Perturbations
Iteration 52/1000-----
J=2.6e-02, Jf=9.5e-03, ⟨B·n⟩=2.2e-02, Len=sum([6.9, 6.8, 6.0])=19.7, ϰ=[12.6, 8.9, 9.9], ∫ϰ²/L=[16.7, 16.9, 17.2], C-C-Sep=0.20, ║∇J║=2.3e-01
-----On 9/20 Initial Guess Perturbations
Iteration 53/1000-----
J=2.6e-02, Jf=9.3e-03, ⟨B·n⟩=2.2e-02, Len=sum([6.9, 6.9, 6.0])=19.9, ϰ=[11.2, 9.1, 8.7], ∫ϰ²/L=[17.1, 17.2, 16.6], C-C-Sep=0.20, ║∇J║=1.4e-01
-----On 9/20 Initial Guess Perturbations
Iteration 54/1000-----
J=2.6e-02, Jf=8.9e-03, ⟨B·n⟩=2.1e-02, Len=sum([7.0, 6.9, 6.1])=19.9, ϰ=[12.2, 8.9, 9.0], ∫ϰ²/L=[17.2, 17.4, 16.9], C-C-Sep=0.19, ║∇J║=2.1e-01
-----On 9/20 Initial Guess Perturbations
Iteration 55/1000-----
J=2.5e-02, Jf=8.8e-03, ⟨B·n⟩=2.1e-02, Len=sum([7.0, 6.9, 6.1])=19.9, ϰ=[11.5, 8.6, 9.4], ∫ϰ²/L=[17.1, 17.1, 16.5], C-C-Sep=0.20, ║∇J║=1.3e-01
-----On 9/20 Initial Guess Perturbations
Iteration 56/1000-----
J=2.5e-02, Jf=8.5e-03, ⟨B·n⟩=2.1e-02, Len=sum([7.0, 6.8, 6.1])=20.0, ϰ=[10.8, 9.0, 10.0], ∫ϰ²/L=[17.0, 17.2, 17.4], C-C-Sep=0.19, ║∇J║=1.6e-01
-----On 9/20 Initial Guess Perturbations
Iteration 57/1000-----
J=2.5e-02, Jf=8.1e-03, ⟨B·n⟩=2.0e-02, Len=sum([7.0, 6.8, 6.1])=20.0, ϰ=[9.7, 8.8, 11.1], ∫ϰ²/L=[16.6, 16.8, 17.5], C-C-Sep=0.20, ║∇J║=1.8e-01
-----On 9/20 Initial Guess Perturbations
Iteration 58/1000-----
J=2.5e-02, Jf=7.6e-03, ⟨B·n⟩=2.0e-02, Len=sum([7.1, 6.8, 6.2])=20.1, ϰ=[9.4, 8.8, 12.0], ∫ϰ²/L=[16.8, 17.4, 19.8], C-C-Sep=0.20, ║∇J║=2.0e-01
-----On 9/20 Initial Guess Perturbations
Iteration 59/1000-----
J=2.4e-02, Jf=7.2e-03, ⟨B·n⟩=2.0e-02, Len=sum([7.1, 6.8, 6.3])=20.2, ϰ=[9.3, 8.8, 12.2], ∫ϰ²/L=[17.3, 17.8, 21.5], C-C-Sep=0.20, ║∇J║=1.4e-01
-----On 9/20 Initial Guess Perturbations
Iteration 60/1000-----
J=2.4e-02, Jf=7.1e-03, ⟨B·n⟩=1.9e-02, Len=sum([7.1, 6.8, 6.2])=20.2, ϰ=[9.2, 8.5, 12.4], ∫ϰ²/L=[16.7, 17.0, 20.6], C-C-Sep=0.19, ║∇J║=1.4e-01
-----On 9/20 Initial Guess Perturbations
Iteration 61/1000-----
J=2.4e-02, Jf=6.8e-03, ⟨B·n⟩=1.9e-02, Len=sum([7.1, 6.8, 6.3])=20.2, ϰ=[8.7, 8.3, 12.3], ∫ϰ²/L=[16.7, 16.8, 21.6], C-C-Sep=0.20, ║∇J║=1.5e-01
-----On 9/20 Initial Guess Perturbations
Iteration 62/1000-----
J=2.3e-02, Jf=6.3e-03, ⟨B·n⟩=1.8e-02, Len=sum([7.1, 6.8, 6.3])=20.2, ϰ=[8.4, 8.1, 12.3], ∫ϰ²/L=[16.9, 17.2, 23.0], C-C-Sep=0.19, ║∇J║=1.7e-01
-----On 9/20 Initial Guess Perturbations
Iteration 63/1000-----
J=2.3e-02, Jf=6.2e-03, ⟨B·n⟩=1.8e-02, Len=sum([7.1, 6.8, 6.3])=20.1, ϰ=[8.0, 7.9, 11.8], ∫ϰ²/L=[16.1, 16.3, 21.5], C-C-Sep=0.20, ║∇J║=1.3e-01
-----On 9/20 Initial Guess Perturbations
Iteration 64/1000-----
J=2.3e-02, Jf=6.1e-03, ⟨B·n⟩=1.8e-02, Len=sum([7.1, 6.7, 6.3])=20.1, ϰ=[7.8, 7.9, 11.7], ∫ϰ²/L=[16.0, 16.2, 21.2], C-C-Sep=0.20, ║∇J║=1.1e-01
-----On 9/20 Initial Guess Perturbations
Iteration 65/1000-----
J=2.3e-02, Jf=5.9e-03, ⟨B·n⟩=1.8e-02, Len=sum([7.1, 6.7, 6.3])=20.1, ϰ=[7.7, 8.5, 11.6], ∫ϰ²/L=[15.4, 15.5, 20.4], C-C-Sep=0.20, ║∇J║=1.1e-01
-----On 9/20 Initial Guess Perturbations
Iteration 66/1000-----
J=2.2e-02, Jf=5.6e-03, ⟨B·n⟩=1.7e-02, Len=sum([7.1, 6.7, 6.3])=20.1, ϰ=[7.4, 9.1, 11.6], ∫ϰ²/L=[14.9, 14.9, 20.1], C-C-Sep=0.20, ║∇J║=1.6e-01
-----On 9/20 Initial Guess Perturbations
Iteration 67/1000-----
J=2.2e-02, Jf=5.5e-03, ⟨B·n⟩=1.7e-02, Len=sum([7.1, 6.6, 6.3])=20.0, ϰ=[7.4, 9.4, 11.7], ∫ϰ²/L=[14.3, 13.9, 19.9], C-C-Sep=0.20, ║∇J║=1.1e-01
-----On 9/20 Initial Guess Perturbations
Iteration 68/1000-----
J=2.2e-02, Jf=5.3e-03, ⟨B·n⟩=1.7e-02, Len=sum([7.1, 6.6, 6.3])=20.0, ϰ=[7.4, 10.1, 12.3], ∫ϰ²/L=[14.5, 14.0, 20.6], C-C-Sep=0.19, ║∇J║=1.6e-01
-----On 9/20 Initial Guess Perturbations
Iteration 69/1000-----
J=2.2e-02, Jf=5.4e-03, ⟨B·n⟩=1.7e-02, Len=sum([7.0, 6.6, 6.3])=19.9, ϰ=[8.2, 10.6, 12.9], ∫ϰ²/L=[13.6, 11.9, 20.4], C-C-Sep=0.19, ║∇J║=2.7e-01
-----On 9/20 Initial Guess Perturbations
Iteration 70/1000-----
J=2.2e-02, Jf=5.3e-03, ⟨B·n⟩=1.7e-02, Len=sum([7.1, 6.6, 6.3])=20.0, ϰ=[7.6, 10.2, 12.5], ∫ϰ²/L=[14.0, 13.1, 20.2], C-C-Sep=0.20, ║∇J║=1.4e-01
-----On 9/20 Initial Guess Perturbations
Iteration 71/1000-----
J=2.2e-02, Jf=5.2e-03, ⟨B·n⟩=1.7e-02, Len=sum([7.1, 6.6, 6.3])=20.0, ϰ=[7.9, 9.9, 12.2], ∫ϰ²/L=[14.0, 13.0, 19.5], C-C-Sep=0.20, ║∇J║=1.1e-01
-----On 9/20 Initial Guess Perturbations
Iteration 72/1000-----
J=2.2e-02, Jf=5.1e-03, ⟨B·n⟩=1.7e-02, Len=sum([7.1, 6.6, 6.3])=20.0, ϰ=[8.3, 9.7, 12.1], ∫ϰ²/L=[14.1, 12.8, 19.0], C-C-Sep=0.20, ║∇J║=9.4e-02
-----On 9/20 Initial Guess Perturbations
Iteration 73/1000-----
J=2.1e-02, Jf=4.9e-03, ⟨B·n⟩=1.6e-02, Len=sum([7.1, 6.6, 6.4])=20.0, ϰ=[9.1, 9.4, 12.2], ∫ϰ²/L=[14.5, 12.7, 18.7], C-C-Sep=0.19, ║∇J║=1.3e-01
-----On 9/20 Initial Guess Perturbations
Iteration 74/1000-----
J=2.1e-02, Jf=4.7e-03, ⟨B·n⟩=1.6e-02, Len=sum([7.1, 6.5, 6.4])=20.0, ϰ=[9.2, 9.4, 12.5], ∫ϰ²/L=[14.5, 11.9, 18.0], C-C-Sep=0.20, ║∇J║=1.4e-01
-----On 9/20 Initial Guess Perturbations
Iteration 75/1000-----
J=2.1e-02, Jf=4.5e-03, ⟨B·n⟩=1.6e-02, Len=sum([7.1, 6.5, 6.4])=20.0, ϰ=[8.8, 9.4, 12.2], ∫ϰ²/L=[14.8, 11.7, 18.2], C-C-Sep=0.20, ║∇J║=1.2e-01
-----On 9/20 Initial Guess Perturbations
Iteration 76/1000-----
J=2.1e-02, Jf=4.3e-03, ⟨B·n⟩=1.6e-02, Len=sum([7.1, 6.5, 6.4])=20.0, ϰ=[8.3, 9.7, 11.8], ∫ϰ²/L=[15.5, 11.6, 18.8], C-C-Sep=0.20, ║∇J║=1.0e-01
-----On 9/20 Initial Guess Perturbations
Iteration 77/1000-----
J=2.1e-02, Jf=4.2e-03, ⟨B·n⟩=1.5e-02, Len=sum([7.1, 6.5, 6.4])=20.0, ϰ=[8.3, 9.8, 11.5], ∫ϰ²/L=[15.9, 11.0, 19.0], C-C-Sep=0.20, ║∇J║=1.3e-01
-----On 9/20 Initial Guess Perturbations
Iteration 78/1000-----
J=2.1e-02, Jf=3.8e-03, ⟨B·n⟩=1.5e-02, Len=sum([7.1, 6.5, 6.5])=20.1, ϰ=[8.8, 9.6, 11.3], ∫ϰ²/L=[16.7, 11.7, 20.0], C-C-Sep=0.18, ║∇J║=2.7e-01
-----On 9/20 Initial Guess Perturbations
Iteration 79/1000-----
J=2.0e-02, Jf=4.0e-03, ⟨B·n⟩=1.5e-02, Len=sum([7.1, 6.5, 6.5])=20.0, ϰ=[8.5, 9.6, 11.4], ∫ϰ²/L=[16.2, 11.2, 19.4], C-C-Sep=0.19, ║∇J║=1.1e-01
-----On 9/20 Initial Guess Perturbations
Iteration 80/1000-----
J=2.0e-02, Jf=4.0e-03, ⟨B·n⟩=1.5e-02, Len=sum([7.1, 6.5, 6.4])=20.0, ϰ=[8.5, 8.9, 11.5], ∫ϰ²/L=[15.0, 10.4, 18.1], C-C-Sep=0.20, ║∇J║=1.6e-01
-----On 9/20 Initial Guess Perturbations
Iteration 81/1000-----
J=2.0e-02, Jf=3.9e-03, ⟨B·n⟩=1.5e-02, Len=sum([7.1, 6.5, 6.4])=20.0, ϰ=[8.3, 9.0, 11.0], ∫ϰ²/L=[15.2, 10.5, 18.2], C-C-Sep=0.20, ║∇J║=8.5e-02
-----On 9/20 Initial Guess Perturbations
Iteration 82/1000-----
J=2.0e-02, Jf=3.8e-03, ⟨B·n⟩=1.5e-02, Len=sum([7.1, 6.5, 6.5])=20.0, ϰ=[8.3, 8.8, 10.8], ∫ϰ²/L=[15.4, 10.5, 18.3], C-C-Sep=0.19, ║∇J║=8.5e-02
-----On 9/20 Initial Guess Perturbations
Iteration 83/1000-----
J=2.0e-02, Jf=3.7e-03, ⟨B·n⟩=1.5e-02, Len=sum([7.1, 6.5, 6.5])=20.0, ϰ=[8.5, 8.7, 10.8], ∫ϰ²/L=[15.4, 10.4, 17.7], C-C-Sep=0.19, ║∇J║=9.5e-02
-----On 9/20 Initial Guess Perturbations
Iteration 84/1000-----
J=2.0e-02, Jf=3.4e-03, ⟨B·n⟩=1.4e-02, Len=sum([7.1, 6.4, 6.5])=20.0, ϰ=[9.3, 8.2, 11.0], ∫ϰ²/L=[15.4, 10.8, 17.0], C-C-Sep=0.20, ║∇J║=1.4e-01
-----On 9/20 Initial Guess Perturbations
Iteration 85/1000-----
J=2.0e-02, Jf=3.2e-03, ⟨B·n⟩=1.4e-02, Len=sum([7.1, 6.4, 6.5])=20.1, ϰ=[9.7, 8.5, 11.2], ∫ϰ²/L=[16.0, 11.8, 17.1], C-C-Sep=0.19, ║∇J║=1.5e-01
-----On 9/20 Initial Guess Perturbations
Iteration 86/1000-----
J=2.0e-02, Jf=3.2e-03, ⟨B·n⟩=1.4e-02, Len=sum([7.1, 6.4, 6.5])=20.0, ϰ=[9.3, 8.4, 11.5], ∫ϰ²/L=[15.4, 10.9, 16.6], C-C-Sep=0.20, ║∇J║=8.3e-02
-----On 9/20 Initial Guess Perturbations
Iteration 87/1000-----
J=1.9e-02, Jf=3.1e-03, ⟨B·n⟩=1.4e-02, Len=sum([7.1, 6.4, 6.5])=20.0, ϰ=[9.1, 8.7, 11.2], ∫ϰ²/L=[15.4, 11.2, 16.5], C-C-Sep=0.20, ║∇J║=8.2e-02
-----On 9/20 Initial Guess Perturbations
Iteration 88/1000-----
J=1.9e-02, Jf=3.0e-03, ⟨B·n⟩=1.3e-02, Len=sum([7.1, 6.4, 6.5])=20.0, ϰ=[9.2, 9.0, 11.1], ∫ϰ²/L=[15.6, 11.5, 16.5], C-C-Sep=0.20, ║∇J║=8.4e-02
-----On 9/20 Initial Guess Perturbations
Iteration 89/1000-----
J=1.9e-02, Jf=2.7e-03, ⟨B·n⟩=1.3e-02, Len=sum([7.1, 6.4, 6.5])=20.1, ϰ=[9.4, 9.1, 11.1], ∫ϰ²/L=[16.0, 12.8, 17.4], C-C-Sep=0.20, ║∇J║=1.4e-01
-----On 9/20 Initial Guess Perturbations
Iteration 90/1000-----
J=1.9e-02, Jf=2.6e-03, ⟨B·n⟩=1.2e-02, Len=sum([7.1, 6.4, 6.5])=20.1, ϰ=[9.3, 9.0, 11.0], ∫ϰ²/L=[15.9, 12.7, 17.3], C-C-Sep=0.20, ║∇J║=9.2e-02
-----On 9/20 Initial Guess Perturbations
Iteration 91/1000-----
J=1.9e-02, Jf=2.6e-03, ⟨B·n⟩=1.2e-02, Len=sum([7.1, 6.4, 6.5])=20.1, ϰ=[9.3, 8.8, 11.2], ∫ϰ²/L=[15.5, 12.1, 16.9], C-C-Sep=0.20, ║∇J║=7.3e-02
-----On 9/20 Initial Guess Perturbations
Iteration 92/1000-----
J=1.9e-02, Jf=2.5e-03, ⟨B·n⟩=1.2e-02, Len=sum([7.1, 6.4, 6.5])=20.1, ϰ=[9.6, 8.4, 11.2], ∫ϰ²/L=[15.3, 12.0, 16.8], C-C-Sep=0.20, ║∇J║=7.6e-02
-----On 9/20 Initial Guess Perturbations
Iteration 93/1000-----
J=1.9e-02, Jf=2.4e-03, ⟨B·n⟩=1.2e-02, Len=sum([7.1, 6.4, 6.5])=20.0, ϰ=[9.9, 8.8, 11.3], ∫ϰ²/L=[14.9, 11.7, 17.2], C-C-Sep=0.19, ║∇J║=1.1e-01
-----On 9/20 Initial Guess Perturbations
Iteration 94/1000-----
J=1.9e-02, Jf=2.4e-03, ⟨B·n⟩=1.2e-02, Len=sum([7.1, 6.4, 6.5])=20.0, ϰ=[9.8, 8.6, 11.2], ∫ϰ²/L=[14.7, 11.5, 17.2], C-C-Sep=0.20, ║∇J║=6.9e-02
-----On 9/20 Initial Guess Perturbations
Iteration 95/1000-----
J=1.9e-02, Jf=2.3e-03, ⟨B·n⟩=1.1e-02, Len=sum([7.1, 6.4, 6.5])=20.0, ϰ=[9.6, 8.9, 10.7], ∫ϰ²/L=[14.7, 11.6, 17.4], C-C-Sep=0.20, ║∇J║=6.8e-02
-----On 9/20 Initial Guess Perturbations
Iteration 96/1000-----
J=1.8e-02, Jf=2.3e-03, ⟨B·n⟩=1.1e-02, Len=sum([7.1, 6.4, 6.5])=20.0, ϰ=[9.2, 9.0, 10.8], ∫ϰ²/L=[14.3, 11.1, 16.9], C-C-Sep=0.20, ║∇J║=8.4e-02
-----On 9/20 Initial Guess Perturbations
Iteration 97/1000-----
J=1.8e-02, Jf=2.2e-03, ⟨B·n⟩=1.1e-02, Len=sum([7.1, 6.4, 6.5])=20.0, ϰ=[8.8, 9.0, 11.3], ∫ϰ²/L=[14.2, 11.1, 16.9], C-C-Sep=0.20, ║∇J║=8.0e-02
-----On 9/20 Initial Guess Perturbations
Iteration 98/1000-----
J=1.8e-02, Jf=2.1e-03, ⟨B·n⟩=1.1e-02, Len=sum([7.1, 6.3, 6.5])=19.9, ϰ=[8.3, 8.7, 11.2], ∫ϰ²/L=[13.8, 10.4, 16.6], C-C-Sep=0.20, ║∇J║=6.9e-02
-----On 9/20 Initial Guess Perturbations
Iteration 99/1000-----
J=1.8e-02, Jf=2.1e-03, ⟨B·n⟩=1.1e-02, Len=sum([7.1, 6.3, 6.5])=19.9, ϰ=[8.3, 8.5, 11.4], ∫ϰ²/L=[13.6, 10.4, 16.7], C-C-Sep=0.20, ║∇J║=7.9e-02
-----On 9/20 Initial Guess Perturbations
Iteration 100/1000-----
J=1.8e-02, Jf=2.1e-03, ⟨B·n⟩=1.1e-02, Len=sum([7.0, 6.3, 6.5])=19.9, ϰ=[8.1, 8.3, 11.5], ∫ϰ²/L=[13.2, 10.1, 16.5], C-C-Sep=0.20, ║∇J║=6.3e-02
-----On 9/20 Initial Guess Perturbations
Iteration 101/1000-----
J=1.8e-02, Jf=2.1e-03, ⟨B·n⟩=1.0e-02, Len=sum([7.0, 6.3, 6.5])=19.8, ϰ=[8.1, 8.2, 11.3], ∫ϰ²/L=[12.8, 9.9, 16.4], C-C-Sep=0.20, ║∇J║=5.5e-02
-----On 9/20 Initial Guess Perturbations
Iteration 102/1000-----
J=1.8e-02, Jf=2.0e-03, ⟨B·n⟩=1.0e-02, Len=sum([7.0, 6.3, 6.5])=19.8, ϰ=[7.9, 8.1, 11.1], ∫ϰ²/L=[12.3, 9.7, 16.3], C-C-Sep=0.20, ║∇J║=6.7e-02
-----On 9/20 Initial Guess Perturbations
Iteration 103/1000-----
J=1.8e-02, Jf=2.0e-03, ⟨B·n⟩=1.0e-02, Len=sum([7.0, 6.3, 6.5])=19.7, ϰ=[7.7, 8.2, 10.8], ∫ϰ²/L=[11.7, 9.7, 16.2], C-C-Sep=0.20, ║∇J║=7.9e-02
-----On 9/20 Initial Guess Perturbations
Iteration 104/1000-----
J=1.8e-02, Jf=1.9e-03, ⟨B·n⟩=1.0e-02, Len=sum([7.0, 6.3, 6.4])=19.6, ϰ=[7.4, 8.0, 10.6], ∫ϰ²/L=[11.1, 9.5, 16.0], C-C-Sep=0.20, ║∇J║=6.5e-02
-----On 9/20 Initial Guess Perturbations
Iteration 105/1000-----
J=1.8e-02, Jf=1.9e-03, ⟨B·n⟩=9.9e-03, Len=sum([6.9, 6.2, 6.4])=19.6, ϰ=[7.0, 7.8, 10.9], ∫ϰ²/L=[10.6, 9.1, 15.9], C-C-Sep=0.20, ║∇J║=7.1e-02
-----On 9/20 Initial Guess Perturbations
Iteration 106/1000-----
J=1.8e-02, Jf=1.9e-03, ⟨B·n⟩=9.8e-03, Len=sum([6.9, 6.2, 6.4])=19.6, ϰ=[6.8, 8.0, 11.0], ∫ϰ²/L=[10.4, 8.7, 15.7], C-C-Sep=0.20, ║∇J║=7.4e-02
-----On 9/20 Initial Guess Perturbations
Iteration 107/1000-----
J=1.8e-02, Jf=1.9e-03, ⟨B·n⟩=9.7e-03, Len=sum([6.9, 6.2, 6.4])=19.5, ϰ=[6.9, 8.0, 11.0], ∫ϰ²/L=[10.3, 8.8, 15.7], C-C-Sep=0.20, ║∇J║=5.8e-02
-----On 9/20 Initial Guess Perturbations
Iteration 108/1000-----
J=1.8e-02, Jf=1.8e-03, ⟨B·n⟩=9.6e-03, Len=sum([6.9, 6.2, 6.4])=19.5, ϰ=[7.0, 7.9, 11.0], ∫ϰ²/L=[10.2, 8.7, 15.5], C-C-Sep=0.20, ║∇J║=6.9e-02
-----On 9/20 Initial Guess Perturbations
Iteration 109/1000-----
J=1.8e-02, Jf=1.8e-03, ⟨B·n⟩=9.5e-03, Len=sum([6.9, 6.2, 6.4])=19.5, ϰ=[6.8, 8.0, 11.0], ∫ϰ²/L=[10.1, 9.0, 15.5], C-C-Sep=0.20, ║∇J║=8.0e-02
-----On 9/20 Initial Guess Perturbations
Iteration 110/1000-----
J=1.7e-02, Jf=1.8e-03, ⟨B·n⟩=9.4e-03, Len=sum([6.9, 6.2, 6.4])=19.4, ϰ=[6.6, 7.8, 10.9], ∫ϰ²/L=[10.1, 9.0, 15.4], C-C-Sep=0.20, ║∇J║=5.5e-02
-----On 9/20 Initial Guess Perturbations
Iteration 111/1000-----
J=1.7e-02, Jf=1.8e-03, ⟨B·n⟩=9.5e-03, Len=sum([6.9, 6.2, 6.4])=19.4, ϰ=[6.4, 7.7, 11.3], ∫ϰ²/L=[9.7, 8.6, 15.2], C-C-Sep=0.20, ║∇J║=6.3e-02
-----On 9/20 Initial Guess Perturbations
Iteration 112/1000-----
J=1.7e-02, Jf=1.8e-03, ⟨B·n⟩=9.3e-03, Len=sum([6.9, 6.2, 6.4])=19.4, ϰ=[6.5, 7.6, 11.1], ∫ϰ²/L=[9.8, 8.9, 15.3], C-C-Sep=0.20, ║∇J║=6.0e-02
-----On 9/20 Initial Guess Perturbations
Iteration 113/1000-----
J=1.7e-02, Jf=1.8e-03, ⟨B·n⟩=9.3e-03, Len=sum([6.9, 6.2, 6.3])=19.3, ϰ=[6.4, 7.5, 11.3], ∫ϰ²/L=[9.8, 8.7, 15.4], C-C-Sep=0.20, ║∇J║=6.1e-02
-----On 9/20 Initial Guess Perturbations
Iteration 114/1000-----
J=1.7e-02, Jf=1.8e-03, ⟨B·n⟩=9.2e-03, Len=sum([6.8, 6.1, 6.3])=19.3, ϰ=[6.4, 7.5, 11.4], ∫ϰ²/L=[9.7, 8.5, 15.4], C-C-Sep=0.20, ║∇J║=5.2e-02
-----On 9/20 Initial Guess Perturbations
Iteration 115/1000-----
J=1.7e-02, Jf=1.7e-03, ⟨B·n⟩=9.1e-03, Len=sum([6.8, 6.1, 6.3])=19.2, ϰ=[6.7, 7.3, 11.7], ∫ϰ²/L=[9.8, 8.3, 15.9], C-C-Sep=0.20, ║∇J║=5.9e-02
-----On 9/20 Initial Guess Perturbations
Iteration 116/1000-----
J=1.7e-02, Jf=1.7e-03, ⟨B·n⟩=9.0e-03, Len=sum([6.8, 6.1, 6.3])=19.2, ϰ=[6.5, 7.2, 12.2], ∫ϰ²/L=[9.8, 8.0, 16.1], C-C-Sep=0.20, ║∇J║=7.2e-02
-----On 9/20 Initial Guess Perturbations
Iteration 117/1000-----
J=1.7e-02, Jf=1.7e-03, ⟨B·n⟩=8.9e-03, Len=sum([6.8, 6.1, 6.3])=19.2, ϰ=[6.5, 7.1, 12.1], ∫ϰ²/L=[9.7, 7.8, 16.1], C-C-Sep=0.20, ║∇J║=5.2e-02
-----On 9/20 Initial Guess Perturbations
Iteration 118/1000-----
J=1.7e-02, Jf=1.7e-03, ⟨B·n⟩=8.8e-03, Len=sum([6.8, 6.1, 6.3])=19.1, ϰ=[6.6, 6.9, 12.0], ∫ϰ²/L=[9.6, 7.6, 16.1], C-C-Sep=0.20, ║∇J║=4.6e-02
-----On 9/20 Initial Guess Perturbations
Iteration 119/1000-----
J=1.7e-02, Jf=1.6e-03, ⟨B·n⟩=8.7e-03, Len=sum([6.8, 6.1, 6.3])=19.1, ϰ=[6.7, 6.7, 12.0], ∫ϰ²/L=[9.5, 7.4, 16.1], C-C-Sep=0.20, ║∇J║=6.7e-02
-----On 9/20 Initial Guess Perturbations
Iteration 120/1000-----
J=1.7e-02, Jf=1.6e-03, ⟨B·n⟩=8.6e-03, Len=sum([6.7, 6.0, 6.3])=19.0, ϰ=[6.7, 6.5, 12.1], ∫ϰ²/L=[9.6, 7.5, 16.2], C-C-Sep=0.20, ║∇J║=6.3e-02
-----On 9/20 Initial Guess Perturbations
Iteration 121/1000-----
J=1.7e-02, Jf=1.6e-03, ⟨B·n⟩=8.6e-03, Len=sum([6.7, 6.0, 6.3])=19.0, ϰ=[6.5, 6.4, 12.0], ∫ϰ²/L=[9.4, 7.4, 16.0], C-C-Sep=0.20, ║∇J║=5.3e-02
-----On 9/20 Initial Guess Perturbations
Iteration 122/1000-----
J=1.7e-02, Jf=1.6e-03, ⟨B·n⟩=8.5e-03, Len=sum([6.7, 6.0, 6.2])=18.9, ϰ=[6.5, 6.4, 12.3], ∫ϰ²/L=[9.9, 7.8, 16.3], C-C-Sep=0.20, ║∇J║=1.0e-01
-----On 9/20 Initial Guess Perturbations
Iteration 123/1000-----
J=1.7e-02, Jf=1.6e-03, ⟨B·n⟩=8.5e-03, Len=sum([6.7, 6.0, 6.2])=18.9, ϰ=[6.9, 6.7, 12.7], ∫ϰ²/L=[9.5, 7.7, 16.3], C-C-Sep=0.20, ║∇J║=6.7e-02
-----On 9/20 Initial Guess Perturbations
Iteration 124/1000-----
J=1.7e-02, Jf=1.6e-03, ⟨B·n⟩=8.5e-03, Len=sum([6.7, 6.0, 6.2])=18.9, ϰ=[6.9, 6.5, 12.5], ∫ϰ²/L=[9.5, 7.4, 16.0], C-C-Sep=0.20, ║∇J║=5.1e-02
-----On 9/20 Initial Guess Perturbations
Iteration 125/1000-----
J=1.7e-02, Jf=1.6e-03, ⟨B·n⟩=8.4e-03, Len=sum([6.7, 6.0, 6.2])=18.9, ϰ=[6.9, 6.6, 12.5], ∫ϰ²/L=[9.7, 7.6, 16.2], C-C-Sep=0.20, ║∇J║=4.1e-02
-----On 9/20 Initial Guess Perturbations
Iteration 126/1000-----
J=1.7e-02, Jf=1.5e-03, ⟨B·n⟩=8.2e-03, Len=sum([6.6, 6.0, 6.2])=18.8, ϰ=[7.0, 6.7, 12.7], ∫ϰ²/L=[10.2, 8.0, 16.9], C-C-Sep=0.19, ║∇J║=7.8e-02
-----On 9/20 Initial Guess Perturbations
Iteration 127/1000-----
J=1.7e-02, Jf=1.5e-03, ⟨B·n⟩=8.3e-03, Len=sum([6.6, 5.9, 6.2])=18.8, ϰ=[6.8, 6.1, 12.6], ∫ϰ²/L=[9.9, 7.3, 17.1], C-C-Sep=0.20, ║∇J║=9.9e-02
-----On 9/20 Initial Guess Perturbations
Iteration 128/1000-----
J=1.7e-02, Jf=1.5e-03, ⟨B·n⟩=8.3e-03, Len=sum([6.6, 5.9, 6.2])=18.8, ϰ=[7.0, 6.3, 12.6], ∫ϰ²/L=[9.6, 7.4, 16.8], C-C-Sep=0.20, ║∇J║=5.3e-02
-----On 9/20 Initial Guess Perturbations
Iteration 129/1000-----
J=1.7e-02, Jf=1.5e-03, ⟨B·n⟩=8.2e-03, Len=sum([6.6, 5.9, 6.2])=18.7, ϰ=[7.1, 6.6, 12.7], ∫ϰ²/L=[9.4, 7.6, 16.9], C-C-Sep=0.20, ║∇J║=4.2e-02
-----On 9/20 Initial Guess Perturbations
Iteration 130/1000-----
J=1.7e-02, Jf=1.5e-03, ⟨B·n⟩=8.2e-03, Len=sum([6.6, 5.9, 6.2])=18.7, ϰ=[7.3, 7.2, 12.9], ∫ϰ²/L=[9.5, 8.0, 17.5], C-C-Sep=0.19, ║∇J║=8.9e-02
-----On 9/20 Initial Guess Perturbations
Iteration 131/1000-----
J=1.7e-02, Jf=1.5e-03, ⟨B·n⟩=8.2e-03, Len=sum([6.6, 5.9, 6.2])=18.6, ϰ=[7.4, 6.5, 13.3], ∫ϰ²/L=[8.9, 7.0, 17.2], C-C-Sep=0.20, ║∇J║=7.4e-02
-----On 9/20 Initial Guess Perturbations
Iteration 132/1000-----
J=1.6e-02, Jf=1.4e-03, ⟨B·n⟩=8.1e-03, Len=sum([6.6, 5.9, 6.2])=18.6, ϰ=[7.3, 6.5, 13.2], ∫ϰ²/L=[8.9, 6.8, 17.3], C-C-Sep=0.20, ║∇J║=5.2e-02
-----On 9/20 Initial Guess Perturbations
Iteration 133/1000-----
J=1.6e-02, Jf=1.4e-03, ⟨B·n⟩=8.1e-03, Len=sum([6.5, 5.9, 6.2])=18.6, ϰ=[7.2, 6.5, 13.2], ∫ϰ²/L=[9.0, 6.8, 17.6], C-C-Sep=0.20, ║∇J║=4.7e-02
-----On 9/20 Initial Guess Perturbations
Iteration 134/1000-----
J=1.6e-02, Jf=1.4e-03, ⟨B·n⟩=8.0e-03, Len=sum([6.5, 5.9, 6.1])=18.5, ϰ=[7.2, 6.7, 13.3], ∫ϰ²/L=[9.2, 7.0, 18.3], C-C-Sep=0.20, ║∇J║=6.3e-02
-----On 9/20 Initial Guess Perturbations
Iteration 135/1000-----
J=1.6e-02, Jf=1.4e-03, ⟨B·n⟩=8.0e-03, Len=sum([6.5, 5.8, 6.1])=18.4, ϰ=[7.4, 6.5, 13.5], ∫ϰ²/L=[9.3, 7.1, 18.7], C-C-Sep=0.20, ║∇J║=6.8e-02
-----On 9/20 Initial Guess Perturbations
Iteration 136/1000-----
J=1.6e-02, Jf=1.4e-03, ⟨B·n⟩=7.9e-03, Len=sum([6.5, 5.8, 6.1])=18.4, ϰ=[7.6, 6.1, 13.6], ∫ϰ²/L=[9.2, 6.9, 18.4], C-C-Sep=0.20, ║∇J║=4.9e-02
-----On 9/20 Initial Guess Perturbations
Iteration 137/1000-----
J=1.6e-02, Jf=1.4e-03, ⟨B·n⟩=7.9e-03, Len=sum([6.4, 5.8, 6.1])=18.4, ϰ=[7.7, 5.9, 13.8], ∫ϰ²/L=[9.3, 6.9, 18.4], C-C-Sep=0.20, ║∇J║=5.1e-02
-----On 9/20 Initial Guess Perturbations
Iteration 138/1000-----
J=1.6e-02, Jf=1.3e-03, ⟨B·n⟩=7.9e-03, Len=sum([6.4, 5.8, 6.1])=18.3, ϰ=[7.7, 5.7, 13.9], ∫ϰ²/L=[9.2, 7.0, 18.4], C-C-Sep=0.20, ║∇J║=9.3e-02
-----On 9/20 Initial Guess Perturbations
Iteration 139/1000-----
J=1.6e-02, Jf=1.3e-03, ⟨B·n⟩=7.9e-03, Len=sum([6.4, 5.8, 6.1])=18.3, ϰ=[7.5, 5.5, 13.9], ∫ϰ²/L=[9.1, 7.0, 18.5], C-C-Sep=0.20, ║∇J║=5.5e-02
-----On 9/20 Initial Guess Perturbations
Iteration 140/1000-----
J=1.6e-02, Jf=1.3e-03, ⟨B·n⟩=7.9e-03, Len=sum([6.4, 5.8, 6.1])=18.3, ϰ=[7.2, 5.7, 13.7], ∫ϰ²/L=[8.9, 7.1, 18.5], C-C-Sep=0.20, ║∇J║=5.4e-02
-----On 9/20 Initial Guess Perturbations
Iteration 141/1000-----
J=1.6e-02, Jf=1.3e-03, ⟨B·n⟩=7.9e-03, Len=sum([6.4, 5.8, 6.1])=18.3, ϰ=[7.0, 5.6, 13.6], ∫ϰ²/L=[8.8, 7.1, 18.6], C-C-Sep=0.20, ║∇J║=3.9e-02
-----On 9/20 Initial Guess Perturbations
Iteration 142/1000-----
J=1.6e-02, Jf=1.3e-03, ⟨B·n⟩=7.9e-03, Len=sum([6.4, 5.8, 6.1])=18.2, ϰ=[6.9, 5.6, 13.7], ∫ϰ²/L=[8.7, 7.2, 18.8], C-C-Sep=0.20, ║∇J║=4.3e-02
-----On 9/20 Initial Guess Perturbations
Iteration 143/1000-----
J=1.6e-02, Jf=1.3e-03, ⟨B·n⟩=7.9e-03, Len=sum([6.4, 5.8, 6.1])=18.2, ϰ=[6.9, 5.5, 13.5], ∫ϰ²/L=[8.3, 6.8, 18.7], C-C-Sep=0.20, ║∇J║=6.4e-02
-----On 9/20 Initial Guess Perturbations
Iteration 144/1000-----
J=1.6e-02, Jf=1.3e-03, ⟨B·n⟩=7.9e-03, Len=sum([6.3, 5.7, 6.1])=18.2, ϰ=[7.0, 5.5, 13.7], ∫ϰ²/L=[8.2, 6.8, 18.4], C-C-Sep=0.20, ║∇J║=5.2e-02
-----On 9/20 Initial Guess Perturbations
Iteration 145/1000-----
J=1.6e-02, Jf=1.3e-03, ⟨B·n⟩=7.9e-03, Len=sum([6.3, 5.7, 6.1])=18.1, ϰ=[7.1, 5.5, 13.9], ∫ϰ²/L=[8.2, 6.8, 18.3], C-C-Sep=0.20, ║∇J║=4.2e-02
-----On 9/20 Initial Guess Perturbations
Iteration 146/1000-----
J=1.6e-02, Jf=1.3e-03, ⟨B·n⟩=7.9e-03, Len=sum([6.3, 5.7, 6.0])=18.1, ϰ=[7.0, 5.4, 14.2], ∫ϰ²/L=[8.0, 6.6, 18.1], C-C-Sep=0.20, ║∇J║=4.7e-02
-----On 9/20 Initial Guess Perturbations
Iteration 147/1000-----
J=1.6e-02, Jf=1.3e-03, ⟨B·n⟩=7.9e-03, Len=sum([6.3, 5.7, 6.0])=18.0, ϰ=[6.9, 5.3, 14.3], ∫ϰ²/L=[8.0, 6.5, 18.2], C-C-Sep=0.20, ║∇J║=5.9e-02
-----On 9/20 Initial Guess Perturbations
Iteration 148/1000-----
J=1.6e-02, Jf=1.3e-03, ⟨B·n⟩=7.8e-03, Len=sum([6.3, 5.7, 6.0])=18.0, ϰ=[7.0, 5.2, 14.1], ∫ϰ²/L=[7.9, 6.4, 18.2], C-C-Sep=0.20, ║∇J║=4.8e-02
-----On 9/20 Initial Guess Perturbations
Iteration 149/1000-----
J=1.6e-02, Jf=1.3e-03, ⟨B·n⟩=7.8e-03, Len=sum([6.3, 5.7, 6.0])=18.0, ϰ=[7.0, 5.4, 13.5], ∫ϰ²/L=[8.0, 6.5, 18.3], C-C-Sep=0.20, ║∇J║=4.8e-02
-----On 9/20 Initial Guess Perturbations
Iteration 150/1000-----
J=1.6e-02, Jf=1.3e-03, ⟨B·n⟩=7.8e-03, Len=sum([6.3, 5.7, 6.0])=17.9, ϰ=[7.3, 5.4, 13.2], ∫ϰ²/L=[7.9, 6.4, 18.0], C-C-Sep=0.20, ║∇J║=4.8e-02
-----On 9/20 Initial Guess Perturbations
Iteration 151/1000-----
J=1.6e-02, Jf=1.2e-03, ⟨B·n⟩=7.8e-03, Len=sum([6.2, 5.6, 6.0])=17.9, ϰ=[7.7, 5.5, 13.2], ∫ϰ²/L=[8.2, 6.9, 18.0], C-C-Sep=0.19, ║∇J║=6.6e-02
-----On 9/20 Initial Guess Perturbations
Iteration 152/1000-----
J=1.6e-02, Jf=1.2e-03, ⟨B·n⟩=7.7e-03, Len=sum([6.2, 5.6, 6.0])=17.9, ϰ=[7.8, 5.0, 13.3], ∫ϰ²/L=[7.5, 6.0, 17.2], C-C-Sep=0.20, ║∇J║=6.2e-02
-----On 9/20 Initial Guess Perturbations
Iteration 153/1000-----
J=1.6e-02, Jf=1.2e-03, ⟨B·n⟩=7.7e-03, Len=sum([6.2, 5.6, 6.0])=17.9, ϰ=[7.6, 5.4, 13.5], ∫ϰ²/L=[7.6, 5.9, 17.0], C-C-Sep=0.20, ║∇J║=5.2e-02
-----On 9/20 Initial Guess Perturbations
Iteration 154/1000-----
J=1.6e-02, Jf=1.2e-03, ⟨B·n⟩=7.7e-03, Len=sum([6.2, 5.6, 6.0])=17.8, ϰ=[7.5, 5.6, 13.6], ∫ϰ²/L=[7.8, 6.1, 17.0], C-C-Sep=0.20, ║∇J║=4.3e-02
-----On 9/20 Initial Guess Perturbations
Iteration 155/1000-----
J=1.6e-02, Jf=1.2e-03, ⟨B·n⟩=7.6e-03, Len=sum([6.2, 5.6, 6.0])=17.8, ϰ=[7.6, 5.8, 13.7], ∫ϰ²/L=[8.1, 6.3, 17.0], C-C-Sep=0.20, ║∇J║=4.5e-02
-----On 9/20 Initial Guess Perturbations
Iteration 156/1000-----
J=1.6e-02, Jf=1.2e-03, ⟨B·n⟩=7.6e-03, Len=sum([6.2, 5.6, 6.0])=17.8, ϰ=[7.8, 5.9, 13.5], ∫ϰ²/L=[8.4, 6.7, 16.9], C-C-Sep=0.20, ║∇J║=4.8e-02
-----On 9/20 Initial Guess Perturbations
Iteration 157/1000-----
J=1.6e-02, Jf=1.2e-03, ⟨B·n⟩=7.6e-03, Len=sum([6.2, 5.6, 6.0])=17.7, ϰ=[8.2, 5.9, 12.7], ∫ϰ²/L=[8.8, 6.8, 16.7], C-C-Sep=0.20, ║∇J║=7.5e-02
-----On 9/20 Initial Guess Perturbations
Iteration 158/1000-----
J=1.5e-02, Jf=1.2e-03, ⟨B·n⟩=7.5e-03, Len=sum([6.2, 5.6, 5.9])=17.7, ϰ=[8.2, 5.7, 12.3], ∫ϰ²/L=[9.2, 7.1, 16.4], C-C-Sep=0.20, ║∇J║=5.7e-02
-----On 9/20 Initial Guess Perturbations
Iteration 159/1000-----
J=1.5e-02, Jf=1.2e-03, ⟨B·n⟩=7.5e-03, Len=sum([6.2, 5.6, 5.9])=17.7, ϰ=[8.2, 5.7, 12.2], ∫ϰ²/L=[9.1, 6.9, 16.1], C-C-Sep=0.20, ║∇J║=5.5e-02
-----On 9/20 Initial Guess Perturbations
Iteration 160/1000-----
J=1.5e-02, Jf=1.2e-03, ⟨B·n⟩=7.5e-03, Len=sum([6.2, 5.5, 5.9])=17.7, ϰ=[8.3, 5.6, 12.1], ∫ϰ²/L=[9.2, 6.8, 15.9], C-C-Sep=0.20, ║∇J║=4.7e-02
-----On 9/20 Initial Guess Perturbations
Iteration 161/1000-----
J=1.5e-02, Jf=1.1e-03, ⟨B·n⟩=7.4e-03, Len=sum([6.2, 5.5, 5.9])=17.6, ϰ=[8.3, 5.4, 11.6], ∫ϰ²/L=[9.6, 6.9, 15.7], C-C-Sep=0.20, ║∇J║=5.3e-02
-----On 9/20 Initial Guess Perturbations
Iteration 162/1000-----
J=1.5e-02, Jf=1.1e-03, ⟨B·n⟩=7.4e-03, Len=sum([6.2, 5.5, 5.9])=17.6, ϰ=[8.2, 5.6, 11.1], ∫ϰ²/L=[9.8, 7.1, 15.3], C-C-Sep=0.20, ║∇J║=7.2e-02
-----On 9/20 Initial Guess Perturbations
Iteration 163/1000-----
J=1.5e-02, Jf=1.1e-03, ⟨B·n⟩=7.4e-03, Len=sum([6.2, 5.5, 5.9])=17.6, ϰ=[8.1, 5.5, 10.9], ∫ϰ²/L=[9.7, 6.8, 15.1], C-C-Sep=0.20, ║∇J║=4.9e-02
-----On 9/20 Initial Guess Perturbations
Iteration 164/1000-----
J=1.5e-02, Jf=1.1e-03, ⟨B·n⟩=7.4e-03, Len=sum([6.2, 5.5, 5.9])=17.5, ϰ=[8.1, 5.7, 10.8], ∫ϰ²/L=[10.1, 7.2, 14.9], C-C-Sep=0.20, ║∇J║=4.7e-02
-----On 9/20 Initial Guess Perturbations
Iteration 165/1000-----
J=1.5e-02, Jf=1.1e-03, ⟨B·n⟩=7.4e-03, Len=sum([6.1, 5.5, 5.9])=17.5, ϰ=[8.3, 5.7, 10.7], ∫ϰ²/L=[9.8, 6.8, 14.5], C-C-Sep=0.20, ║∇J║=4.6e-02
-----On 9/20 Initial Guess Perturbations
Iteration 166/1000-----
J=1.5e-02, Jf=1.1e-03, ⟨B·n⟩=7.4e-03, Len=sum([6.1, 5.5, 5.9])=17.5, ϰ=[8.5, 5.8, 10.4], ∫ϰ²/L=[10.0, 6.7, 14.1], C-C-Sep=0.20, ║∇J║=4.3e-02
-----On 9/20 Initial Guess Perturbations
Iteration 167/1000-----
J=1.5e-02, Jf=1.1e-03, ⟨B·n⟩=7.4e-03, Len=sum([6.1, 5.4, 5.9])=17.4, ϰ=[8.8, 5.7, 9.6], ∫ϰ²/L=[10.2, 6.3, 13.7], C-C-Sep=0.20, ║∇J║=5.0e-02
-----On 9/20 Initial Guess Perturbations
Iteration 168/1000-----
J=1.5e-02, Jf=1.1e-03, ⟨B·n⟩=7.4e-03, Len=sum([6.1, 5.4, 5.9])=17.4, ϰ=[8.9, 5.7, 9.3], ∫ϰ²/L=[10.2, 6.1, 13.5], C-C-Sep=0.20, ║∇J║=6.2e-02
-----On 9/20 Initial Guess Perturbations
Iteration 169/1000-----
J=1.5e-02, Jf=1.1e-03, ⟨B·n⟩=7.4e-03, Len=sum([6.1, 5.4, 5.8])=17.3, ϰ=[9.0, 5.7, 8.9], ∫ϰ²/L=[10.6, 6.4, 13.6], C-C-Sep=0.20, ║∇J║=6.0e-02
-----On 9/20 Initial Guess Perturbations
Iteration 170/1000-----
J=1.5e-02, Jf=1.1e-03, ⟨B·n⟩=7.4e-03, Len=sum([6.1, 5.4, 5.8])=17.3, ϰ=[8.8, 5.2, 8.9], ∫ϰ²/L=[9.9, 6.2, 13.4], C-C-Sep=0.20, ║∇J║=8.6e-02
-----On 9/20 Initial Guess Perturbations
Iteration 171/1000-----
J=1.5e-02, Jf=1.1e-03, ⟨B·n⟩=7.4e-03, Len=sum([6.1, 5.4, 5.8])=17.3, ϰ=[8.9, 5.2, 8.8], ∫ϰ²/L=[10.0, 6.3, 13.2], C-C-Sep=0.20, ║∇J║=4.7e-02
-----On 9/20 Initial Guess Perturbations
Iteration 172/1000-----
J=1.5e-02, Jf=1.1e-03, ⟨B·n⟩=7.4e-03, Len=sum([6.1, 5.4, 5.8])=17.3, ϰ=[9.2, 5.4, 8.8], ∫ϰ²/L=[10.0, 6.4, 13.1], C-C-Sep=0.20, ║∇J║=4.3e-02
-----On 9/20 Initial Guess Perturbations
Iteration 173/1000-----
J=1.5e-02, Jf=1.1e-03, ⟨B·n⟩=7.4e-03, Len=sum([6.0, 5.4, 5.8])=17.2, ϰ=[9.4, 5.6, 8.6], ∫ϰ²/L=[9.9, 6.5, 12.9], C-C-Sep=0.20, ║∇J║=4.5e-02
-----On 9/20 Initial Guess Perturbations
Iteration 174/1000-----
J=1.5e-02, Jf=1.1e-03, ⟨B·n⟩=7.4e-03, Len=sum([6.0, 5.3, 5.8])=17.2, ϰ=[9.6, 6.0, 8.1], ∫ϰ²/L=[10.0, 7.1, 12.6], C-C-Sep=0.20, ║∇J║=5.3e-02
-----On 9/20 Initial Guess Perturbations
Iteration 175/1000-----
J=1.5e-02, Jf=1.1e-03, ⟨B·n⟩=7.3e-03, Len=sum([6.0, 5.3, 5.8])=17.1, ϰ=[9.7, 6.3, 7.8], ∫ϰ²/L=[10.1, 7.9, 12.4], C-C-Sep=0.19, ║∇J║=1.1e-01
-----On 9/20 Initial Guess Perturbations
Iteration 176/1000-----
J=1.5e-02, Jf=1.1e-03, ⟨B·n⟩=7.4e-03, Len=sum([6.0, 5.3, 5.8])=17.1, ϰ=[9.6, 6.1, 7.9], ∫ϰ²/L=[10.0, 7.3, 12.4], C-C-Sep=0.20, ║∇J║=5.2e-02
-----On 9/20 Initial Guess Perturbations
Iteration 177/1000-----
J=1.5e-02, Jf=1.1e-03, ⟨B·n⟩=7.3e-03, Len=sum([6.0, 5.3, 5.8])=17.1, ϰ=[9.3, 5.8, 7.7], ∫ϰ²/L=[9.5, 7.0, 11.9], C-C-Sep=0.20, ║∇J║=4.9e-02
-----On 9/20 Initial Guess Perturbations
Iteration 178/1000-----
J=1.5e-02, Jf=1.1e-03, ⟨B·n⟩=7.4e-03, Len=sum([6.0, 5.3, 5.7])=17.0, ϰ=[9.0, 6.9, 6.8], ∫ϰ²/L=[10.1, 8.0, 11.7], C-C-Sep=0.19, ║∇J║=1.4e-01
-----On 9/20 Initial Guess Perturbations
Iteration 179/1000-----
J=1.5e-02, Jf=1.1e-03, ⟨B·n⟩=7.3e-03, Len=sum([6.0, 5.3, 5.8])=17.1, ϰ=[9.2, 6.3, 7.2], ∫ϰ²/L=[9.7, 7.3, 11.7], C-C-Sep=0.20, ║∇J║=5.5e-02
-----On 9/20 Initial Guess Perturbations
Iteration 180/1000-----
J=1.5e-02, Jf=1.1e-03, ⟨B·n⟩=7.3e-03, Len=sum([6.0, 5.3, 5.7])=17.0, ϰ=[8.9, 6.2, 6.6], ∫ϰ²/L=[9.5, 6.6, 11.2], C-C-Sep=0.20, ║∇J║=6.2e-02
-----On 9/20 Initial Guess Perturbations
Iteration 181/1000-----
J=1.5e-02, Jf=1.0e-03, ⟨B·n⟩=7.3e-03, Len=sum([5.9, 5.3, 5.7])=17.0, ϰ=[9.0, 6.3, 6.6], ∫ϰ²/L=[9.7, 6.7, 10.9], C-C-Sep=0.20, ║∇J║=5.4e-02
-----On 9/20 Initial Guess Perturbations
Iteration 182/1000-----
J=1.5e-02, Jf=1.0e-03, ⟨B·n⟩=7.3e-03, Len=sum([5.9, 5.3, 5.7])=16.9, ϰ=[9.3, 6.4, 6.6], ∫ϰ²/L=[9.8, 6.6, 10.8], C-C-Sep=0.20, ║∇J║=4.5e-02
-----On 9/20 Initial Guess Perturbations
Iteration 183/1000-----
J=1.5e-02, Jf=1.0e-03, ⟨B·n⟩=7.2e-03, Len=sum([5.9, 5.3, 5.7])=16.9, ϰ=[9.3, 6.9, 6.8], ∫ϰ²/L=[9.9, 6.7, 10.7], C-C-Sep=0.20, ║∇J║=5.0e-02
-----On 9/20 Initial Guess Perturbations
Iteration 184/1000-----
J=1.5e-02, Jf=1.0e-03, ⟨B·n⟩=7.2e-03, Len=sum([5.9, 5.3, 5.7])=16.8, ϰ=[9.3, 7.4, 7.1], ∫ϰ²/L=[10.2, 7.1, 10.9], C-C-Sep=0.20, ║∇J║=5.3e-02
-----On 9/20 Initial Guess Perturbations
Iteration 185/1000-----
J=1.5e-02, Jf=1.0e-03, ⟨B·n⟩=7.2e-03, Len=sum([5.9, 5.2, 5.7])=16.8, ϰ=[9.1, 7.2, 7.2], ∫ϰ²/L=[9.7, 6.7, 10.7], C-C-Sep=0.20, ║∇J║=6.3e-02
-----On 9/20 Initial Guess Perturbations
Iteration 186/1000-----
J=1.5e-02, Jf=1.0e-03, ⟨B·n⟩=7.2e-03, Len=sum([5.8, 5.2, 5.7])=16.8, ϰ=[8.9, 7.3, 7.1], ∫ϰ²/L=[9.8, 6.8, 10.9], C-C-Sep=0.20, ║∇J║=5.0e-02
-----On 9/20 Initial Guess Perturbations
Iteration 187/1000-----
J=1.4e-02, Jf=1.0e-03, ⟨B·n⟩=7.2e-03, Len=sum([5.8, 5.2, 5.7])=16.7, ϰ=[8.6, 7.1, 6.8], ∫ϰ²/L=[9.9, 7.0, 11.2], C-C-Sep=0.20, ║∇J║=5.6e-02
-----On 9/20 Initial Guess Perturbations
Iteration 188/1000-----
J=1.4e-02, Jf=1.0e-03, ⟨B·n⟩=7.2e-03, Len=sum([5.8, 5.2, 5.6])=16.7, ϰ=[8.5, 6.3, 6.3], ∫ϰ²/L=[9.5, 6.4, 11.0], C-C-Sep=0.20, ║∇J║=5.4e-02
-----On 9/20 Initial Guess Perturbations
Iteration 189/1000-----
J=1.4e-02, Jf=1.0e-03, ⟨B·n⟩=7.2e-03, Len=sum([5.8, 5.2, 5.6])=16.6, ϰ=[8.3, 6.5, 6.4], ∫ϰ²/L=[9.8, 6.6, 11.1], C-C-Sep=0.20, ║∇J║=6.5e-02
-----On 9/20 Initial Guess Perturbations
Iteration 190/1000-----
J=1.4e-02, Jf=1.0e-03, ⟨B·n⟩=7.2e-03, Len=sum([5.8, 5.2, 5.6])=16.6, ϰ=[8.3, 6.3, 6.2], ∫ϰ²/L=[9.1, 6.2, 10.4], C-C-Sep=0.20, ║∇J║=6.1e-02
-----On 9/20 Initial Guess Perturbations
Iteration 191/1000-----
J=1.4e-02, Jf=1.0e-03, ⟨B·n⟩=7.2e-03, Len=sum([5.8, 5.2, 5.6])=16.6, ϰ=[8.3, 6.1, 6.4], ∫ϰ²/L=[9.1, 6.3, 10.5], C-C-Sep=0.20, ║∇J║=4.3e-02
-----On 9/20 Initial Guess Perturbations
Iteration 192/1000-----
J=1.4e-02, Jf=1.0e-03, ⟨B·n⟩=7.2e-03, Len=sum([5.8, 5.2, 5.6])=16.6, ϰ=[8.2, 6.0, 6.5], ∫ϰ²/L=[9.2, 6.4, 10.6], C-C-Sep=0.20, ║∇J║=3.7e-02
-----On 9/20 Initial Guess Perturbations
Iteration 193/1000-----
J=1.4e-02, Jf=1.0e-03, ⟨B·n⟩=7.2e-03, Len=sum([5.8, 5.2, 5.6])=16.5, ϰ=[8.0, 5.9, 6.7], ∫ϰ²/L=[9.7, 7.2, 10.9], C-C-Sep=0.20, ║∇J║=6.6e-02
-----On 9/20 Initial Guess Perturbations
Iteration 194/1000-----
J=1.4e-02, Jf=1.0e-03, ⟨B·n⟩=7.2e-03, Len=sum([5.8, 5.2, 5.6])=16.5, ϰ=[8.1, 5.6, 6.8], ∫ϰ²/L=[9.2, 6.6, 10.4], C-C-Sep=0.20, ║∇J║=4.7e-02
-----On 9/20 Initial Guess Perturbations
Iteration 195/1000-----
J=1.4e-02, Jf=1.0e-03, ⟨B·n⟩=7.2e-03, Len=sum([5.7, 5.2, 5.6])=16.5, ϰ=[8.2, 5.6, 6.6], ∫ϰ²/L=[9.0, 6.4, 10.3], C-C-Sep=0.20, ║∇J║=4.0e-02
-----On 9/20 Initial Guess Perturbations
Iteration 196/1000-----
J=1.4e-02, Jf=1.0e-03, ⟨B·n⟩=7.2e-03, Len=sum([5.7, 5.2, 5.6])=16.5, ϰ=[8.3, 5.4, 6.5], ∫ϰ²/L=[9.0, 6.2, 10.0], C-C-Sep=0.20, ║∇J║=3.2e-02
-----On 9/20 Initial Guess Perturbations
Iteration 197/1000-----
J=1.4e-02, Jf=1.0e-03, ⟨B·n⟩=7.2e-03, Len=sum([5.7, 5.2, 5.6])=16.5, ϰ=[8.6, 5.1, 6.5], ∫ϰ²/L=[9.1, 6.0, 9.9], C-C-Sep=0.20, ║∇J║=3.7e-02
-----On 9/20 Initial Guess Perturbations
Iteration 198/1000-----
J=1.4e-02, Jf=1.0e-03, ⟨B·n⟩=7.3e-03, Len=sum([5.7, 5.1, 5.6])=16.4, ϰ=[8.8, 5.0, 6.5], ∫ϰ²/L=[9.1, 5.7, 9.7], C-C-Sep=0.20, ║∇J║=3.9e-02
-----On 9/20 Initial Guess Perturbations
Iteration 199/1000-----
J=1.4e-02, Jf=1.0e-03, ⟨B·n⟩=7.3e-03, Len=sum([5.7, 5.1, 5.5])=16.4, ϰ=[9.1, 5.2, 6.6], ∫ϰ²/L=[9.3, 5.7, 9.7], C-C-Sep=0.20, ║∇J║=4.3e-02
-----On 9/20 Initial Guess Perturbations
Iteration 200/1000-----
J=1.4e-02, Jf=1.0e-03, ⟨B·n⟩=7.3e-03, Len=sum([5.7, 5.1, 5.5])=16.3, ϰ=[8.9, 5.7, 6.6], ∫ϰ²/L=[9.0, 5.5, 9.4], C-C-Sep=0.20, ║∇J║=4.0e-02
-----On 9/20 Initial Guess Perturbations
Iteration 201/1000-----
J=1.4e-02, Jf=1.0e-03, ⟨B·n⟩=7.3e-03, Len=sum([5.7, 5.1, 5.5])=16.3, ϰ=[8.8, 5.7, 6.5], ∫ϰ²/L=[8.8, 5.4, 9.2], C-C-Sep=0.20, ║∇J║=3.7e-02
-----On 9/20 Initial Guess Perturbations
Iteration 202/1000-----
J=1.4e-02, Jf=1.0e-03, ⟨B·n⟩=7.3e-03, Len=sum([5.7, 5.1, 5.5])=16.3, ϰ=[8.8, 5.6, 6.4], ∫ϰ²/L=[8.6, 5.2, 9.0], C-C-Sep=0.20, ║∇J║=3.2e-02
-----On 9/20 Initial Guess Perturbations
Iteration 203/1000-----
J=1.4e-02, Jf=1.0e-03, ⟨B·n⟩=7.3e-03, Len=sum([5.6, 5.1, 5.5])=16.3, ϰ=[9.1, 5.4, 6.3], ∫ϰ²/L=[8.5, 5.2, 9.0], C-C-Sep=0.20, ║∇J║=3.0e-02
-----On 9/20 Initial Guess Perturbations
Iteration 204/1000-----
J=1.4e-02, Jf=1.0e-03, ⟨B·n⟩=7.4e-03, Len=sum([5.6, 5.1, 5.5])=16.2, ϰ=[9.2, 5.4, 6.3], ∫ϰ²/L=[8.5, 5.5, 9.0], C-C-Sep=0.20, ║∇J║=3.5e-02
-----On 9/20 Initial Guess Perturbations
Iteration 205/1000-----
J=1.4e-02, Jf=1.0e-03, ⟨B·n⟩=7.4e-03, Len=sum([5.6, 5.1, 5.5])=16.2, ϰ=[9.4, 5.3, 6.4], ∫ϰ²/L=[8.5, 5.6, 9.0], C-C-Sep=0.20, ║∇J║=2.9e-02
-----On 9/20 Initial Guess Perturbations
Iteration 206/1000-----
J=1.4e-02, Jf=1.0e-03, ⟨B·n⟩=7.4e-03, Len=sum([5.6, 5.1, 5.5])=16.2, ϰ=[9.7, 5.3, 6.5], ∫ϰ²/L=[8.7, 5.8, 9.0], C-C-Sep=0.20, ║∇J║=4.0e-02
-----On 9/20 Initial Guess Perturbations
Iteration 207/1000-----
J=1.4e-02, Jf=1.0e-03, ⟨B·n⟩=7.4e-03, Len=sum([5.6, 5.1, 5.5])=16.1, ϰ=[9.6, 5.4, 6.5], ∫ϰ²/L=[8.6, 5.7, 8.8], C-C-Sep=0.20, ║∇J║=3.0e-02
-----On 9/20 Initial Guess Perturbations
Iteration 208/1000-----
J=1.4e-02, Jf=1.0e-03, ⟨B·n⟩=7.4e-03, Len=sum([5.6, 5.1, 5.5])=16.1, ϰ=[9.6, 5.3, 6.6], ∫ϰ²/L=[8.5, 5.6, 8.6], C-C-Sep=0.20, ║∇J║=3.2e-02
-----On 9/20 Initial Guess Perturbations
Iteration 209/1000-----
J=1.4e-02, Jf=1.0e-03, ⟨B·n⟩=7.5e-03, Len=sum([5.6, 5.0, 5.5])=16.1, ϰ=[9.6, 5.4, 7.0], ∫ϰ²/L=[8.7, 5.6, 8.5], C-C-Sep=0.20, ║∇J║=4.2e-02
-----On 9/20 Initial Guess Perturbations
Iteration 210/1000-----
J=1.4e-02, Jf=1.0e-03, ⟨B·n⟩=7.5e-03, Len=sum([5.5, 5.0, 5.5])=16.0, ϰ=[9.6, 5.4, 7.5], ∫ϰ²/L=[9.0, 5.9, 8.6], C-C-Sep=0.20, ║∇J║=4.5e-02
-----On 9/20 Initial Guess Perturbations
Iteration 211/1000-----
J=1.4e-02, Jf=1.0e-03, ⟨B·n⟩=7.5e-03, Len=sum([5.5, 5.0, 5.5])=16.0, ϰ=[9.5, 5.0, 7.4], ∫ϰ²/L=[8.6, 5.4, 8.3], C-C-Sep=0.20, ║∇J║=4.7e-02
-----On 9/20 Initial Guess Perturbations
Iteration 212/1000-----
J=1.4e-02, Jf=1.0e-03, ⟨B·n⟩=7.5e-03, Len=sum([5.5, 5.0, 5.5])=16.0, ϰ=[9.5, 4.9, 7.3], ∫ϰ²/L=[8.6, 5.4, 8.2], C-C-Sep=0.20, ║∇J║=3.0e-02
-----On 9/20 Initial Guess Perturbations
Iteration 213/1000-----
J=1.4e-02, Jf=1.1e-03, ⟨B·n⟩=7.6e-03, Len=sum([5.5, 5.0, 5.5])=16.0, ϰ=[9.6, 5.0, 7.4], ∫ϰ²/L=[8.9, 5.6, 8.3], C-C-Sep=0.20, ║∇J║=2.5e-02
-----On 9/20 Initial Guess Perturbations
Iteration 214/1000-----
J=1.4e-02, Jf=1.1e-03, ⟨B·n⟩=7.7e-03, Len=sum([5.5, 5.0, 5.5])=15.9, ϰ=[9.7, 5.2, 7.6], ∫ϰ²/L=[9.3, 5.8, 8.5], C-C-Sep=0.20, ║∇J║=2.9e-02
-----On 9/20 Initial Guess Perturbations
Iteration 215/1000-----
J=1.4e-02, Jf=1.1e-03, ⟨B·n⟩=7.7e-03, Len=sum([5.5, 5.0, 5.4])=15.9, ϰ=[9.8, 5.1, 7.5], ∫ϰ²/L=[9.2, 5.9, 8.5], C-C-Sep=0.20, ║∇J║=4.4e-02
-----On 9/20 Initial Guess Perturbations
Iteration 216/1000-----
J=1.4e-02, Jf=1.1e-03, ⟨B·n⟩=7.8e-03, Len=sum([5.5, 5.0, 5.4])=15.9, ϰ=[9.9, 4.9, 7.6], ∫ϰ²/L=[9.1, 5.8, 8.5], C-C-Sep=0.20, ║∇J║=3.3e-02
-----On 9/20 Initial Guess Perturbations
Iteration 217/1000-----
J=1.4e-02, Jf=1.1e-03, ⟨B·n⟩=7.8e-03, Len=sum([5.4, 5.0, 5.4])=15.8, ϰ=[10.1, 4.7, 7.6], ∫ϰ²/L=[8.8, 5.6, 8.5], C-C-Sep=0.20, ║∇J║=3.2e-02
-----On 9/20 Initial Guess Perturbations
Iteration 218/1000-----
J=1.4e-02, Jf=1.1e-03, ⟨B·n⟩=7.8e-03, Len=sum([5.4, 5.0, 5.4])=15.8, ϰ=[10.0, 4.6, 7.6], ∫ϰ²/L=[8.7, 5.6, 8.4], C-C-Sep=0.20, ║∇J║=3.2e-02
-----On 9/20 Initial Guess Perturbations
Iteration 219/1000-----
J=1.4e-02, Jf=1.1e-03, ⟨B·n⟩=7.8e-03, Len=sum([5.4, 5.0, 5.4])=15.8, ϰ=[10.0, 4.6, 7.6], ∫ϰ²/L=[8.8, 5.7, 8.4], C-C-Sep=0.20, ║∇J║=2.7e-02
-----On 9/20 Initial Guess Perturbations
Iteration 220/1000-----
J=1.4e-02, Jf=1.1e-03, ⟨B·n⟩=7.9e-03, Len=sum([5.4, 4.9, 5.4])=15.8, ϰ=[9.9, 4.4, 7.8], ∫ϰ²/L=[9.1, 5.6, 8.5], C-C-Sep=0.20, ║∇J║=2.9e-02
-----On 9/20 Initial Guess Perturbations
Iteration 221/1000-----
J=1.4e-02, Jf=1.1e-03, ⟨B·n⟩=8.0e-03, Len=sum([5.4, 4.9, 5.4])=15.7, ϰ=[9.9, 4.5, 7.9], ∫ϰ²/L=[9.3, 5.6, 8.4], C-C-Sep=0.20, ║∇J║=3.1e-02
-----On 9/20 Initial Guess Perturbations
Iteration 222/1000-----
J=1.4e-02, Jf=1.1e-03, ⟨B·n⟩=8.0e-03, Len=sum([5.4, 4.9, 5.4])=15.7, ϰ=[9.9, 4.5, 7.9], ∫ϰ²/L=[9.4, 5.5, 8.3], C-C-Sep=0.20, ║∇J║=2.8e-02
-----On 9/20 Initial Guess Perturbations
Iteration 223/1000-----
J=1.4e-02, Jf=1.1e-03, ⟨B·n⟩=8.0e-03, Len=sum([5.4, 4.9, 5.4])=15.7, ϰ=[9.9, 4.6, 7.9], ∫ϰ²/L=[9.5, 5.4, 8.3], C-C-Sep=0.20, ║∇J║=3.8e-02
-----On 9/20 Initial Guess Perturbations
Iteration 224/1000-----
J=1.4e-02, Jf=1.1e-03, ⟨B·n⟩=8.1e-03, Len=sum([5.4, 4.9, 5.4])=15.7, ϰ=[9.9, 4.4, 7.7], ∫ϰ²/L=[9.4, 5.3, 8.2], C-C-Sep=0.20, ║∇J║=2.8e-02
-----On 9/20 Initial Guess Perturbations
Iteration 225/1000-----
J=1.4e-02, Jf=1.1e-03, ⟨B·n⟩=8.1e-03, Len=sum([5.4, 4.9, 5.4])=15.7, ϰ=[9.9, 4.5, 7.6], ∫ϰ²/L=[9.3, 5.2, 8.2], C-C-Sep=0.20, ║∇J║=2.4e-02
-----On 9/20 Initial Guess Perturbations
Iteration 226/1000-----
J=1.4e-02, Jf=1.1e-03, ⟨B·n⟩=8.1e-03, Len=sum([5.3, 4.9, 5.4])=15.6, ϰ=[9.7, 4.7, 7.5], ∫ϰ²/L=[9.5, 5.0, 8.1], C-C-Sep=0.20, ║∇J║=2.8e-02
-----On 9/20 Initial Guess Perturbations
Iteration 227/1000-----
J=1.4e-02, Jf=1.2e-03, ⟨B·n⟩=8.2e-03, Len=sum([5.3, 4.9, 5.4])=15.6, ϰ=[9.8, 4.7, 7.4], ∫ϰ²/L=[9.7, 4.9, 8.1], C-C-Sep=0.20, ║∇J║=4.0e-02
-----On 9/20 Initial Guess Perturbations
Iteration 228/1000-----
J=1.4e-02, Jf=1.2e-03, ⟨B·n⟩=8.2e-03, Len=sum([5.3, 4.9, 5.4])=15.6, ϰ=[9.7, 4.6, 7.3], ∫ϰ²/L=[9.7, 4.7, 8.0], C-C-Sep=0.20, ║∇J║=2.3e-02
-----On 9/20 Initial Guess Perturbations
Iteration 229/1000-----
J=1.4e-02, Jf=1.2e-03, ⟨B·n⟩=8.2e-03, Len=sum([5.3, 4.9, 5.4])=15.6, ϰ=[9.7, 4.3, 7.1], ∫ϰ²/L=[9.7, 4.6, 8.0], C-C-Sep=0.20, ║∇J║=2.3e-02
-----On 9/20 Initial Guess Perturbations
Iteration 230/1000-----
J=1.4e-02, Jf=1.2e-03, ⟨B·n⟩=8.2e-03, Len=sum([5.3, 4.8, 5.4])=15.5, ϰ=[9.8, 3.9, 7.1], ∫ϰ²/L=[9.7, 4.7, 8.1], C-C-Sep=0.20, ║∇J║=2.5e-02
-----On 9/20 Initial Guess Perturbations
Iteration 231/1000-----
J=1.4e-02, Jf=1.2e-03, ⟨B·n⟩=8.2e-03, Len=sum([5.3, 4.8, 5.4])=15.5, ϰ=[9.9, 4.2, 6.8], ∫ϰ²/L=[9.6, 4.9, 8.3], C-C-Sep=0.20, ║∇J║=2.8e-02
-----On 9/20 Initial Guess Perturbations
Iteration 232/1000-----
J=1.4e-02, Jf=1.2e-03, ⟨B·n⟩=8.3e-03, Len=sum([5.3, 4.8, 5.4])=15.5, ϰ=[9.9, 4.3, 6.6], ∫ϰ²/L=[9.5, 5.2, 8.5], C-C-Sep=0.20, ║∇J║=2.7e-02
-----On 9/20 Initial Guess Perturbations
Iteration 233/1000-----
J=1.4e-02, Jf=1.2e-03, ⟨B·n⟩=8.3e-03, Len=sum([5.3, 4.8, 5.4])=15.4, ϰ=[10.0, 4.2, 6.6], ∫ϰ²/L=[9.5, 5.1, 8.5], C-C-Sep=0.20, ║∇J║=2.3e-02
-----On 9/20 Initial Guess Perturbations
Iteration 234/1000-----
J=1.4e-02, Jf=1.2e-03, ⟨B·n⟩=8.3e-03, Len=sum([5.2, 4.8, 5.4])=15.4, ϰ=[10.0, 4.0, 6.5], ∫ϰ²/L=[9.4, 5.0, 8.5], C-C-Sep=0.20, ║∇J║=2.5e-02
-----On 9/20 Initial Guess Perturbations
Iteration 235/1000-----
J=1.4e-02, Jf=1.2e-03, ⟨B·n⟩=8.4e-03, Len=sum([5.2, 4.8, 5.4])=15.4, ϰ=[9.9, 3.8, 6.7], ∫ϰ²/L=[9.4, 4.9, 8.6], C-C-Sep=0.20, ║∇J║=2.9e-02
-----On 9/20 Initial Guess Perturbations
Iteration 236/1000-----
J=1.4e-02, Jf=1.2e-03, ⟨B·n⟩=8.4e-03, Len=sum([5.2, 4.8, 5.4])=15.4, ϰ=[9.9, 3.8, 6.7], ∫ϰ²/L=[9.4, 4.9, 8.6], C-C-Sep=0.20, ║∇J║=2.3e-02
-----On 9/20 Initial Guess Perturbations
Iteration 237/1000-----
J=1.4e-02, Jf=1.2e-03, ⟨B·n⟩=8.4e-03, Len=sum([5.2, 4.8, 5.3])=15.4, ϰ=[9.9, 4.0, 6.5], ∫ϰ²/L=[9.3, 4.9, 8.6], C-C-Sep=0.20, ║∇J║=2.3e-02
-----On 9/20 Initial Guess Perturbations
Iteration 238/1000-----
J=1.4e-02, Jf=1.2e-03, ⟨B·n⟩=8.4e-03, Len=sum([5.2, 4.8, 5.3])=15.3, ϰ=[10.0, 4.0, 6.2], ∫ϰ²/L=[9.2, 5.0, 8.5], C-C-Sep=0.20, ║∇J║=2.9e-02
-----On 9/20 Initial Guess Perturbations
Iteration 239/1000-----
J=1.3e-02, Jf=1.2e-03, ⟨B·n⟩=8.5e-03, Len=sum([5.2, 4.8, 5.3])=15.3, ϰ=[10.1, 4.5, 6.1], ∫ϰ²/L=[9.3, 5.1, 8.4], C-C-Sep=0.20, ║∇J║=2.5e-02
-----On 9/20 Initial Guess Perturbations
Iteration 240/1000-----
J=1.3e-02, Jf=1.2e-03, ⟨B·n⟩=8.5e-03, Len=sum([5.2, 4.8, 5.3])=15.3, ϰ=[10.3, 4.7, 6.0], ∫ϰ²/L=[9.3, 5.1, 8.2], C-C-Sep=0.20, ║∇J║=2.4e-02
-----On 9/20 Initial Guess Perturbations
Iteration 241/1000-----
J=1.3e-02, Jf=1.2e-03, ⟨B·n⟩=8.5e-03, Len=sum([5.2, 4.8, 5.3])=15.3, ϰ=[10.3, 4.8, 6.2], ∫ϰ²/L=[9.2, 5.0, 8.0], C-C-Sep=0.20, ║∇J║=2.4e-02
-----On 9/20 Initial Guess Perturbations
Iteration 242/1000-----
J=1.3e-02, Jf=1.2e-03, ⟨B·n⟩=8.5e-03, Len=sum([5.2, 4.8, 5.3])=15.2, ϰ=[10.3, 4.7, 6.4], ∫ϰ²/L=[9.1, 4.8, 7.9], C-C-Sep=0.20, ║∇J║=2.2e-02
-----On 9/20 Initial Guess Perturbations
Iteration 243/1000-----
J=1.3e-02, Jf=1.2e-03, ⟨B·n⟩=8.5e-03, Len=sum([5.2, 4.8, 5.3])=15.2, ϰ=[10.2, 4.6, 6.4], ∫ϰ²/L=[9.0, 4.8, 7.8], C-C-Sep=0.20, ║∇J║=2.2e-02
-----On 9/20 Initial Guess Perturbations
Iteration 244/1000-----
J=1.3e-02, Jf=1.2e-03, ⟨B·n⟩=8.5e-03, Len=sum([5.1, 4.8, 5.3])=15.2, ϰ=[10.1, 4.5, 6.5], ∫ϰ²/L=[8.9, 4.8, 7.8], C-C-Sep=0.20, ║∇J║=2.0e-02
-----On 9/20 Initial Guess Perturbations
Iteration 245/1000-----
J=1.3e-02, Jf=1.3e-03, ⟨B·n⟩=8.6e-03, Len=sum([5.1, 4.8, 5.3])=15.2, ϰ=[10.1, 4.3, 6.5], ∫ϰ²/L=[8.8, 4.9, 7.8], C-C-Sep=0.20, ║∇J║=1.8e-02
-----On 9/20 Initial Guess Perturbations
Iteration 246/1000-----
J=1.3e-02, Jf=1.3e-03, ⟨B·n⟩=8.6e-03, Len=sum([5.1, 4.7, 5.3])=15.2, ϰ=[10.0, 4.2, 6.5], ∫ϰ²/L=[8.8, 5.0, 7.9], C-C-Sep=0.20, ║∇J║=2.0e-02
-----On 9/20 Initial Guess Perturbations
Iteration 247/1000-----
J=1.3e-02, Jf=1.3e-03, ⟨B·n⟩=8.6e-03, Len=sum([5.1, 4.7, 5.3])=15.2, ϰ=[10.0, 4.0, 6.5], ∫ϰ²/L=[8.7, 4.9, 7.9], C-C-Sep=0.20, ║∇J║=2.1e-02
-----On 9/20 Initial Guess Perturbations
Iteration 248/1000-----
J=1.3e-02, Jf=1.3e-03, ⟨B·n⟩=8.7e-03, Len=sum([5.1, 4.7, 5.3])=15.1, ϰ=[10.1, 4.3, 6.4], ∫ϰ²/L=[8.7, 5.0, 7.9], C-C-Sep=0.20, ║∇J║=2.0e-02
-----On 9/20 Initial Guess Perturbations
Iteration 249/1000-----
J=1.3e-02, Jf=1.3e-03, ⟨B·n⟩=8.6e-03, Len=sum([5.1, 4.7, 5.3])=15.1, ϰ=[10.1, 4.6, 6.2], ∫ϰ²/L=[8.7, 4.8, 7.8], C-C-Sep=0.20, ║∇J║=1.9e-02
-----On 9/20 Initial Guess Perturbations
Iteration 250/1000-----
J=1.3e-02, Jf=1.3e-03, ⟨B·n⟩=8.6e-03, Len=sum([5.1, 4.7, 5.3])=15.1, ϰ=[10.0, 4.9, 6.1], ∫ϰ²/L=[8.7, 4.8, 7.8], C-C-Sep=0.20, ║∇J║=1.7e-02
-----On 9/20 Initial Guess Perturbations
Iteration 251/1000-----
J=1.3e-02, Jf=1.3e-03, ⟨B·n⟩=8.7e-03, Len=sum([5.1, 4.7, 5.3])=15.1, ϰ=[9.8, 5.3, 5.9], ∫ϰ²/L=[8.8, 4.8, 7.8], C-C-Sep=0.20, ║∇J║=1.7e-02
-----On 9/20 Initial Guess Perturbations
Iteration 252/1000-----
J=1.3e-02, Jf=1.3e-03, ⟨B·n⟩=8.7e-03, Len=sum([5.1, 4.7, 5.3])=15.1, ϰ=[9.7, 5.5, 5.8], ∫ϰ²/L=[8.9, 4.8, 8.0], C-C-Sep=0.20, ║∇J║=2.4e-02
-----On 9/20 Initial Guess Perturbations
Iteration 253/1000-----
J=1.3e-02, Jf=1.3e-03, ⟨B·n⟩=8.7e-03, Len=sum([5.1, 4.7, 5.3])=15.1, ϰ=[9.7, 5.7, 5.9], ∫ϰ²/L=[8.9, 4.9, 8.1], C-C-Sep=0.20, ║∇J║=2.0e-02
-----On 9/20 Initial Guess Perturbations
Iteration 254/1000-----
J=1.3e-02, Jf=1.3e-03, ⟨B·n⟩=8.7e-03, Len=sum([5.1, 4.7, 5.3])=15.1, ϰ=[9.7, 5.7, 5.9], ∫ϰ²/L=[8.7, 4.9, 8.1], C-C-Sep=0.20, ║∇J║=1.8e-02
-----On 9/20 Initial Guess Perturbations
Iteration 255/1000-----
J=1.3e-02, Jf=1.3e-03, ⟨B·n⟩=8.7e-03, Len=sum([5.1, 4.7, 5.2])=15.1, ϰ=[9.7, 5.5, 5.9], ∫ϰ²/L=[8.5, 4.8, 7.9], C-C-Sep=0.20, ║∇J║=2.0e-02
-----On 9/20 Initial Guess Perturbations
Iteration 256/1000-----
J=1.3e-02, Jf=1.3e-03, ⟨B·n⟩=8.7e-03, Len=sum([5.1, 4.7, 5.2])=15.1, ϰ=[9.7, 5.4, 5.9], ∫ϰ²/L=[8.5, 4.9, 7.9], C-C-Sep=0.20, ║∇J║=1.8e-02
-----On 9/20 Initial Guess Perturbations
slurmstepd: error: *** JOB 65237824 ON cl004 CANCELLED AT 2025-08-20T01:19:01 ***
