Running initial guess perturbation 5
Coil 0: RMS error: 0.000002, Relative: 0.000001
Max point error: 0.000011, Min point error: 0.000000
Coil 1: RMS error: 0.000006, Relative: 0.000003
Max point error: 0.000029, Min point error: 0.000000
Coil 2: RMS error: 0.000004, Relative: 0.000002
Max point error: 0.000020, Min point error: 0.000000
Overall fit errors: [2.1391118897721373e-06, 5.6996194786403435e-06, 3.754038999135806e-06]
Mean fit error: 0.000004

################################################################################
### Perform a Taylor test ######################################################
################################################################################

Iteration 1/2000-----
J=3.3e-01, ⟨Jf⟩=4.9e-02, ⟨B·n⟩=5.1e-02, Len=sum([5.3, 5.8, 5.3])=16.4, ϰ=[4.3, 10.6, 14.1], ∫ϰ²/L>=[2.7, 5.5, 7.1], C-C-Sep=0.03, ║∇J║=1.3e+01
-----On 6/20 Initial Guess Perturbations
Iteration 2/2000-----
J=3.4e-01, ⟨Jf⟩=5.1e-02, ⟨B·n⟩=5.1e-02, Len=sum([5.3, 5.8, 5.3])=16.4, ϰ=[11.5, 10.9, 14.5], ∫ϰ²/L>=[5.6, 7.8, 9.3], C-C-Sep=0.02, ║∇J║=2.0e+01
-----On 6/20 Initial Guess Perturbations
Iteration 3/2000-----
J=3.3e-01, ⟨Jf⟩=4.8e-02, ⟨B·n⟩=5.1e-02, Len=sum([5.3, 5.8, 5.3])=16.4, ϰ=[8.8, 10.4, 16.4], ∫ϰ²/L>=[5.0, 7.5, 9.8], C-C-Sep=0.03, ║∇J║=1.3e+01
-----On 6/20 Initial Guess Perturbations
err 0.2843258149477661
Iteration 4/2000-----
J=3.3e-01, ⟨Jf⟩=4.9e-02, ⟨B·n⟩=5.1e-02, Len=sum([5.3, 5.8, 5.3])=16.4, ϰ=[4.3, 10.7, 14.1], ∫ϰ²/L>=[2.7, 5.5, 7.1], C-C-Sep=0.03, ║∇J║=1.3e+01
-----On 6/20 Initial Guess Perturbations
Iteration 5/2000-----
J=3.3e-01, ⟨Jf⟩=4.9e-02, ⟨B·n⟩=5.1e-02, Len=sum([5.3, 5.8, 5.3])=16.4, ϰ=[4.4, 10.6, 14.2], ∫ϰ²/L>=[2.7, 5.5, 7.2], C-C-Sep=0.03, ║∇J║=1.3e+01
-----On 6/20 Initial Guess Perturbations
err 0.0008247934930478706
slurmstepd: error: *** JOB 65237855 ON cl004 CANCELLED AT 2025-08-20T01:19:01 ***
