Running initial guess perturbation 19
Coil 0: RMS error: 0.000005, Relative: 0.000003
Max point error: 0.000024, Min point error: 0.000000
Coil 1: RMS error: 0.000006, Relative: 0.000003
Max point error: 0.000024, Min point error: 0.000000
Coil 2: RMS error: 0.000005, Relative: 0.000003
Max point error: 0.000024, Min point error: 0.000000
Overall fit errors: [4.729782701188675e-06, 5.656356957569125e-06, 4.558545888267177e-06]
Mean fit error: 0.000005

################################################################################
### Perform a Taylor test ######################################################
################################################################################

Iteration 1/2000-----
J=3.5e-01, ⟨Jf⟩=4.7e-02, ⟨B·n⟩=5.4e-02, Len=sum([5.3, 5.5, 5.1])=15.9, ϰ=[13.5, 6.1, 7.2], ∫ϰ²/L>=[9.2, 3.4, 4.8], C-C-Sep=0.03, ║∇J║=1.2e+01
-----On 20/20 Initial Guess Perturbations
Iteration 2/2000-----
J=3.5e-01, ⟨Jf⟩=4.7e-02, ⟨B·n⟩=5.4e-02, Len=sum([5.3, 5.5, 5.1])=15.9, ϰ=[13.5, 9.6, 11.3], ∫ϰ²/L>=[13.0, 5.8, 8.3], C-C-Sep=0.03, ║∇J║=1.2e+01
-----On 20/20 Initial Guess Perturbations
Iteration 3/2000-----
J=3.6e-01, ⟨Jf⟩=4.8e-02, ⟨B·n⟩=5.4e-02, Len=sum([5.3, 5.5, 5.1])=15.9, ϰ=[19.2, 6.8, 8.3], ∫ϰ²/L>=[12.7, 5.5, 8.0], C-C-Sep=0.03, ║∇J║=1.2e+01
-----On 20/20 Initial Guess Perturbations
err -0.20138397119761575
Iteration 4/2000-----
J=3.5e-01, ⟨Jf⟩=4.7e-02, ⟨B·n⟩=5.4e-02, Len=sum([5.3, 5.5, 5.1])=15.9, ϰ=[13.4, 6.2, 7.2], ∫ϰ²/L>=[9.2, 3.5, 4.9], C-C-Sep=0.03, ║∇J║=1.2e+01
-----On 20/20 Initial Guess Perturbations
Iteration 5/2000-----
J=3.5e-01, ⟨Jf⟩=4.7e-02, ⟨B·n⟩=5.4e-02, Len=sum([5.3, 5.5, 5.1])=15.9, ϰ=[13.7, 6.0, 7.2], ∫ϰ²/L>=[9.2, 3.5, 4.9], C-C-Sep=0.03, ║∇J║=1.2e+01
-----On 20/20 Initial Guess Perturbations
err -0.0020972851028306927
slurmstepd: error: *** JOB 65237847 ON cm032 CANCELLED AT 2025-08-20T01:19:01 ***
