Running initial guess perturbation 17
Coil 0: RMS error: 0.000005, Relative: 0.000003
Max point error: 0.000025, Min point error: 0.000000
Coil 1: RMS error: 0.000004, Relative: 0.000002
Max point error: 0.000018, Min point error: 0.000000
Coil 2: RMS error: 0.000003, Relative: 0.000002
Max point error: 0.000016, Min point error: 0.000000
Overall fit errors: [4.82331740194686e-06, 3.507148362940882e-06, 3.343619992979459e-06]
Mean fit error: 0.000004

################################################################################
### Perform a Taylor test ######################################################
################################################################################

Iteration 1/2000-----
J=3.5e-01, ⟨Jf⟩=4.5e-02, ⟨B·n⟩=5.2e-02, Len=sum([5.6, 5.4, 5.8])=16.8, ϰ=[6.3, 6.6, 12.3], ∫ϰ²/L>=[3.8, 3.3, 4.0], C-C-Sep=0.06, ║∇J║=1.1e+01
-----On 18/20 Initial Guess Perturbations
Iteration 2/2000-----
J=3.6e-01, ⟨Jf⟩=4.5e-02, ⟨B·n⟩=5.2e-02, Len=sum([5.6, 5.4, 5.8])=16.8, ϰ=[8.0, 7.4, 12.7], ∫ϰ²/L>=[5.9, 5.2, 6.7], C-C-Sep=0.06, ║∇J║=1.1e+01
-----On 18/20 Initial Guess Perturbations
Iteration 3/2000-----
J=3.5e-01, ⟨Jf⟩=4.5e-02, ⟨B·n⟩=5.2e-02, Len=sum([5.6, 5.4, 5.8])=16.8, ϰ=[6.3, 5.9, 12.3], ∫ϰ²/L>=[5.6, 4.9, 6.3], C-C-Sep=0.06, ║∇J║=1.1e+01
-----On 18/20 Initial Guess Perturbations
err -0.16860148811122588
Iteration 4/2000-----
J=3.5e-01, ⟨Jf⟩=4.5e-02, ⟨B·n⟩=5.2e-02, Len=sum([5.6, 5.4, 5.8])=16.8, ϰ=[6.3, 6.7, 12.3], ∫ϰ²/L>=[3.8, 3.3, 4.1], C-C-Sep=0.06, ║∇J║=1.1e+01
-----On 18/20 Initial Guess Perturbations
Iteration 5/2000-----
J=3.5e-01, ⟨Jf⟩=4.5e-02, ⟨B·n⟩=5.2e-02, Len=sum([5.6, 5.4, 5.8])=16.8, ϰ=[6.3, 6.5, 12.3], ∫ϰ²/L>=[3.8, 3.3, 4.1], C-C-Sep=0.06, ║∇J║=1.1e+01
-----On 18/20 Initial Guess Perturbations
err -0.0017596777535273667
Iteration 6/2000-----
J=3.5e-01, ⟨Jf⟩=4.5e-02, ⟨B·n⟩=5.2e-02, Len=sum([5.6, 5.4, 5.8])=16.8, ϰ=[6.3, 6.6, 12.3], ∫ϰ²/L>=[3.8, 3.3, 4.0], C-C-Sep=0.06, ║∇J║=1.1e+01
-----On 18/20 Initial Guess Perturbations
Iteration 7/2000-----
J=3.5e-01, ⟨Jf⟩=4.5e-02, ⟨B·n⟩=5.2e-02, Len=sum([5.6, 5.4, 5.8])=16.8, ϰ=[6.3, 6.6, 12.3], ∫ϰ²/L>=[3.8, 3.3, 4.0], C-C-Sep=0.06, ║∇J║=1.1e+01
-----On 18/20 Initial Guess Perturbations
err -1.72841141576896e-05
Iteration 8/2000-----
J=3.5e-01, ⟨Jf⟩=4.5e-02, ⟨B·n⟩=5.2e-02, Len=sum([5.6, 5.4, 5.8])=16.8, ϰ=[6.3, 6.6, 12.3], ∫ϰ²/L>=[3.8, 3.3, 4.0], C-C-Sep=0.06, ║∇J║=1.1e+01
-----On 18/20 Initial Guess Perturbations
slurmstepd: error: *** JOB 65237867 ON cm031 CANCELLED AT 2025-08-20T01:19:01 ***
