Running initial guess perturbation 4
Coil 0: RMS error: 0.000005, Relative: 0.000003
Max point error: 0.000022, Min point error: 0.000000
Coil 1: RMS error: 0.000004, Relative: 0.000002
Max point error: 0.000032, Min point error: 0.000000
Coil 2: RMS error: 0.000004, Relative: 0.000002
Max point error: 0.000022, Min point error: 0.000000
Overall fit errors: [4.755465598474854e-06, 4.093309562341384e-06, 4.197012476546935e-06]
Mean fit error: 0.000004

################################################################################
### Perform a Taylor test ######################################################
################################################################################

Iteration 1/2000-----
J=7.4e-01, ⟨Jf⟩=5.0e-02, ⟨B·n⟩=5.5e-02, Len=sum([5.3, 5.5, 5.4])=16.2, ϰ=[11.4, 6.4, 10.6], ∫ϰ²/L>=[5.8, 3.3, 4.4], C-C-Sep=0.03, ║∇J║=1.7e+01
-----On 5/20 Initial Guess Perturbations
Iteration 2/2000-----
J=7.4e-01, ⟨Jf⟩=5.0e-02, ⟨B·n⟩=5.5e-02, Len=sum([5.3, 5.5, 5.4])=16.2, ϰ=[12.9, 8.0, 11.1], ∫ϰ²/L>=[8.4, 5.1, 6.9], C-C-Sep=0.03, ║∇J║=1.8e+01
-----On 5/20 Initial Guess Perturbations
Iteration 3/2000-----
J=7.4e-01, ⟨Jf⟩=5.0e-02, ⟨B·n⟩=5.5e-02, Len=sum([5.3, 5.5, 5.4])=16.2, ϰ=[13.9, 6.8, 10.3], ∫ϰ²/L>=[8.2, 4.9, 6.9], C-C-Sep=0.03, ║∇J║=1.7e+01
-----On 5/20 Initial Guess Perturbations
err -0.13994491120662644
Iteration 4/2000-----
J=7.4e-01, ⟨Jf⟩=5.0e-02, ⟨B·n⟩=5.5e-02, Len=sum([5.3, 5.5, 5.4])=16.2, ϰ=[11.4, 6.3, 10.6], ∫ϰ²/L>=[5.8, 3.3, 4.5], C-C-Sep=0.03, ║∇J║=1.7e+01
-----On 5/20 Initial Guess Perturbations
Iteration 5/2000-----
J=7.4e-01, ⟨Jf⟩=5.0e-02, ⟨B·n⟩=5.5e-02, Len=sum([5.3, 5.5, 5.4])=16.2, ϰ=[11.5, 6.4, 10.5], ∫ϰ²/L>=[5.8, 3.3, 4.5], C-C-Sep=0.03, ║∇J║=1.7e+01
-----On 5/20 Initial Guess Perturbations
err -0.0015469712584947892
slurmstepd: error: *** JOB 65237854 ON cl004 CANCELLED AT 2025-08-20T01:19:01 ***
